Archive member included to satisfy reference by file (symbol)

D:\SDK_1.0.3_NUCLEO-F401RE\lib_stm\libLibraries.a(system_stm32f4xx.o)
                              ./Src/main.o (SystemCoreClockUpdate)
D:\SDK_1.0.3_NUCLEO-F401RE\lib_stm\libLibraries.a(stm32f401re_gpio.o)
                              ./Src/main.o (GPIO_Init)
D:\SDK_1.0.3_NUCLEO-F401RE\lib_stm\libLibraries.a(stm32f401re_i2c.o)
                              ./Src/main.o (I2C_Init)
D:\SDK_1.0.3_NUCLEO-F401RE\lib_stm\libLibraries.a(stm32f401re_rcc.o)
                              D:\SDK_1.0.3_NUCLEO-F401RE\lib_stm\libLibraries.a(stm32f401re_i2c.o) (RCC_GetClocksFreq)
D:\SDK_1.0.3_NUCLEO-F401RE\lib_stm\libLibraries.a(timer.o)
                              ./Src/main.o (TimerInit)
D:\SDK_1.0.3_NUCLEO-F401RE\lib_stm\libLibraries.a(temhumsensor.o)
                              ./Src/main.o (TemHumSensor_Init)
D:\SDK_1.0.3_NUCLEO-F401RE\lib_stm\libLibraries.a(serial.o)
                              D:\SDK_1.0.3_NUCLEO-F401RE\lib_stm\libLibraries.a(temhumsensor.o) (Serial_SendPacket)
D:\SDK_1.0.3_NUCLEO-F401RE\lib_stm\libLibraries.a(Ucglib.o)
                              ./Src/main.o (Ucglib4WireSWSPI_begin)
D:\SDK_1.0.3_NUCLEO-F401RE\lib_stm\libLibraries.a(ucg_box.o)
                              ./Src/main.o (ucg_ClearScreen)
D:\SDK_1.0.3_NUCLEO-F401RE\lib_stm\libLibraries.a(ucg_ccs.o)
                              D:\SDK_1.0.3_NUCLEO-F401RE\lib_stm\libLibraries.a(ucg_box.o) (ucg_ccs_init)
D:\SDK_1.0.3_NUCLEO-F401RE\lib_stm\libLibraries.a(ucg_circle.o)
                              D:\SDK_1.0.3_NUCLEO-F401RE\lib_stm\libLibraries.a(ucg_box.o) (ucg_DrawCircle)
D:\SDK_1.0.3_NUCLEO-F401RE\lib_stm\libLibraries.a(ucg_dev_default_cb.o)
                              D:\SDK_1.0.3_NUCLEO-F401RE\lib_stm\libLibraries.a(Ucglib.o) (ucg_dev_default_cb)
D:\SDK_1.0.3_NUCLEO-F401RE\lib_stm\libLibraries.a(ucg_dev_ic_st7735.o)
                              D:\SDK_1.0.3_NUCLEO-F401RE\lib_stm\libLibraries.a(Ucglib.o) (ucg_ext_st7735_18)
D:\SDK_1.0.3_NUCLEO-F401RE\lib_stm\libLibraries.a(ucg_dev_msg_api.o)
                              D:\SDK_1.0.3_NUCLEO-F401RE\lib_stm\libLibraries.a(ucg_box.o) (ucg_SetMaxClipRange)
D:\SDK_1.0.3_NUCLEO-F401RE\lib_stm\libLibraries.a(ucg_dev_tft_128x128_st7735.o)
                              D:\SDK_1.0.3_NUCLEO-F401RE\lib_stm\libLibraries.a(Ucglib.o) (ucg_dev_st7735_18x128x128)
D:\SDK_1.0.3_NUCLEO-F401RE\lib_stm\libLibraries.a(ucg_font.o)
                              D:\SDK_1.0.3_NUCLEO-F401RE\lib_stm\libLibraries.a(Ucglib.o) (ucg_SetFontMode)
D:\SDK_1.0.3_NUCLEO-F401RE\lib_stm\libLibraries.a(ucg_init.o)
                              D:\SDK_1.0.3_NUCLEO-F401RE\lib_stm\libLibraries.a(Ucglib.o) (ucg_Init)
D:\SDK_1.0.3_NUCLEO-F401RE\lib_stm\libLibraries.a(ucg_line.o)
                              D:\SDK_1.0.3_NUCLEO-F401RE\lib_stm\libLibraries.a(ucg_font.o) (ucg_Draw90Line)
D:\SDK_1.0.3_NUCLEO-F401RE\lib_stm\libLibraries.a(ucg_pixel.o)
                              ./Src/main.o (ucg_SetColor)
D:\SDK_1.0.3_NUCLEO-F401RE\lib_stm\libLibraries.a(ucg_pixel_font_data.o)
                              ./Src/main.o (ucg_font_ncenR12_hr)
D:\SDK_1.0.3_NUCLEO-F401RE\lib_stm\libLibraries.a(ucg_rotate.o)
                              ./Src/main.o (ucg_SetRotate180)
D:\SDK_1.0.3_NUCLEO-F401RE\lib_stm\libLibraries.a(misc.o)
                              D:\SDK_1.0.3_NUCLEO-F401RE\lib_stm\libLibraries.a(serial.o) (NVIC_PriorityGroupConfig)
D:\SDK_1.0.3_NUCLEO-F401RE\lib_stm\libLibraries.a(stm32f401re_usart.o)
                              D:\SDK_1.0.3_NUCLEO-F401RE\lib_stm\libLibraries.a(serial.o) (USART_Init)
D:\SDK_1.0.3_NUCLEO-F401RE\lib_stm\libLibraries.a(ucg_clip.o)
                              D:\SDK_1.0.3_NUCLEO-F401RE\lib_stm\libLibraries.a(ucg_dev_ic_st7735.o) (ucg_clip_is_pixel_visible)
D:\SDK_1.0.3_NUCLEO-F401RE\lib_stm\libLibraries.a(ucg_com_msg_api.o)
                              D:\SDK_1.0.3_NUCLEO-F401RE\lib_stm\libLibraries.a(ucg_dev_ic_st7735.o) (ucg_com_PowerUp)
D:/STM32CubeIDE_1.14.1/STM32CubeIDE/plugins/com.st.stm32cube.ide.mcu.externaltools.gnu-tools-for-stm32.11.3.rel1.win32_1.1.100.202309141235/tools/bin/../lib/gcc/arm-none-eabi/11.3.1/../../../../arm-none-eabi/lib/thumb/v7e-m+fp/hard\libc_nano.a(libc_a-exit.o)
                              D:/STM32CubeIDE_1.14.1/STM32CubeIDE/plugins/com.st.stm32cube.ide.mcu.externaltools.gnu-tools-for-stm32.11.3.rel1.win32_1.1.100.202309141235/tools/bin/../lib/gcc/arm-none-eabi/11.3.1/../../../../arm-none-eabi/lib/thumb/v7e-m+fp/hard/crt0.o (exit)
D:/STM32CubeIDE_1.14.1/STM32CubeIDE/plugins/com.st.stm32cube.ide.mcu.externaltools.gnu-tools-for-stm32.11.3.rel1.win32_1.1.100.202309141235/tools/bin/../lib/gcc/arm-none-eabi/11.3.1/../../../../arm-none-eabi/lib/thumb/v7e-m+fp/hard\libc_nano.a(libc_a-findfp.o)
[...]
Memory Configuration

Name             Origin             Length             Attributes
RAM              0x0000000020000000 0x0000000000018000 xrw
FLASH            0x0000000008000000 0x0000000000080000 xr
*default*        0x0000000000000000 0xffffffffffffffff

Linker script and memory map

LOAD D:/STM32CubeIDE_1.14.1/STM32CubeIDE/plugins/com.st.stm32cube.ide.mcu.externaltools.gnu-tools-for-stm32.11.3.rel1.win32_1.1.100.202309141235/tools/bin/../lib/gcc/arm-none-eabi/11.3.1/thumb/v7e-m+fp/hard/crti.o
LOAD D:/STM32CubeIDE_1.14.1/STM32CubeIDE/plugins/com.st.stm32cube.ide.mcu.externaltools.gnu-tools-for-stm32.11.3.rel1.win32_1.1.100.202309141235/tools/bin/../lib/gcc/arm-none-eabi/11.3.1/thumb/v7e-m+fp/hard/crtbegin.o
LOAD D:/STM32CubeIDE_1.14.1/STM32CubeIDE/plugins/com.st.stm32cube.ide.mcu.externaltools.gnu-tools-for-stm32.11.3.rel1.win32_1.1.100.202309141235/tools/bin/../lib/gcc/arm-none-eabi/11.3.1/../../../../arm-none-eabi/lib/thumb/v7e-m+fp/hard/crt0.o
LOAD ./SDK_1.0.3_NUCLEO-F401RE/shared/Utilities/buff.o
LOAD ./SDK_1.0.3_NUCLEO-F401RE/shared/Utilities/utilities.o
LOAD ./Src/main.o
LOAD ./Src/syscalls.o
LOAD ./Src/sysmem.o
LOAD ./Startup/startup_stm32f401retx.o
LOAD D:\SDK_1.0.3_NUCLEO-F401RE\lib_stm\libLibraries.a
START GROUP
LOAD D:/STM32CubeIDE_1.14.1/STM32CubeIDE/plugins/com.st.stm32cube.ide.mcu.externaltools.gnu-tools-for-stm32.11.3.rel1.win32_1.1.100.202309141235/tools/bin/../lib/gcc/arm-none-eabi/11.3.1/../../../../arm-none-eabi/lib/thumb/v7e-m+fp/hard\libc_nano.a
LOAD D:/STM32CubeIDE_1.14.1/STM32CubeIDE/plugins/com.st.stm32cube.ide.mcu.externaltools.gnu-tools-for-stm32.11.3.rel1.win32_1.1.100.202309141235/tools/bin/../lib/gcc/arm-none-eabi/11.3.1/../../../../arm-none-eabi/lib/thumb/v7e-m+fp/hard\libm.a
END GROUP
START GROUP
LOAD D:/STM32CubeIDE_1.14.1/STM32CubeIDE/plugins/com.st.stm32cube.ide.mcu.externaltools.gnu-tools-for-stm32.11.3.rel1.win32_1.1.100.202309141235/tools/bin/../lib/gcc/arm-none-eabi/11.3.1/thumb/v7e-m+fp/hard\libgcc.a
LOAD D:/STM32CubeIDE_1.14.1/STM32CubeIDE/plugins/com.st.stm32cube.ide.mcu.externaltools.gnu-tools-for-stm32.11.3.rel1.win32_1.1.100.202309141235/tools/bin/../lib/gcc/arm-none-eabi/11.3.1/../../../../arm-none-eabi/lib/thumb/v7e-m+fp/hard\libc_nano.a
END GROUP
START GROUP
LOAD D:/STM32CubeIDE_1.14.1/STM32CubeIDE/plugins/com.st.stm32cube.ide.mcu.externaltools.gnu-tools-for-stm32.11.3.rel1.win32_1.1.100.202309141235/tools/bin/../lib/gcc/arm-none-eabi/11.3.1/thumb/v7e-m+fp/hard\libgcc.a
LOAD D:/STM32CubeIDE_1.14.1/STM32CubeIDE/plugins/com.st.stm32cube.ide.mcu.externaltools.gnu-tools-for-stm32.11.3.rel1.win32_1.1.100.202309141235/tools/bin/../lib/gcc/arm-none-eabi/11.3.1/../../../../arm-none-eabi/lib/thumb/v7e-m+fp/hard\libc_nano.a
LOAD D:/STM32CubeIDE_1.14.1/STM32CubeIDE/plugins/com.st.stm32cube.ide.mcu.externaltools.gnu-tools-for-stm32.11.3.rel1.win32_1.1.100.202309141235/tools/bin/../lib/gcc/arm-none-eabi/11.3.1/../../../../arm-none-eabi/lib/thumb/v7e-m+fp/hard\libnosys.a
END GROUP
START GROUP
LOAD D:/STM32CubeIDE_1.14.1/STM32CubeIDE/plugins/com.st.stm32cube.ide.mcu.externaltools.gnu-tools-for-stm32.11.3.rel1.win32_1.1.100.202309141235/tools/bin/../lib/gcc/arm-none-eabi/11.3.1/thumb/v7e-m+fp/hard\libgcc.a
LOAD D:/STM32CubeIDE_1.14.1/STM32CubeIDE/plugins/com.st.stm32cube.ide.mcu.externaltools.gnu-tools-for-stm32.11.3.rel1.win32_1.1.100.202309141235/tools/bin/../lib/gcc/arm-none-eabi/11.3.1/../../../../arm-none-eabi/lib/thumb/v7e-m+fp/hard\libc_nano.a
LOAD D:/STM32CubeIDE_1.14.1/STM32CubeIDE/plugins/com.st.stm32cube.ide.mcu.externaltools.gnu-tools-for-stm32.11.3.rel1.win32_1.1.100.202309141235/tools/bin/../lib/gcc/arm-none-eabi/11.3.1/../../../../arm-none-eabi/lib/thumb/v7e-m+fp/hard\libnosys.a
END GROUP
LOAD D:/STM32CubeIDE_1.14.1/STM32CubeIDE/plugins/com.st.stm32cube.ide.mcu.externaltools.gnu-tools-for-stm32.11.3.rel1.win32_1.1.100.202309141235/tools/bin/../lib/gcc/arm-none-eabi/11.3.1/thumb/v7e-m+fp/hard/crtend.o
LOAD D:/STM32CubeIDE_1.14.1/STM32CubeIDE/plugins/com.st.stm32cube.ide.mcu.externaltools.gnu-tools-for-stm32.11.3.rel1.win32_1.1.100.202309141235/tools/bin/../lib/gcc/arm-none-eabi/11.3.1/thumb/v7e-m+fp/hard/crtn.o
                0x0000000020018000                _estack = (ORIGIN (RAM) + LENGTH (RAM))
                0x0000000000000200                _Min_Heap_Size = 0x200
                0x0000000000000400                _Min_Stack_Size = 0x400

.isr_vector     0x0000000008000000      0x194
                0x0000000008000000                . = ALIGN (0x4)
 *(.isr_vector)
 .isr_vector    0x0000000008000000      0x194 ./Startup/startup_stm32f401retx.o
                0x0000000008000000                g_pfnVectors
                0x0000000008000194                . = ALIGN (0x4)

.text           0x00000000080001a0     0x4c0c
                0x00000000080001a0                . = ALIGN (0x4)
 *(.text)
 .text          0x00000000080001a0       0x40 D:/STM32CubeIDE_1.14.1/STM32CubeIDE/plugins/com.st.stm32cube.ide.mcu.externaltools.gnu-tools-for-stm32.11.3.rel1.win32_1.1.100.202309141235/tools/bin/../lib/gcc/arm-none-eabi/11.3.1/thumb/v7e-m+fp/hard/crtbegin.o
 .text          0x00000000080001e0       0xa0 D:/STM32CubeIDE_1.14.1/STM32CubeIDE/plugins/com.st.stm32cube.ide.mcu.externaltools.gnu-tools-for-stm32.11.3.rel1.win32_1.1.100.202309141235/tools/bin/../lib/gcc/arm-none-eabi/11.3.1/../../../../arm-none-eabi/lib/thumb/v7e-m+fp/hard\libc_nano.a(libc_a-memchr.o)
                0x00000000080001e0                memchr
 *(.text*)
 .text.bufInit  0x0000000008000280       0x36 ./SDK_1.0.3_NUCLEO-F401RE/shared/Utilities/buff.o
                0x0000000008000280                bufInit
 .text.bufNumItems
                0x00000000080002b6       0x18 ./SDK_1.0.3_NUCLEO-F401RE/shared/Utilities/buff.o
                0x00000000080002b6                bufNumItems
 .text.bufIsFull
                0x00000000080002ce       0x26 ./SDK_1.0.3_NUCLEO-F401RE/shared/Utilities/buff.o
                0x00000000080002ce                bufIsFull
 .text.bufIsEmpty
                0x00000000080002f4       0x26 ./SDK_1.0.3_NUCLEO-F401RE/shared/Utilities/buff.o
                0x00000000080002f4                bufIsEmpty
 .text.bufFlush
                0x000000000800031a       0x32 ./SDK_1.0.3_NUCLEO-F401RE/shared/Utilities/buff.o
                0x000000000800031a                bufFlush
 .text.bufEnDat
                0x000000000800034c       0xa0 ./SDK_1.0.3_NUCLEO-F401RE/shared/Utilities/buff.o
                0x000000000800034c                bufEnDat
 .text.bufDeDat
                0x00000000080003ec       0x8a ./SDK_1.0.3_NUCLEO-F401RE/shared/Utilities/buff.o
                0x00000000080003ec                bufDeDat
 .text.memsetl  0x0000000008000476       0x34 ./SDK_1.0.3_NUCLEO-F401RE/shared/Utilities/utilities.o
                0x0000000008000476                memsetl
 *fill*         0x00000000080004aa        0x2 
 .text.LEDRED_init
                0x00000000080004ac       0x3c ./Src/main.o
 .text.LEDBLUE_init
                0x00000000080004e8       0x3c ./Src/main.o
 .text.LEDGREEN_init
                0x0000000008000524       0x3c ./Src/main.o
 .text.LEDGREEN2_init
                0x0000000008000560       0x38 ./Src/main.o
 .text.LEDREDControl_SetStatus
                0x0000000008000598       0x34 ./Src/main.o
 .text.LEDBLUEControl_SetStatus
                0x00000000080005cc       0x34 ./Src/main.o
 .text.LEDGREENControl_SetStatus
                0x0000000008000600       0x34 ./Src/main.o
 .text.delay    0x0000000008000634       0x2c ./Src/main.o
                0x0000000008000634                delay
 .text.button_Init
                0x0000000008000660       0x34 ./Src/main.o
 .text.button4_Init
                0x0000000008000694       0x34 ./Src/main.o
 .text.button5_Init
                0x00000000080006c8       0x34 ./Src/main.o
 .text.button3_Init
                0x00000000080006fc       0x34 ./Src/main.o
 .text.ButtonRead_Status
                0x0000000008000730       0x34 ./Src/main.o
 .text.Button4Read_Status
                0x0000000008000764       0x34 ./Src/main.o
 .text.buzzer_Init
                0x0000000008000798       0x3c ./Src/main.o
 .text.buzzerControlSetStatus
                0x00000000080007d4       0x34 ./Src/main.o
 .text.main     0x0000000008000808      0x138 ./Src/main.o
                0x0000000008000808                main
 .text.delay_ms
                0x0000000008000940       0x30 ./Src/main.o
                0x0000000008000940                delay_ms
 .text.CalculatorTime
                0x0000000008000970       0x34 ./Src/main.o
                0x0000000008000970                CalculatorTime
 .text.AppCommon
                0x00000000080009a4       0x7c ./Src/main.o
 .text.SPI1_Init
                0x0000000008000a20       0x60 ./Src/main.o
 .text.I2C_Init_temphumi
                0x0000000008000a80       0x94 ./Src/main.o
 .text.I2C_start
                0x0000000008000b14       0x3c ./Src/main.o
                0x0000000008000b14                I2C_start
 .text.I2C_address_direction
                0x0000000008000b50       0x60 ./Src/main.o
                0x0000000008000b50                I2C_address_direction
 .text.I2C_transmit
                0x0000000008000bb0       0x38 ./Src/main.o
                0x0000000008000bb0                I2C_transmit
 .text.I2C_stop
                0x0000000008000be8       0x14 ./Src/main.o
                0x0000000008000be8                I2C_stop
 .text.I2C_receive_nack
                0x0000000008000bfc       0x30 ./Src/main.o
                0x0000000008000bfc                I2C_receive_nack
 .text.I2C_receive_ack
                0x0000000008000c2c       0x30 ./Src/main.o
                0x0000000008000c2c                I2C_receive_ack
 .text.TemHumSensor_readRegister
                0x0000000008000c5c       0xba ./Src/main.o
 *fill*         0x0000000008000d16        0x2 
 .text.GetTemp_Sensor
                0x0000000008000d18       0x64 ./Src/main.o
                0x0000000008000d18                GetTemp_Sensor
 .text.GetHumi_Sensor
                0x0000000008000d7c       0x64 ./Src/main.o
                0x0000000008000d7c                GetHumi_Sensor
 .text.processGetValueSensor
                0x0000000008000de0      0x1a4 ./Src/main.o
                0x0000000008000de0                processGetValueSensor
 .text.Scan_SensorLCD
                0x0000000008000f84       0x8c ./Src/main.o
                0x0000000008000f84                Scan_SensorLCD
 .text.Scan_TimeSensor
                0x0000000008001010       0x48 ./Src/main.o
                0x0000000008001010                Scan_TimeSensor
 .text._sbrk    0x0000000008001058       0x6c ./Src/sysmem.o
                0x0000000008001058                _sbrk
 .text.Reset_Handler
                0x00000000080010c4       0x50 ./Startup/startup_stm32f401retx.o
                0x00000000080010c4                Reset_Handler
 .text.Default_Handler
                0x0000000008001114        0x2 ./Startup/startup_stm32f401retx.o
                0x0000000008001114                EXTI2_IRQHandler
                0x0000000008001114                DebugMon_Handler
                0x0000000008001114                SPI4_IRQHandler
                0x0000000008001114                TIM1_CC_IRQHandler
                0x0000000008001114                DMA2_Stream5_IRQHandler
                0x0000000008001114                HardFault_Handler
                0x0000000008001114                DMA1_Stream5_IRQHandler
                0x0000000008001114                SDIO_IRQHandler
                0x0000000008001114                TAMP_STAMP_IRQHandler
                0x0000000008001114                PendSV_Handler
                0x0000000008001114                NMI_Handler
                0x0000000008001114                EXTI3_IRQHandler
                0x0000000008001114                TIM1_UP_TIM10_IRQHandler
                0x0000000008001114                I2C3_ER_IRQHandler
                0x0000000008001114                EXTI18_OTG_FS_WKUP_IRQHandler
                0x0000000008001114                EXTI0_IRQHandler
                0x0000000008001114                I2C2_EV_IRQHandler
                0x0000000008001114                DMA1_Stream2_IRQHandler
                0x0000000008001114                UsageFault_Handler
                0x0000000008001114                DMA2_Stream2_IRQHandler
                0x0000000008001114                SPI1_IRQHandler
                0x0000000008001114                TIM1_BRK_TIM9_IRQHandler
                0x0000000008001114                DMA2_Stream3_IRQHandler
                0x0000000008001114                USART6_IRQHandler
                0x0000000008001114                DMA2_Stream0_IRQHandler
                0x0000000008001114                TIM4_IRQHandler
                0x0000000008001114                I2C1_EV_IRQHandler
                0x0000000008001114                DMA1_Stream6_IRQHandler
                0x0000000008001114                DMA1_Stream1_IRQHandler
                0x0000000008001114                TIM3_IRQHandler
                0x0000000008001114                RCC_IRQHandler
                0x0000000008001114                Default_Handler
                0x0000000008001114                EXTI15_10_IRQHandler
                0x0000000008001114                ADC_IRQHandler
                0x0000000008001114                DMA1_Stream7_IRQHandler
                0x0000000008001114                TIM5_IRQHandler
                0x0000000008001114                DMA2_Stream7_IRQHandler
                0x0000000008001114                I2C3_EV_IRQHandler
                0x0000000008001114                EXTI9_5_IRQHandler
                0x0000000008001114                SPI2_IRQHandler
                0x0000000008001114                MemManage_Handler
                0x0000000008001114                DMA1_Stream0_IRQHandler
                0x0000000008001114                SVC_Handler
                0x0000000008001114                EXTI4_IRQHandler
                0x0000000008001114                EXTI22_RTC_WKUP_IRQHandler
                0x0000000008001114                TIM2_IRQHandler
                0x0000000008001114                EXTI16_PVD_IRQHandler
                0x0000000008001114                TIM1_TRG_COM_TIM11_IRQHandler
                0x0000000008001114                EXTI1_IRQHandler
                0x0000000008001114                EXTI17_RTC_Alarm_IRQHandler
                0x0000000008001114                I2C2_ER_IRQHandler
                0x0000000008001114                DMA2_Stream1_IRQHandler
                0x0000000008001114                FLASH_IRQHandler
                0x0000000008001114                DMA2_Stream4_IRQHandler
                0x0000000008001114                BusFault_Handler
                0x0000000008001114                USART1_IRQHandler
                0x0000000008001114                OTG_FS_IRQHandler
                0x0000000008001114                SPI3_IRQHandler
                0x0000000008001114                DMA1_Stream4_IRQHandler
                0x0000000008001114                I2C1_ER_IRQHandler
                0x0000000008001114                DMA2_Stream6_IRQHandler
                0x0000000008001114                DMA1_Stream3_IRQHandler
 *fill*         0x0000000008001116        0x2 
 .text.SystemInit
                0x0000000008001118       0x6c D:\SDK_1.0.3_NUCLEO-F401RE\lib_stm\libLibraries.a(system_stm32f4xx.o)
                0x0000000008001118                SystemInit
 .text.SystemCoreClockUpdate
                0x0000000008001184       0xf8 D:\SDK_1.0.3_NUCLEO-F401RE\lib_stm\libLibraries.a(system_stm32f4xx.o)
                0x0000000008001184                SystemCoreClockUpdate
 .text.SetSysClock
                0x000000000800127c       0xa0 D:\SDK_1.0.3_NUCLEO-F401RE\lib_stm\libLibraries.a(system_stm32f4xx.o)
 .text.GPIO_Init
                0x000000000800131c      0x11c D:\SDK_1.0.3_NUCLEO-F401RE\lib_stm\libLibraries.a(stm32f401re_gpio.o)
                0x000000000800131c                GPIO_Init
 .text.GPIO_WriteBit
                0x0000000008001438       0x30 D:\SDK_1.0.3_NUCLEO-F401RE\lib_stm\libLibraries.a(stm32f401re_gpio.o)
                0x0000000008001438                GPIO_WriteBit
 .text.GPIO_PinAFConfig
                0x0000000008001468       0x92 D:\SDK_1.0.3_NUCLEO-F401RE\lib_stm\libLibraries.a(stm32f401re_gpio.o)
                0x0000000008001468                GPIO_PinAFConfig
 *fill*         0x00000000080014fa        0x2 
 .text.I2C_Init
                0x00000000080014fc      0x184 D:\SDK_1.0.3_NUCLEO-F401RE\lib_stm\libLibraries.a(stm32f401re_i2c.o)
                0x00000000080014fc                I2C_Init
 .text.I2C_Cmd  0x0000000008001680       0x40 D:\SDK_1.0.3_NUCLEO-F401RE\lib_stm\libLibraries.a(stm32f401re_i2c.o)
                0x0000000008001680                I2C_Cmd
 .text.I2C_GenerateSTART
                0x00000000080016c0       0x40 D:\SDK_1.0.3_NUCLEO-F401RE\lib_stm\libLibraries.a(stm32f401re_i2c.o)
                0x00000000080016c0                I2C_GenerateSTART
 .text.I2C_GenerateSTOP
                0x0000000008001700       0x40 D:\SDK_1.0.3_NUCLEO-F401RE\lib_stm\libLibraries.a(stm32f401re_i2c.o)
                0x0000000008001700                I2C_GenerateSTOP
 .text.I2C_Send7bitAddress
                0x0000000008001740       0x3c D:\SDK_1.0.3_NUCLEO-F401RE\lib_stm\libLibraries.a(stm32f401re_i2c.o)
                0x0000000008001740                I2C_Send7bitAddress
 .text.I2C_AcknowledgeConfig
                0x000000000800177c       0x40 D:\SDK_1.0.3_NUCLEO-F401RE\lib_stm\libLibraries.a(stm32f401re_i2c.o)
                0x000000000800177c                I2C_AcknowledgeConfig
 .text.I2C_SendData
                0x00000000080017bc       0x20 D:\SDK_1.0.3_NUCLEO-F401RE\lib_stm\libLibraries.a(stm32f401re_i2c.o)
                0x00000000080017bc                I2C_SendData
 .text.I2C_ReceiveData
                0x00000000080017dc       0x1c D:\SDK_1.0.3_NUCLEO-F401RE\lib_stm\libLibraries.a(stm32f401re_i2c.o)
                0x00000000080017dc                I2C_ReceiveData
 .text.I2C_CheckEvent
                0x00000000080017f8       0x60 D:\SDK_1.0.3_NUCLEO-F401RE\lib_stm\libLibraries.a(stm32f401re_i2c.o)
                0x00000000080017f8                I2C_CheckEvent
 .text.I2C_GetFlagStatus
                0x0000000008001858       0x66 D:\SDK_1.0.3_NUCLEO-F401RE\lib_stm\libLibraries.a(stm32f401re_i2c.o)
                0x0000000008001858                I2C_GetFlagStatus
 *fill*         0x00000000080018be        0x2 
 .text.RCC_GetClocksFreq
                0x00000000080018c0      0x150 D:\SDK_1.0.3_NUCLEO-F401RE\lib_stm\libLibraries.a(stm32f401re_rcc.o)
                0x00000000080018c0                RCC_GetClocksFreq
 .text.RCC_AHB1PeriphClockCmd
                0x0000000008001a10       0x40 D:\SDK_1.0.3_NUCLEO-F401RE\lib_stm\libLibraries.a(stm32f401re_rcc.o)
                0x0000000008001a10                RCC_AHB1PeriphClockCmd
 .text.RCC_APB1PeriphClockCmd
                0x0000000008001a50       0x40 D:\SDK_1.0.3_NUCLEO-F401RE\lib_stm\libLibraries.a(stm32f401re_rcc.o)
                0x0000000008001a50                RCC_APB1PeriphClockCmd
 .text.NVIC_SetPriority
                0x0000000008001a90       0x54 D:\SDK_1.0.3_NUCLEO-F401RE\lib_stm\libLibraries.a(timer.o)
 .text.SysTick_Config
                0x0000000008001ae4       0x44 D:\SDK_1.0.3_NUCLEO-F401RE\lib_stm\libLibraries.a(timer.o)
 .text.TimerInit
                0x0000000008001b28       0x44 D:\SDK_1.0.3_NUCLEO-F401RE\lib_stm\libLibraries.a(timer.o)
                0x0000000008001b28                TimerInit
 .text.TimerStart
                0x0000000008001b6c       0xc4 D:\SDK_1.0.3_NUCLEO-F401RE\lib_stm\libLibraries.a(timer.o)
                0x0000000008001b6c                TimerStart
 .text.TimerStop
                0x0000000008001c30       0xa0 D:\SDK_1.0.3_NUCLEO-F401RE\lib_stm\libLibraries.a(timer.o)
                0x0000000008001c30                TimerStop
 .text.GetMilSecTick
                0x0000000008001cd0       0x18 D:\SDK_1.0.3_NUCLEO-F401RE\lib_stm\libLibraries.a(timer.o)
                0x0000000008001cd0                GetMilSecTick
 .text.processTimerScheduler
                0x0000000008001ce8       0xf0 D:\SDK_1.0.3_NUCLEO-F401RE\lib_stm\libLibraries.a(timer.o)
                0x0000000008001ce8                processTimerScheduler
 .text.TimeExpired
                0x0000000008001dd8       0xcc D:\SDK_1.0.3_NUCLEO-F401RE\lib_stm\libLibraries.a(timer.o)
 .text.SysTick_Handler
                0x0000000008001ea4       0x1c D:\SDK_1.0.3_NUCLEO-F401RE\lib_stm\libLibraries.a(timer.o)
                0x0000000008001ea4                SysTick_Handler
 .text.TemHumSensor_Init
                0x0000000008001ec0        0xc D:\SDK_1.0.3_NUCLEO-F401RE\lib_stm\libLibraries.a(temhumsensor.o)
                0x0000000008001ec0                TemHumSensor_Init
 .text.i2c_config
                0x0000000008001ecc       0x94 D:\SDK_1.0.3_NUCLEO-F401RE\lib_stm\libLibraries.a(temhumsensor.o)
                0x0000000008001ecc                i2c_config
 .text.USART2_IRQHandler
                0x0000000008001f60       0x50 D:\SDK_1.0.3_NUCLEO-F401RE\lib_stm\libLibraries.a(serial.o)
                0x0000000008001f60                USART2_IRQHandler
 .text.delayMicroseconds
                0x0000000008001fb0       0x14 D:\SDK_1.0.3_NUCLEO-F401RE\lib_stm\libLibraries.a(Ucglib.o)
 .text.ucg_gpio_init
                0x0000000008001fc4       0x60 D:\SDK_1.0.3_NUCLEO-F401RE\lib_stm\libLibraries.a(Ucglib.o)
 .text.ucg_com_arduino_send_generic_SW_SPI
                0x0000000008002024       0x74 D:\SDK_1.0.3_NUCLEO-F401RE\lib_stm\libLibraries.a(Ucglib.o)
 .text.ucg_com_arduino_generic_SW_SPI
                0x0000000008002098      0x1ec D:\SDK_1.0.3_NUCLEO-F401RE\lib_stm\libLibraries.a(Ucglib.o)
 .text.Ucglib4WireSWSPI_begin
                0x0000000008002284       0x38 D:\SDK_1.0.3_NUCLEO-F401RE\lib_stm\libLibraries.a(Ucglib.o)
                0x0000000008002284                Ucglib4WireSWSPI_begin
 .text.ucg_DrawBox
                0x00000000080022bc       0x56 D:\SDK_1.0.3_NUCLEO-F401RE\lib_stm\libLibraries.a(ucg_box.o)
                0x00000000080022bc                ucg_DrawBox
 .text.ucg_ClearScreen
                0x0000000008002312       0x50 D:\SDK_1.0.3_NUCLEO-F401RE\lib_stm\libLibraries.a(ucg_box.o)
                0x0000000008002312                ucg_ClearScreen
 .text.ucg_ccs_init
                0x0000000008002362       0xc0 D:\SDK_1.0.3_NUCLEO-F401RE\lib_stm\libLibraries.a(ucg_ccs.o)
                0x0000000008002362                ucg_ccs_init
 .text.ucg_ccs_step
                0x0000000008002422       0x80 D:\SDK_1.0.3_NUCLEO-F401RE\lib_stm\libLibraries.a(ucg_ccs.o)
                0x0000000008002422                ucg_ccs_step
 .text.ucg_ccs_seek
                0x00000000080024a2       0xca D:\SDK_1.0.3_NUCLEO-F401RE\lib_stm\libLibraries.a(ucg_ccs.o)
                0x00000000080024a2                ucg_ccs_seek
 .text.ucg_dev_default_cb
                0x000000000800256c       0x44 D:\SDK_1.0.3_NUCLEO-F401RE\lib_stm\libLibraries.a(ucg_dev_default_cb.o)
                0x000000000800256c                ucg_dev_default_cb
 .text.ucg_ext_none
                0x00000000080025b0       0x1c D:\SDK_1.0.3_NUCLEO-F401RE\lib_stm\libLibraries.a(ucg_dev_default_cb.o)
                0x00000000080025b0                ucg_ext_none
 .text.ucg_handle_st7735_l90fx
                0x00000000080025cc       0xd8 D:\SDK_1.0.3_NUCLEO-F401RE\lib_stm\libLibraries.a(ucg_dev_ic_st7735.o)
                0x00000000080025cc                ucg_handle_st7735_l90fx
 .text.ucg_handle_st7735_l90se
                0x00000000080026a4      0x154 D:\SDK_1.0.3_NUCLEO-F401RE\lib_stm\libLibraries.a(ucg_dev_ic_st7735.o)
                0x00000000080026a4                ucg_handle_st7735_l90se
 .text.ucg_dev_ic_st7735_18
                0x00000000080027f8       0xf8 D:\SDK_1.0.3_NUCLEO-F401RE\lib_stm\libLibraries.a(ucg_dev_ic_st7735.o)
                0x00000000080027f8                ucg_dev_ic_st7735_18
 .text.ucg_ext_st7735_18
                0x00000000080028f0       0x28 D:\SDK_1.0.3_NUCLEO-F401RE\lib_stm\libLibraries.a(ucg_dev_ic_st7735.o)
                0x00000000080028f0                ucg_ext_st7735_18
 .text.ucg_PowerDown
                0x0000000008002918       0x34 D:\SDK_1.0.3_NUCLEO-F401RE\lib_stm\libLibraries.a(ucg_dev_msg_api.o)
                0x0000000008002918                ucg_PowerDown
 .text.ucg_PowerUp
                0x000000000800294c       0x3c D:\SDK_1.0.3_NUCLEO-F401RE\lib_stm\libLibraries.a(ucg_dev_msg_api.o)
                0x000000000800294c                ucg_PowerUp
 .text.ucg_SetClipBox
                0x0000000008002988       0x1e D:\SDK_1.0.3_NUCLEO-F401RE\lib_stm\libLibraries.a(ucg_dev_msg_api.o)
                0x0000000008002988                ucg_SetClipBox
 .text.ucg_SetMaxClipRange
                0x00000000080029a6       0x30 D:\SDK_1.0.3_NUCLEO-F401RE\lib_stm\libLibraries.a(ucg_dev_msg_api.o)
                0x00000000080029a6                ucg_SetMaxClipRange
 .text.ucg_GetDimension
                0x00000000080029d6       0x24 D:\SDK_1.0.3_NUCLEO-F401RE\lib_stm\libLibraries.a(ucg_dev_msg_api.o)
                0x00000000080029d6                ucg_GetDimension
 .text.ucg_DrawL90FXWithArg
                0x00000000080029fa       0x1e D:\SDK_1.0.3_NUCLEO-F401RE\lib_stm\libLibraries.a(ucg_dev_msg_api.o)
                0x00000000080029fa                ucg_DrawL90FXWithArg
 .text.ucg_dev_st7735_18x128x128
                0x0000000008002a18       0x80 D:\SDK_1.0.3_NUCLEO-F401RE\lib_stm\libLibraries.a(ucg_dev_tft_128x128_st7735.o)
                0x0000000008002a18                ucg_dev_st7735_18x128x128
 .text.ucg_font_get_byte
                0x0000000008002a98       0x24 D:\SDK_1.0.3_NUCLEO-F401RE\lib_stm\libLibraries.a(ucg_font.o)
 .text.ucg_font_get_word
                0x0000000008002abc       0x40 D:\SDK_1.0.3_NUCLEO-F401RE\lib_stm\libLibraries.a(ucg_font.o)
 .text.ucg_read_font_info
                0x0000000008002afc      0x142 D:\SDK_1.0.3_NUCLEO-F401RE\lib_stm\libLibraries.a(ucg_font.o)
                0x0000000008002afc                ucg_read_font_info
 .text.ucg_font_decode_get_unsigned_bits
                0x0000000008002c3e       0x96 D:\SDK_1.0.3_NUCLEO-F401RE\lib_stm\libLibraries.a(ucg_font.o)
                0x0000000008002c3e                ucg_font_decode_get_unsigned_bits
 .text.ucg_font_decode_get_signed_bits
                0x0000000008002cd4       0x46 D:\SDK_1.0.3_NUCLEO-F401RE\lib_stm\libLibraries.a(ucg_font.o)
                0x0000000008002cd4                ucg_font_decode_get_signed_bits
 .text.ucg_add_vector_y
                0x0000000008002d1a       0x7a D:\SDK_1.0.3_NUCLEO-F401RE\lib_stm\libLibraries.a(ucg_font.o)
 .text.ucg_add_vector_x
                0x0000000008002d94       0x7a D:\SDK_1.0.3_NUCLEO-F401RE\lib_stm\libLibraries.a(ucg_font.o)
 .text.ucg_font_decode_len
                0x0000000008002e0e      0x118 D:\SDK_1.0.3_NUCLEO-F401RE\lib_stm\libLibraries.a(ucg_font.o)
                0x0000000008002e0e                ucg_font_decode_len
 .text.ucg_font_setup_decode
                0x0000000008002f26       0x64 D:\SDK_1.0.3_NUCLEO-F401RE\lib_stm\libLibraries.a(ucg_font.o)
 .text.ucg_font_decode_glyph
                0x0000000008002f8a      0x14c D:\SDK_1.0.3_NUCLEO-F401RE\lib_stm\libLibraries.a(ucg_font.o)
                0x0000000008002f8a                ucg_font_decode_glyph
 .text.ucg_font_get_glyph_data
                0x00000000080030d6       0x7a D:\SDK_1.0.3_NUCLEO-F401RE\lib_stm\libLibraries.a(ucg_font.o)
                0x00000000080030d6                ucg_font_get_glyph_data
 .text.ucg_font_draw_glyph
                0x0000000008003150       0x62 D:\SDK_1.0.3_NUCLEO-F401RE\lib_stm\libLibraries.a(ucg_font.o)
                0x0000000008003150                ucg_font_draw_glyph
 .text.ucg_SetFontMode
                0x00000000080031b2       0x20 D:\SDK_1.0.3_NUCLEO-F401RE\lib_stm\libLibraries.a(ucg_font.o)
                0x00000000080031b2                ucg_SetFontMode
 *fill*         0x00000000080031d2        0x2 
 .text.ucg_DrawGlyph
                0x00000000080031d4       0xb0 D:\SDK_1.0.3_NUCLEO-F401RE\lib_stm\libLibraries.a(ucg_font.o)
                0x00000000080031d4                ucg_DrawGlyph
 .text.task_drawString
                0x0000000008003284      0x138 D:\SDK_1.0.3_NUCLEO-F401RE\lib_stm\libLibraries.a(ucg_font.o)
                0x0000000008003284                task_drawString
 .text.ucg_DrawString
                0x00000000080033bc       0x78 D:\SDK_1.0.3_NUCLEO-F401RE\lib_stm\libLibraries.a(ucg_font.o)
                0x00000000080033bc                ucg_DrawString
 .text.ucg_UpdateRefHeight
                0x0000000008003434       0xd8 D:\SDK_1.0.3_NUCLEO-F401RE\lib_stm\libLibraries.a(ucg_font.o)
                0x0000000008003434                ucg_UpdateRefHeight
 .text.ucg_font_calc_vref_font
                0x000000000800350c       0x16 D:\SDK_1.0.3_NUCLEO-F401RE\lib_stm\libLibraries.a(ucg_font.o)
                0x000000000800350c                ucg_font_calc_vref_font
 *fill*         0x0000000008003522        0x2 
 .text.ucg_SetFontPosBaseline
                0x0000000008003524       0x20 D:\SDK_1.0.3_NUCLEO-F401RE\lib_stm\libLibraries.a(ucg_font.o)
                0x0000000008003524                ucg_SetFontPosBaseline
 .text.ucg_SetFont
                0x0000000008003544       0x4c D:\SDK_1.0.3_NUCLEO-F401RE\lib_stm\libLibraries.a(ucg_font.o)
                0x0000000008003544                ucg_SetFont
 .text.ucg_init_struct
                0x0000000008003590       0x50 D:\SDK_1.0.3_NUCLEO-F401RE\lib_stm\libLibraries.a(ucg_init.o)
                0x0000000008003590                ucg_init_struct
 .text.ucg_Init
                0x00000000080035e0       0x5c D:\SDK_1.0.3_NUCLEO-F401RE\lib_stm\libLibraries.a(ucg_init.o)
                0x00000000080035e0                ucg_Init
 .text.ucg_Draw90Line
                0x000000000800363c       0x88 D:\SDK_1.0.3_NUCLEO-F401RE\lib_stm\libLibraries.a(ucg_line.o)
                0x000000000800363c                ucg_Draw90Line
 .text.ucg_DrawHLine
                0x00000000080036c4       0x3e D:\SDK_1.0.3_NUCLEO-F401RE\lib_stm\libLibraries.a(ucg_line.o)
                0x00000000080036c4                ucg_DrawHLine
 .text.ucg_SetColor
                0x0000000008003702       0x5c D:\SDK_1.0.3_NUCLEO-F401RE\lib_stm\libLibraries.a(ucg_pixel.o)
                0x0000000008003702                ucg_SetColor
 .text.ucg_UndoRotate
                0x000000000800375e       0x32 D:\SDK_1.0.3_NUCLEO-F401RE\lib_stm\libLibraries.a(ucg_rotate.o)
                0x000000000800375e                ucg_UndoRotate
 .text.ucg_rotate_180_xy
                0x0000000008003790       0x66 D:\SDK_1.0.3_NUCLEO-F401RE\lib_stm\libLibraries.a(ucg_rotate.o)
 *fill*         0x00000000080037f6        0x2 
 .text.ucg_dev_rotate180
                0x00000000080037f8      0x100 D:\SDK_1.0.3_NUCLEO-F401RE\lib_stm\libLibraries.a(ucg_rotate.o)
                0x00000000080037f8                ucg_dev_rotate180
 .text.ucg_SetRotate180
                0x00000000080038f8       0x34 D:\SDK_1.0.3_NUCLEO-F401RE\lib_stm\libLibraries.a(ucg_rotate.o)
                0x00000000080038f8                ucg_SetRotate180
 .text.USART_ReceiveData
                0x000000000800392c       0x20 D:\SDK_1.0.3_NUCLEO-F401RE\lib_stm\libLibraries.a(stm32f401re_usart.o)
                0x000000000800392c                USART_ReceiveData
 .text.USART_GetITStatus
                0x000000000800394c       0xb6 D:\SDK_1.0.3_NUCLEO-F401RE\lib_stm\libLibraries.a(stm32f401re_usart.o)
                0x000000000800394c                USART_GetITStatus
 .text.USART_ClearITPendingBit
                0x0000000008003a02       0x3a D:\SDK_1.0.3_NUCLEO-F401RE\lib_stm\libLibraries.a(stm32f401re_usart.o)
                0x0000000008003a02                USART_ClearITPendingBit
 .text.ucg_clip_is_x_visible
                0x0000000008003a3c       0x4a D:\SDK_1.0.3_NUCLEO-F401RE\lib_stm\libLibraries.a(ucg_clip.o)
 .text.ucg_clip_is_y_visible
                0x0000000008003a86       0x4a D:\SDK_1.0.3_NUCLEO-F401RE\lib_stm\libLibraries.a(ucg_clip.o)
 .text.ucg_clip_intersection
                0x0000000008003ad0       0x74 D:\SDK_1.0.3_NUCLEO-F401RE\lib_stm\libLibraries.a(ucg_clip.o)
 .text.ucg_clip_is_pixel_visible
                0x0000000008003b44       0x32 D:\SDK_1.0.3_NUCLEO-F401RE\lib_stm\libLibraries.a(ucg_clip.o)
                0x0000000008003b44                ucg_clip_is_pixel_visible
 *fill*         0x0000000008003b76        0x2 
 .text.ucg_clip_l90fx
                0x0000000008003b78      0x300 D:\SDK_1.0.3_NUCLEO-F401RE\lib_stm\libLibraries.a(ucg_clip.o)
                0x0000000008003b78                ucg_clip_l90fx
 .text.ucg_clip_l90se
                0x0000000008003e78       0x54 D:\SDK_1.0.3_NUCLEO-F401RE\lib_stm\libLibraries.a(ucg_clip.o)
                0x0000000008003e78                ucg_clip_l90se
 .text.ucg_com_PowerDown
                0x0000000008003ecc       0x3e D:\SDK_1.0.3_NUCLEO-F401RE\lib_stm\libLibraries.a(ucg_com_msg_api.o)
                0x0000000008003ecc                ucg_com_PowerDown
 .text.ucg_com_PowerUp
                0x0000000008003f0a       0x60 D:\SDK_1.0.3_NUCLEO-F401RE\lib_stm\libLibraries.a(ucg_com_msg_api.o)
                0x0000000008003f0a                ucg_com_PowerUp
 .text.ucg_com_SetLineStatus
                0x0000000008003f6a       0xe2 D:\SDK_1.0.3_NUCLEO-F401RE\lib_stm\libLibraries.a(ucg_com_msg_api.o)
                0x0000000008003f6a                ucg_com_SetLineStatus
 .text.ucg_com_SetResetLineStatus
                0x000000000800404c       0x20 D:\SDK_1.0.3_NUCLEO-F401RE\lib_stm\libLibraries.a(ucg_com_msg_api.o)
                0x000000000800404c                ucg_com_SetResetLineStatus
 .text.ucg_com_SetCSLineStatus
                0x000000000800406c       0x20 D:\SDK_1.0.3_NUCLEO-F401RE\lib_stm\libLibraries.a(ucg_com_msg_api.o)
                0x000000000800406c                ucg_com_SetCSLineStatus
 .text.ucg_com_SetCDLineStatus
                0x000000000800408c       0x20 D:\SDK_1.0.3_NUCLEO-F401RE\lib_stm\libLibraries.a(ucg_com_msg_api.o)
                0x000000000800408c                ucg_com_SetCDLineStatus
 .text.ucg_com_DelayMicroseconds
                0x00000000080040ac       0x22 D:\SDK_1.0.3_NUCLEO-F401RE\lib_stm\libLibraries.a(ucg_com_msg_api.o)
                0x00000000080040ac                ucg_com_DelayMicroseconds
 .text.ucg_com_DelayMilliseconds
                0x00000000080040ce       0x2c D:\SDK_1.0.3_NUCLEO-F401RE\lib_stm\libLibraries.a(ucg_com_msg_api.o)
                0x00000000080040ce                ucg_com_DelayMilliseconds
 .text.ucg_com_SendByte
                0x00000000080040fa       0x24 D:\SDK_1.0.3_NUCLEO-F401RE\lib_stm\libLibraries.a(ucg_com_msg_api.o)
                0x00000000080040fa                ucg_com_SendByte
 .text.ucg_com_SendStringP
                0x000000000800411e       0x40 D:\SDK_1.0.3_NUCLEO-F401RE\lib_stm\libLibraries.a(ucg_com_msg_api.o)
                0x000000000800411e                ucg_com_SendStringP
 .text.ucg_com_SendCmdArg
                0x000000000800415e       0x74 D:\SDK_1.0.3_NUCLEO-F401RE\lib_stm\libLibraries.a(ucg_com_msg_api.o)
 *fill*         0x00000000080041d2        0x2 
 .text.ucg_com_SendCmdSeq
                0x00000000080041d4      0x278 D:\SDK_1.0.3_NUCLEO-F401RE\lib_stm\libLibraries.a(ucg_com_msg_api.o)
                0x00000000080041d4                ucg_com_SendCmdSeq
 .text.sprintf  0x000000000800444c       0x40 D:/STM32CubeIDE_1.14.1/STM32CubeIDE/plugins/com.st.stm32cube.ide.mcu.externaltools.gnu-tools-for-stm32.11.3.rel1.win32_1.1.100.202309141235/tools/bin/../lib/gcc/arm-none-eabi/11.3.1/../../../../arm-none-eabi/lib/thumb/v7e-m+fp/hard\libc_nano.a(libc_a-sprintf.o)
                0x000000000800444c                siprintf
                0x000000000800444c                sprintf
 .text.memset   0x000000000800448c       0x10 D:/STM32CubeIDE_1.14.1/STM32CubeIDE/plugins/com.st.stm32cube.ide.mcu.externaltools.gnu-tools-for-stm32.11.3.rel1.win32_1.1.100.202309141235/tools/bin/../lib/gcc/arm-none-eabi/11.3.1/../../../../arm-none-eabi/lib/thumb/v7e-m+fp/hard\libc_nano.a(libc_a-memset.o)
                0x000000000800448c                memset
 .text.__errno  0x000000000800449c        0xc D:/STM32CubeIDE_1.14.1/STM32CubeIDE/plugins/com.st.stm32cube.ide.mcu.externaltools.gnu-tools-for-stm32.11.3.rel1.win32_1.1.100.202309141235/tools/bin/../lib/gcc/arm-none-eabi/11.3.1/../../../../arm-none-eabi/lib/thumb/v7e-m+fp/hard\libc_nano.a(libc_a-errno.o)
                0x000000000800449c                __errno
 .text.__libc_init_array
                0x00000000080044a8       0x48 D:/STM32CubeIDE_1.14.1/STM32CubeIDE/plugins/com.st.stm32cube.ide.mcu.externaltools.gnu-tools-for-stm32.11.3.rel1.win32_1.1.100.202309141235/tools/bin/../lib/gcc/arm-none-eabi/11.3.1/../../../../arm-none-eabi/lib/thumb/v7e-m+fp/hard\libc_nano.a(libc_a-init.o)
                0x00000000080044a8                __libc_init_array
 .text.__retarget_lock_acquire_recursive
                0x00000000080044f0        0x2 D:/STM32CubeIDE_1.14.1/STM32CubeIDE/plugins/com.st.stm32cube.ide.mcu.externaltools.gnu-tools-for-stm32.11.3.rel1.win32_1.1.100.202309141235/tools/bin/../lib/gcc/arm-none-eabi/11.3.1/../../../../arm-none-eabi/lib/thumb/v7e-m+fp/hard\libc_nano.a(libc_a-lock.o)
                0x00000000080044f0                __retarget_lock_acquire_recursive
 .text.__retarget_lock_release_recursive
                0x00000000080044f2        0x2 D:/STM32CubeIDE_1.14.1/STM32CubeIDE/plugins/com.st.stm32cube.ide.mcu.externaltools.gnu-tools-for-stm32.11.3.rel1.win32_1.1.100.202309141235/tools/bin/../lib/gcc/arm-none-eabi/11.3.1/../../../../arm-none-eabi/lib/thumb/v7e-m+fp/hard\libc_nano.a(libc_a-lock.o)
                0x00000000080044f2                __retarget_lock_release_recursive
 .text._free_r  0x00000000080044f4       0x98 D:/STM32CubeIDE_1.14.1/STM32CubeIDE/plugins/com.st.stm32cube.ide.mcu.externaltools.gnu-tools-for-stm32.11.3.rel1.win32_1.1.100.202309141235/tools/bin/../lib/gcc/arm-none-eabi/11.3.1/../../../../arm-none-eabi/lib/thumb/v7e-m+fp/hard\libc_nano.a(libc_a-freer.o)
                0x00000000080044f4                _free_r
 .text.sbrk_aligned
                0x000000000800458c       0x40 D:/STM32CubeIDE_1.14.1/STM32CubeIDE/plugins/com.st.stm32cube.ide.mcu.externaltools.gnu-tools-for-stm32.11.3.rel1.win32_1.1.100.202309141235/tools/bin/../lib/gcc/arm-none-eabi/11.3.1/../../../../arm-none-eabi/lib/thumb/v7e-m+fp/hard\libc_nano.a(libc_a-mallocr.o)
 .text._malloc_r
                0x00000000080045cc      0x100 D:/STM32CubeIDE_1.14.1/STM32CubeIDE/plugins/com.st.stm32cube.ide.mcu.externaltools.gnu-tools-for-stm32.11.3.rel1.win32_1.1.100.202309141235/tools/bin/../lib/gcc/arm-none-eabi/11.3.1/../../../../arm-none-eabi/lib/thumb/v7e-m+fp/hard\libc_nano.a(libc_a-mallocr.o)
                0x00000000080045cc                _malloc_r
 .text.__malloc_lock
                0x00000000080046cc        0xc D:/STM32CubeIDE_1.14.1/STM32CubeIDE/plugins/com.st.stm32cube.ide.mcu.externaltools.gnu-tools-for-stm32.11.3.rel1.win32_1.1.100.202309141235/tools/bin/../lib/gcc/arm-none-eabi/11.3.1/../../../../arm-none-eabi/lib/thumb/v7e-m+fp/hard\libc_nano.a(libc_a-mlock.o)
                0x00000000080046cc                __malloc_lock
 .text.__malloc_unlock
                0x00000000080046d8        0xc D:/STM32CubeIDE_1.14.1/STM32CubeIDE/plugins/com.st.stm32cube.ide.mcu.externaltools.gnu-tools-for-stm32.11.3.rel1.win32_1.1.100.202309141235/tools/bin/../lib/gcc/arm-none-eabi/11.3.1/../../../../arm-none-eabi/lib/thumb/v7e-m+fp/hard\libc_nano.a(libc_a-mlock.o)
                0x00000000080046d8                __malloc_unlock
 .text.__ssputs_r
                0x00000000080046e4       0xb4 D:/STM32CubeIDE_1.14.1/STM32CubeIDE/plugins/com.st.stm32cube.ide.mcu.externaltools.gnu-tools-for-stm32.11.3.rel1.win32_1.1.100.202309141235/tools/bin/../lib/gcc/arm-none-eabi/11.3.1/../../../../arm-none-eabi/lib/thumb/v7e-m+fp/hard\libc_nano.a(libc_a-nano-svfprintf.o)
                0x00000000080046e4                __ssputs_r
 .text._svfprintf_r
                0x0000000008004798      0x1fc D:/STM32CubeIDE_1.14.1/STM32CubeIDE/plugins/com.st.stm32cube.ide.mcu.externaltools.gnu-tools-for-stm32.11.3.rel1.win32_1.1.100.202309141235/tools/bin/../lib/gcc/arm-none-eabi/11.3.1/../../../../arm-none-eabi/lib/thumb/v7e-m+fp/hard\libc_nano.a(libc_a-nano-svfprintf.o)
                0x0000000008004798                _svfiprintf_r
                0x0000000008004798                _svfprintf_r
 .text._printf_common
                0x0000000008004994       0xda D:/STM32CubeIDE_1.14.1/STM32CubeIDE/plugins/com.st.stm32cube.ide.mcu.externaltools.gnu-tools-for-stm32.11.3.rel1.win32_1.1.100.202309141235/tools/bin/../lib/gcc/arm-none-eabi/11.3.1/../../../../arm-none-eabi/lib/thumb/v7e-m+fp/hard\libc_nano.a(libc_a-nano-vfprintf_i.o)
                0x0000000008004994                _printf_common
 *fill*         0x0000000008004a6e        0x2 
 .text._printf_i
                0x0000000008004a70      0x244 D:/STM32CubeIDE_1.14.1/STM32CubeIDE/plugins/com.st.stm32cube.ide.mcu.externaltools.gnu-tools-for-stm32.11.3.rel1.win32_1.1.100.202309141235/tools/bin/../lib/gcc/arm-none-eabi/11.3.1/../../../../arm-none-eabi/lib/thumb/v7e-m+fp/hard\libc_nano.a(libc_a-nano-vfprintf_i.o)
                0x0000000008004a70                _printf_i
 .text.memmove  0x0000000008004cb4       0x34 D:/STM32CubeIDE_1.14.1/STM32CubeIDE/plugins/com.st.stm32cube.ide.mcu.externaltools.gnu-tools-for-stm32.11.3.rel1.win32_1.1.100.202309141235/tools/bin/../lib/gcc/arm-none-eabi/11.3.1/../../../../arm-none-eabi/lib/thumb/v7e-m+fp/hard\libc_nano.a(libc_a-memmove.o)
                0x0000000008004cb4                memmove
 .text._sbrk_r  0x0000000008004ce8       0x20 D:/STM32CubeIDE_1.14.1/STM32CubeIDE/plugins/com.st.stm32cube.ide.mcu.externaltools.gnu-tools-for-stm32.11.3.rel1.win32_1.1.100.202309141235/tools/bin/../lib/gcc/arm-none-eabi/11.3.1/../../../../arm-none-eabi/lib/thumb/v7e-m+fp/hard\libc_nano.a(libc_a-sbrkr.o)
                0x0000000008004ce8                _sbrk_r
 .text.memcpy   0x0000000008004d08       0x1c D:/STM32CubeIDE_1.14.1/STM32CubeIDE/plugins/com.st.stm32cube.ide.mcu.externaltools.gnu-tools-for-stm32.11.3.rel1.win32_1.1.100.202309141235/tools/bin/../lib/gcc/arm-none-eabi/11.3.1/../../../../arm-none-eabi/lib/thumb/v7e-m+fp/hard\libc_nano.a(libc_a-memcpy-stub.o)
                0x0000000008004d08                memcpy
 .text._realloc_r
                0x0000000008004d24       0x5e D:/STM32CubeIDE_1.14.1/STM32CubeIDE/plugins/com.st.stm32cube.ide.mcu.externaltools.gnu-tools-for-stm32.11.3.rel1.win32_1.1.100.202309141235/tools/bin/../lib/gcc/arm-none-eabi/11.3.1/../../../../arm-none-eabi/lib/thumb/v7e-m+fp/hard\libc_nano.a(libc_a-reallocr.o)
                0x0000000008004d24                _realloc_r
 .text._malloc_usable_size_r
                0x0000000008004d82       0x10 D:/STM32CubeIDE_1.14.1/STM32CubeIDE/plugins/com.st.stm32cube.ide.mcu.externaltools.gnu-tools-for-stm32.11.3.rel1.win32_1.1.100.202309141235/tools/bin/../lib/gcc/arm-none-eabi/11.3.1/../../../../arm-none-eabi/lib/thumb/v7e-m+fp/hard\libc_nano.a(libc_a-msizer.o)
                0x0000000008004d82                _malloc_usable_size_r
 *(.glue_7)
 .glue_7        0x0000000008004d92        0x0 linker stubs
 *(.glue_7t)
 .glue_7t       0x0000000008004d92        0x0 linker stubs
 *(.eh_frame)
 *fill*         0x0000000008004d92        0x2 
 .eh_frame      0x0000000008004d94        0x0 D:/STM32CubeIDE_1.14.1/STM32CubeIDE/plugins/com.st.stm32cube.ide.mcu.externaltools.gnu-tools-for-stm32.11.3.rel1.win32_1.1.100.202309141235/tools/bin/../lib/gcc/arm-none-eabi/11.3.1/thumb/v7e-m+fp/hard/crtbegin.o
 *(.init)
 .init          0x0000000008004d94        0x4 D:/STM32CubeIDE_1.14.1/STM32CubeIDE/plugins/com.st.stm32cube.ide.mcu.externaltools.gnu-tools-for-stm32.11.3.rel1.win32_1.1.100.202309141235/tools/bin/../lib/gcc/arm-none-eabi/11.3.1/thumb/v7e-m+fp/hard/crti.o
                0x0000000008004d94                _init
 .init          0x0000000008004d98        0x8 D:/STM32CubeIDE_1.14.1/STM32CubeIDE/plugins/com.st.stm32cube.ide.mcu.externaltools.gnu-tools-for-stm32.11.3.rel1.win32_1.1.100.202309141235/tools/bin/../lib/gcc/arm-none-eabi/11.3.1/thumb/v7e-m+fp/hard/crtn.o
 *(.fini)
 .fini          0x0000000008004da0        0x4 D:/STM32CubeIDE_1.14.1/STM32CubeIDE/plugins/com.st.stm32cube.ide.mcu.externaltools.gnu-tools-for-stm32.11.3.rel1.win32_1.1.100.202309141235/tools/bin/../lib/gcc/arm-none-eabi/11.3.1/thumb/v7e-m+fp/hard/crti.o
                0x0000000008004da0                _fini
 .fini          0x0000000008004da4        0x8 D:/STM32CubeIDE_1.14.1/STM32CubeIDE/plugins/com.st.stm32cube.ide.mcu.externaltools.gnu-tools-for-stm32.11.3.rel1.win32_1.1.100.202309141235/tools/bin/../lib/gcc/arm-none-eabi/11.3.1/thumb/v7e-m+fp/hard/crtn.o
                0x0000000008004dac                . = ALIGN (0x4)
                0x0000000008004dac                _etext = .

.vfp11_veneer   0x0000000008004dac        0x0
 .vfp11_veneer  0x0000000008004dac        0x0 linker stubs

.v4_bx          0x0000000008004dac        0x0
 .v4_bx         0x0000000008004dac        0x0 linker stubs

.iplt           0x0000000008004dac        0x0
 .iplt          0x0000000008004dac        0x0 D:/STM32CubeIDE_1.14.1/STM32CubeIDE/plugins/com.st.stm32cube.ide.mcu.externaltools.gnu-tools-for-stm32.11.3.rel1.win32_1.1.100.202309141235/tools/bin/../lib/gcc/arm-none-eabi/11.3.1/thumb/v7e-m+fp/hard/crtbegin.o

.rodata         0x0000000008004dac      0x908
                0x0000000008004dac                . = ALIGN (0x4)
 *(.rodata)
 .rodata        0x0000000008004dac       0x3c ./Src/main.o
 .rodata        0x0000000008004de8        0xf D:\SDK_1.0.3_NUCLEO-F401RE\lib_stm\libLibraries.a(ucg_font.o)
 *(.rodata*)
 *fill*         0x0000000008004df7        0x1 
 .rodata.ucg_st7735_set_pos_seq
                0x0000000008004df8       0x1e D:\SDK_1.0.3_NUCLEO-F401RE\lib_stm\libLibraries.a(ucg_dev_ic_st7735.o)
                0x0000000008004df8                ucg_st7735_set_pos_seq
 *fill*         0x0000000008004e16        0x2 
 .rodata.ucg_st7735_set_pos_dir0_seq
                0x0000000008004e18       0x1e D:\SDK_1.0.3_NUCLEO-F401RE\lib_stm\libLibraries.a(ucg_dev_ic_st7735.o)
                0x0000000008004e18                ucg_st7735_set_pos_dir0_seq
 *fill*         0x0000000008004e36        0x2 
 .rodata.ucg_st7735_set_pos_dir1_seq
                0x0000000008004e38       0x21 D:\SDK_1.0.3_NUCLEO-F401RE\lib_stm\libLibraries.a(ucg_dev_ic_st7735.o)
                0x0000000008004e38                ucg_st7735_set_pos_dir1_seq
 *fill*         0x0000000008004e59        0x3 
 .rodata.ucg_st7735_set_pos_dir2_seq
                0x0000000008004e5c       0x21 D:\SDK_1.0.3_NUCLEO-F401RE\lib_stm\libLibraries.a(ucg_dev_ic_st7735.o)
                0x0000000008004e5c                ucg_st7735_set_pos_dir2_seq
 *fill*         0x0000000008004e7d        0x3 
 .rodata.ucg_st7735_set_pos_dir3_seq
                0x0000000008004e80       0x24 D:\SDK_1.0.3_NUCLEO-F401RE\lib_stm\libLibraries.a(ucg_dev_ic_st7735.o)
                0x0000000008004e80                ucg_st7735_set_pos_dir3_seq
 .rodata.ucg_st7735_power_down_seq
                0x0000000008004ea4        0x7 D:\SDK_1.0.3_NUCLEO-F401RE\lib_stm\libLibraries.a(ucg_dev_ic_st7735.o)
 *fill*         0x0000000008004eab        0x1 
 .rodata.ucg_tft_128x160_st7735_init_seq
                0x0000000008004eac       0x2c D:\SDK_1.0.3_NUCLEO-F401RE\lib_stm\libLibraries.a(ucg_dev_tft_128x128_st7735.o)
 .rodata.ucg_font_ncenR12_hr
                0x0000000008004ed8      0x7a8 D:\SDK_1.0.3_NUCLEO-F401RE\lib_stm\libLibraries.a(ucg_pixel_font_data.o)
                0x0000000008004ed8                ucg_font_ncenR12_hr
 .rodata._svfprintf_r.str1.1
                0x0000000008005680       0x11 D:/STM32CubeIDE_1.14.1/STM32CubeIDE/plugins/com.st.stm32cube.ide.mcu.externaltools.gnu-tools-for-stm32.11.3.rel1.win32_1.1.100.202309141235/tools/bin/../lib/gcc/arm-none-eabi/11.3.1/../../../../arm-none-eabi/lib/thumb/v7e-m+fp/hard\libc_nano.a(libc_a-nano-svfprintf.o)
 .rodata._printf_i.str1.1
                0x0000000008005691       0x22 D:/STM32CubeIDE_1.14.1/STM32CubeIDE/plugins/com.st.stm32cube.ide.mcu.externaltools.gnu-tools-for-stm32.11.3.rel1.win32_1.1.100.202309141235/tools/bin/../lib/gcc/arm-none-eabi/11.3.1/../../../../arm-none-eabi/lib/thumb/v7e-m+fp/hard\libc_nano.a(libc_a-nano-vfprintf_i.o)
                0x00000000080056b4                . = ALIGN (0x4)
 *fill*         0x00000000080056b3        0x1 

.rel.dyn        0x00000000080056b4        0x0
 .rel.iplt      0x00000000080056b4        0x0 D:/STM32CubeIDE_1.14.1/STM32CubeIDE/plugins/com.st.stm32cube.ide.mcu.externaltools.gnu-tools-for-stm32.11.3.rel1.win32_1.1.100.202309141235/tools/bin/../lib/gcc/arm-none-eabi/11.3.1/thumb/v7e-m+fp/hard/crtbegin.o

.ARM.extab      0x00000000080056b4        0x0
                0x00000000080056b4                . = ALIGN (0x4)
 *(.ARM.extab* .gnu.linkonce.armextab.*)
                0x00000000080056b4                . = ALIGN (0x4)

.ARM            0x00000000080056b4        0x0
                0x00000000080056b4                . = ALIGN (0x4)
                0x00000000080056b4                __exidx_start = .
 *(.ARM.exidx*)
                0x00000000080056b4                __exidx_end = .
                0x00000000080056b4                . = ALIGN (0x4)

.preinit_array  0x00000000080056b4        0x0
                0x00000000080056b4                . = ALIGN (0x4)
                0x00000000080056b4                PROVIDE (__preinit_array_start = .)
 *(.preinit_array*)
                0x00000000080056b4                PROVIDE (__preinit_array_end = .)
                0x00000000080056b4                . = ALIGN (0x4)

.init_array     0x00000000080056b4        0x4
                0x00000000080056b4                . = ALIGN (0x4)
                0x00000000080056b4                PROVIDE (__init_array_start = .)
 *(SORT_BY_NAME(.init_array.*))
 *(.init_array*)
 .init_array    0x00000000080056b4        0x4 D:/STM32CubeIDE_1.14.1/STM32CubeIDE/plugins/com.st.stm32cube.ide.mcu.externaltools.gnu-tools-for-stm32.11.3.rel1.win32_1.1.100.202309141235/tools/bin/../lib/gcc/arm-none-eabi/11.3.1/thumb/v7e-m+fp/hard/crtbegin.o
                0x00000000080056b8                PROVIDE (__init_array_end = .)
                0x00000000080056b8                . = ALIGN (0x4)

.fini_array     0x00000000080056b8        0x4
                0x00000000080056b8                . = ALIGN (0x4)
                [!provide]                        PROVIDE (__fini_array_start = .)
 *(SORT_BY_NAME(.fini_array.*))
 *(.fini_array*)
 .fini_array    0x00000000080056b8        0x4 D:/STM32CubeIDE_1.14.1/STM32CubeIDE/plugins/com.st.stm32cube.ide.mcu.externaltools.gnu-tools-for-stm32.11.3.rel1.win32_1.1.100.202309141235/tools/bin/../lib/gcc/arm-none-eabi/11.3.1/thumb/v7e-m+fp/hard/crtbegin.o
                [!provide]                        PROVIDE (__fini_array_end = .)
                0x00000000080056bc                . = ALIGN (0x4)
                0x00000000080056bc                _sidata = LOADADDR (.data)

.data           0x0000000020000000       0x78 load address 0x00000000080056bc
                0x0000000020000000                . = ALIGN (0x4)
                0x0000000020000000                _sdata = .
 *(.data)
 *(.data*)
 .data.SystemCoreClock
                0x0000000020000000        0x4 D:\SDK_1.0.3_NUCLEO-F401RE\lib_stm\libLibraries.a(system_stm32f4xx.o)
                0x0000000020000000                SystemCoreClock
 .data.AHBPrescTable
                0x0000000020000004       0x10 D:\SDK_1.0.3_NUCLEO-F401RE\lib_stm\libLibraries.a(system_stm32f4xx.o)
                0x0000000020000004                AHBPrescTable
 .data.APBAHBPrescTable
                0x0000000020000014       0x10 D:\SDK_1.0.3_NUCLEO-F401RE\lib_stm\libLibraries.a(stm32f401re_rcc.o)
 .data.idTaskScanDecodeLen
                0x0000000020000024        0x1 D:\SDK_1.0.3_NUCLEO-F401RE\lib_stm\libLibraries.a(ucg_font.o)
 *fill*         0x0000000020000025        0x3 
 .data._impure_data
                0x0000000020000028       0x4c D:/STM32CubeIDE_1.14.1/STM32CubeIDE/plugins/com.st.stm32cube.ide.mcu.externaltools.gnu-tools-for-stm32.11.3.rel1.win32_1.1.100.202309141235/tools/bin/../lib/gcc/arm-none-eabi/11.3.1/../../../../arm-none-eabi/lib/thumb/v7e-m+fp/hard\libc_nano.a(libc_a-impure.o)
                0x0000000020000028                _impure_data
 .data._impure_ptr
                0x0000000020000074        0x4 D:/STM32CubeIDE_1.14.1/STM32CubeIDE/plugins/com.st.stm32cube.ide.mcu.externaltools.gnu-tools-for-stm32.11.3.rel1.win32_1.1.100.202309141235/tools/bin/../lib/gcc/arm-none-eabi/11.3.1/../../../../arm-none-eabi/lib/thumb/v7e-m+fp/hard\libc_nano.a(libc_a-impure.o)
                0x0000000020000074                _impure_ptr
 *(.RamFunc)
 *(.RamFunc*)
                0x0000000020000078                . = ALIGN (0x4)
                0x0000000020000078                _edata = .

.igot.plt       0x0000000020000078        0x0 load address 0x0000000008005734
 .igot.plt      0x0000000020000078        0x0 D:/STM32CubeIDE_1.14.1/STM32CubeIDE/plugins/com.st.stm32cube.ide.mcu.externaltools.gnu-tools-for-stm32.11.3.rel1.win32_1.1.100.202309141235/tools/bin/../lib/gcc/arm-none-eabi/11.3.1/thumb/v7e-m+fp/hard/crtbegin.o
                0x0000000020000078                . = ALIGN (0x4)

.bss            0x0000000020000078     0x142c load address 0x0000000008005734
                0x0000000020000078                _sbss = .
                0x0000000020000078                __bss_start__ = _sbss
 *(.bss)
 .bss           0x0000000020000078       0x1c D:/STM32CubeIDE_1.14.1/STM32CubeIDE/plugins/com.st.stm32cube.ide.mcu.externaltools.gnu-tools-for-stm32.11.3.rel1.win32_1.1.100.202309141235/tools/bin/../lib/gcc/arm-none-eabi/11.3.1/thumb/v7e-m+fp/hard/crtbegin.o
 *(.bss*)
 .bss.ucg       0x0000000020000094       0xb4 ./Src/main.o
 .bss.time_initial
                0x0000000020000148        0x4 ./Src/main.o
                0x0000000020000148                time_initial
 .bss.time_current
                0x000000002000014c        0x4 ./Src/main.o
                0x000000002000014c                time_current
 .bss.idTimer   0x0000000020000150        0x4 ./Src/main.o
                0x0000000020000150                idTimer
 .bss.src1      0x0000000020000154       0x14 ./Src/main.o
 .bss.src2      0x0000000020000168       0x14 ./Src/main.o
 .bss.src3      0x000000002000017c       0x14 ./Src/main.o
 .bss.src4      0x0000000020000190       0x14 ./Src/main.o
 .bss.time_total
                0x00000000200001a4        0x4 ./Src/main.o
 .bss.temperature
                0x00000000200001a8        0x1 ./Src/main.o
 .bss.humidity  0x00000000200001a9        0x1 ./Src/main.o
 .bss.temperature1
                0x00000000200001aa        0x1 ./Src/main.o
 .bss.humidity1
                0x00000000200001ab        0x1 ./Src/main.o
 .bss.__sbrk_heap_end
                0x00000000200001ac        0x4 ./Src/sysmem.o
 .bss.g_pTimerHandle
                0x00000000200001b0      0x180 D:\SDK_1.0.3_NUCLEO-F401RE\lib_stm\libLibraries.a(timer.o)
 .bss.g_wMilSecTickTimer
                0x0000000020000330        0x4 D:\SDK_1.0.3_NUCLEO-F401RE\lib_stm\libLibraries.a(timer.o)
 .bss.g_pUartQueueRx
                0x0000000020000334        0x8 D:\SDK_1.0.3_NUCLEO-F401RE\lib_stm\libLibraries.a(serial.o)
 .bss.fontQueue
                0x000000002000033c       0x10 D:\SDK_1.0.3_NUCLEO-F401RE\lib_stm\libLibraries.a(ucg_font.o)
 .bss.pQueueFont
                0x000000002000034c     0x1000 D:\SDK_1.0.3_NUCLEO-F401RE\lib_stm\libLibraries.a(ucg_font.o)
 .bss.next.7562
                0x000000002000134c        0x1 D:\SDK_1.0.3_NUCLEO-F401RE\lib_stm\libLibraries.a(ucg_font.o)
 *fill*         0x000000002000134d        0x3 
 .bss.__sf      0x0000000020001350      0x138 D:/STM32CubeIDE_1.14.1/STM32CubeIDE/plugins/com.st.stm32cube.ide.mcu.externaltools.gnu-tools-for-stm32.11.3.rel1.win32_1.1.100.202309141235/tools/bin/../lib/gcc/arm-none-eabi/11.3.1/../../../../arm-none-eabi/lib/thumb/v7e-m+fp/hard\libc_nano.a(libc_a-findfp.o)
                0x0000000020001350                __sf
 .bss.errno     0x0000000020001488        0x4 D:/STM32CubeIDE_1.14.1/STM32CubeIDE/plugins/com.st.stm32cube.ide.mcu.externaltools.gnu-tools-for-stm32.11.3.rel1.win32_1.1.100.202309141235/tools/bin/../lib/gcc/arm-none-eabi/11.3.1/../../../../arm-none-eabi/lib/thumb/v7e-m+fp/hard\libc_nano.a(libc_a-reent.o)
                0x0000000020001488                errno
 .bss.__lock___malloc_recursive_mutex
                0x000000002000148c        0x1 D:/STM32CubeIDE_1.14.1/STM32CubeIDE/plugins/com.st.stm32cube.ide.mcu.externaltools.gnu-tools-for-stm32.11.3.rel1.win32_1.1.100.202309141235/tools/bin/../lib/gcc/arm-none-eabi/11.3.1/../../../../arm-none-eabi/lib/thumb/v7e-m+fp/hard\libc_nano.a(libc_a-lock.o)
                0x000000002000148c                __lock___malloc_recursive_mutex
 *fill*         0x000000002000148d        0x3 
 .bss.__malloc_free_list
                0x0000000020001490        0x4 D:/STM32CubeIDE_1.14.1/STM32CubeIDE/plugins/com.st.stm32cube.ide.mcu.externaltools.gnu-tools-for-stm32.11.3.rel1.win32_1.1.100.202309141235/tools/bin/../lib/gcc/arm-none-eabi/11.3.1/../../../../arm-none-eabi/lib/thumb/v7e-m+fp/hard\libc_nano.a(libc_a-mallocr.o)
                0x0000000020001490                __malloc_free_list
 .bss.__malloc_sbrk_start
                0x0000000020001494        0x4 D:/STM32CubeIDE_1.14.1/STM32CubeIDE/plugins/com.st.stm32cube.ide.mcu.externaltools.gnu-tools-for-stm32.11.3.rel1.win32_1.1.100.202309141235/tools/bin/../lib/gcc/arm-none-eabi/11.3.1/../../../../arm-none-eabi/lib/thumb/v7e-m+fp/hard\libc_nano.a(libc_a-mallocr.o)
                0x0000000020001494                __malloc_sbrk_start
 *(COMMON)
 COMMON         0x0000000020001498        0xc D:\SDK_1.0.3_NUCLEO-F401RE\lib_stm\libLibraries.a(ucg_font.o)
                0x0000000020001498                ucg_draw_str
                0x00000000200014a4                . = ALIGN (0x4)
                0x00000000200014a4                _ebss = .
                0x00000000200014a4                __bss_end__ = _ebss

._user_heap_stack
                0x00000000200014a4      0x604 load address 0x0000000008005734
                0x00000000200014a8                . = ALIGN (0x8)
 *fill*         0x00000000200014a4        0x4 
                [!provide]                        PROVIDE (end = .)
                0x00000000200014a8                PROVIDE (_end = .)
                0x00000000200016a8                . = (. + _Min_Heap_Size)
 *fill*         0x00000000200014a8      0x200 
                0x0000000020001aa8                . = (. + _Min_Stack_Size)
 *fill*         0x00000000200016a8      0x400 
                0x0000000020001aa8                . = ALIGN (0x8)

/DISCARD/
 libc.a(*)
 libm.a(*)
 libgcc.a(*)

.ARM.attributes
                0x0000000000000000       0x30
 *(.ARM.attributes)
 .ARM.attributes
                0x0000000000000000       0x1e D:/STM32CubeIDE_1.14.1/STM32CubeIDE/plugins/com.st.stm32cube.ide.mcu.externaltools.gnu-tools-for-stm32.11.3.rel1.win32_1.1.100.202309141235/tools/bin/../lib/gcc/arm-none-eabi/11.3.1/thumb/v7e-m+fp/hard/crti.o
 .ARM.attributes
                0x000000000000001e       0x34 D:/STM32CubeIDE_1.14.1/STM32CubeIDE/plugins/com.st.stm32cube.ide.mcu.externaltools.gnu-tools-for-stm32.11.3.rel1.win32_1.1.100.202309141235/tools/bin/../lib/gcc/arm-none-eabi/11.3.1/thumb/v7e-m+fp/hard/crtbegin.o
 .ARM.attributes
                0x0000000000000052       0x34 ./SDK_1.0.3_NUCLEO-F401RE/shared/Utilities/buff.o
 .ARM.attributes
                0x0000000000000086       0x34 ./SDK_1.0.3_NUCLEO-F401RE/shared/Utilities/utilities.o
 .ARM.attributes
                0x00000000000000ba       0x34 ./Src/main.o
 .ARM.attributes
                0x00000000000000ee       0x34 ./Src/sysmem.o
 .ARM.attributes
                0x0000000000000122       0x21 ./Startup/startup_stm32f401retx.o
 .ARM.attributes
                0x0000000000000143       0x39 D:\SDK_1.0.3_NUCLEO-F401RE\lib_stm\libLibraries.a(system_stm32f4xx.o)
 .ARM.attributes
                0x000000000000017c       0x39 D:\SDK_1.0.3_NUCLEO-F401RE\lib_stm\libLibraries.a(stm32f401re_gpio.o)
 .ARM.attributes
                0x00000000000001b5       0x39 D:\SDK_1.0.3_NUCLEO-F401RE\lib_stm\libLibraries.a(stm32f401re_i2c.o)
 .ARM.attributes
                0x00000000000001ee       0x39 D:\SDK_1.0.3_NUCLEO-F401RE\lib_stm\libLibraries.a(stm32f401re_rcc.o)
 .ARM.attributes
                0x0000000000000227       0x39 D:\SDK_1.0.3_NUCLEO-F401RE\lib_stm\libLibraries.a(timer.o)
 .ARM.attributes
                0x0000000000000260       0x39 D:\SDK_1.0.3_NUCLEO-F401RE\lib_stm\libLibraries.a(temhumsensor.o)
 .ARM.attributes
                0x0000000000000299       0x39 D:\SDK_1.0.3_NUCLEO-F401RE\lib_stm\libLibraries.a(serial.o)
 .ARM.attributes
                0x00000000000002d2       0x39 D:\SDK_1.0.3_NUCLEO-F401RE\lib_stm\libLibraries.a(Ucglib.o)
 .ARM.attributes
                0x000000000000030b       0x39 D:\SDK_1.0.3_NUCLEO-F401RE\lib_stm\libLibraries.a(ucg_box.o)
 .ARM.attributes
                0x0000000000000344       0x39 D:\SDK_1.0.3_NUCLEO-F401RE\lib_stm\libLibraries.a(ucg_ccs.o)
 .ARM.attributes
                0x000000000000037d       0x39 D:\SDK_1.0.3_NUCLEO-F401RE\lib_stm\libLibraries.a(ucg_dev_default_cb.o)
 .ARM.attributes
                0x00000000000003b6       0x39 D:\SDK_1.0.3_NUCLEO-F401RE\lib_stm\libLibraries.a(ucg_dev_ic_st7735.o)
 .ARM.attributes
                0x00000000000003ef       0x39 D:\SDK_1.0.3_NUCLEO-F401RE\lib_stm\libLibraries.a(ucg_dev_msg_api.o)
 .ARM.attributes
                0x0000000000000428       0x39 D:\SDK_1.0.3_NUCLEO-F401RE\lib_stm\libLibraries.a(ucg_dev_tft_128x128_st7735.o)
 .ARM.attributes
                0x0000000000000461       0x39 D:\SDK_1.0.3_NUCLEO-F401RE\lib_stm\libLibraries.a(ucg_font.o)
 .ARM.attributes
                0x000000000000049a       0x39 D:\SDK_1.0.3_NUCLEO-F401RE\lib_stm\libLibraries.a(ucg_init.o)
 .ARM.attributes
                0x00000000000004d3       0x39 D:\SDK_1.0.3_NUCLEO-F401RE\lib_stm\libLibraries.a(ucg_line.o)
 .ARM.attributes
                0x000000000000050c       0x39 D:\SDK_1.0.3_NUCLEO-F401RE\lib_stm\libLibraries.a(ucg_pixel.o)
 .ARM.attributes
                0x0000000000000545       0x39 D:\SDK_1.0.3_NUCLEO-F401RE\lib_stm\libLibraries.a(ucg_pixel_font_data.o)
 .ARM.attributes
                0x000000000000057e       0x39 D:\SDK_1.0.3_NUCLEO-F401RE\lib_stm\libLibraries.a(ucg_rotate.o)
 .ARM.attributes
                0x00000000000005b7       0x39 D:\SDK_1.0.3_NUCLEO-F401RE\lib_stm\libLibraries.a(stm32f401re_usart.o)
 .ARM.attributes
                0x00000000000005f0       0x39 D:\SDK_1.0.3_NUCLEO-F401RE\lib_stm\libLibraries.a(ucg_clip.o)
 .ARM.attributes
                0x0000000000000629       0x39 D:\SDK_1.0.3_NUCLEO-F401RE\lib_stm\libLibraries.a(ucg_com_msg_api.o)
 .ARM.attributes
                0x0000000000000662       0x34 D:/STM32CubeIDE_1.14.1/STM32CubeIDE/plugins/com.st.stm32cube.ide.mcu.externaltools.gnu-tools-for-stm32.11.3.rel1.win32_1.1.100.202309141235/tools/bin/../lib/gcc/arm-none-eabi/11.3.1/../../../../arm-none-eabi/lib/thumb/v7e-m+fp/hard\libc_nano.a(libc_a-findfp.o)
 .ARM.attributes
                0x0000000000000696       0x34 D:/STM32CubeIDE_1.14.1/STM32CubeIDE/plugins/com.st.stm32cube.ide.mcu.externaltools.gnu-tools-for-stm32.11.3.rel1.win32_1.1.100.202309141235/tools/bin/../lib/gcc/arm-none-eabi/11.3.1/../../../../arm-none-eabi/lib/thumb/v7e-m+fp/hard\libc_nano.a(libc_a-sprintf.o)
 .ARM.attributes
                0x00000000000006ca       0x34 D:/STM32CubeIDE_1.14.1/STM32CubeIDE/plugins/com.st.stm32cube.ide.mcu.externaltools.gnu-tools-for-stm32.11.3.rel1.win32_1.1.100.202309141235/tools/bin/../lib/gcc/arm-none-eabi/11.3.1/../../../../arm-none-eabi/lib/thumb/v7e-m+fp/hard\libc_nano.a(libc_a-memset.o)
 .ARM.attributes
                0x00000000000006fe       0x34 D:/STM32CubeIDE_1.14.1/STM32CubeIDE/plugins/com.st.stm32cube.ide.mcu.externaltools.gnu-tools-for-stm32.11.3.rel1.win32_1.1.100.202309141235/tools/bin/../lib/gcc/arm-none-eabi/11.3.1/../../../../arm-none-eabi/lib/thumb/v7e-m+fp/hard\libc_nano.a(libc_a-reent.o)
 .ARM.attributes
                0x0000000000000732       0x34 D:/STM32CubeIDE_1.14.1/STM32CubeIDE/plugins/com.st.stm32cube.ide.mcu.externaltools.gnu-tools-for-stm32.11.3.rel1.win32_1.1.100.202309141235/tools/bin/../lib/gcc/arm-none-eabi/11.3.1/../../../../arm-none-eabi/lib/thumb/v7e-m+fp/hard\libc_nano.a(libc_a-impure.o)
 .ARM.attributes
                0x0000000000000766       0x34 D:/STM32CubeIDE_1.14.1/STM32CubeIDE/plugins/com.st.stm32cube.ide.mcu.externaltools.gnu-tools-for-stm32.11.3.rel1.win32_1.1.100.202309141235/tools/bin/../lib/gcc/arm-none-eabi/11.3.1/../../../../arm-none-eabi/lib/thumb/v7e-m+fp/hard\libc_nano.a(libc_a-errno.o)
 .ARM.attributes
                0x000000000000079a       0x34 D:/STM32CubeIDE_1.14.1/STM32CubeIDE/plugins/com.st.stm32cube.ide.mcu.externaltools.gnu-tools-for-stm32.11.3.rel1.win32_1.1.100.202309141235/tools/bin/../lib/gcc/arm-none-eabi/11.3.1/../../../../arm-none-eabi/lib/thumb/v7e-m+fp/hard\libc_nano.a(libc_a-init.o)
 .ARM.attributes
                0x00000000000007ce       0x34 D:/STM32CubeIDE_1.14.1/STM32CubeIDE/plugins/com.st.stm32cube.ide.mcu.externaltools.gnu-tools-for-stm32.11.3.rel1.win32_1.1.100.202309141235/tools/bin/../lib/gcc/arm-none-eabi/11.3.1/../../../../arm-none-eabi/lib/thumb/v7e-m+fp/hard\libc_nano.a(libc_a-lock.o)
 .ARM.attributes
                0x0000000000000802       0x34 D:/STM32CubeIDE_1.14.1/STM32CubeIDE/plugins/com.st.stm32cube.ide.mcu.externaltools.gnu-tools-for-stm32.11.3.rel1.win32_1.1.100.202309141235/tools/bin/../lib/gcc/arm-none-eabi/11.3.1/../../../../arm-none-eabi/lib/thumb/v7e-m+fp/hard\libc_nano.a(libc_a-freer.o)
 .ARM.attributes
                0x0000000000000836       0x34 D:/STM32CubeIDE_1.14.1/STM32CubeIDE/plugins/com.st.stm32cube.ide.mcu.externaltools.gnu-tools-for-stm32.11.3.rel1.win32_1.1.100.202309141235/tools/bin/../lib/gcc/arm-none-eabi/11.3.1/../../../../arm-none-eabi/lib/thumb/v7e-m+fp/hard\libc_nano.a(libc_a-mallocr.o)
 .ARM.attributes
                0x000000000000086a       0x34 D:/STM32CubeIDE_1.14.1/STM32CubeIDE/plugins/com.st.stm32cube.ide.mcu.externaltools.gnu-tools-for-stm32.11.3.rel1.win32_1.1.100.202309141235/tools/bin/../lib/gcc/arm-none-eabi/11.3.1/../../../../arm-none-eabi/lib/thumb/v7e-m+fp/hard\libc_nano.a(libc_a-mlock.o)
 .ARM.attributes
                0x000000000000089e       0x34 D:/STM32CubeIDE_1.14.1/STM32CubeIDE/plugins/com.st.stm32cube.ide.mcu.externaltools.gnu-tools-for-stm32.11.3.rel1.win32_1.1.100.202309141235/tools/bin/../lib/gcc/arm-none-eabi/11.3.1/../../../../arm-none-eabi/lib/thumb/v7e-m+fp/hard\libc_nano.a(libc_a-nano-svfprintf.o)
 .ARM.attributes
                0x00000000000008d2       0x34 D:/STM32CubeIDE_1.14.1/STM32CubeIDE/plugins/com.st.stm32cube.ide.mcu.externaltools.gnu-tools-for-stm32.11.3.rel1.win32_1.1.100.202309141235/tools/bin/../lib/gcc/arm-none-eabi/11.3.1/../../../../arm-none-eabi/lib/thumb/v7e-m+fp/hard\libc_nano.a(libc_a-nano-vfprintf_i.o)
 .ARM.attributes
                0x0000000000000906       0x34 D:/STM32CubeIDE_1.14.1/STM32CubeIDE/plugins/com.st.stm32cube.ide.mcu.externaltools.gnu-tools-for-stm32.11.3.rel1.win32_1.1.100.202309141235/tools/bin/../lib/gcc/arm-none-eabi/11.3.1/../../../../arm-none-eabi/lib/thumb/v7e-m+fp/hard\libc_nano.a(libc_a-memmove.o)
 .ARM.attributes
                0x000000000000093a       0x34 D:/STM32CubeIDE_1.14.1/STM32CubeIDE/plugins/com.st.stm32cube.ide.mcu.externaltools.gnu-tools-for-stm32.11.3.rel1.win32_1.1.100.202309141235/tools/bin/../lib/gcc/arm-none-eabi/11.3.1/../../../../arm-none-eabi/lib/thumb/v7e-m+fp/hard\libc_nano.a(libc_a-sbrkr.o)
 .ARM.attributes
                0x000000000000096e       0x1c D:/STM32CubeIDE_1.14.1/STM32CubeIDE/plugins/com.st.stm32cube.ide.mcu.externaltools.gnu-tools-for-stm32.11.3.rel1.win32_1.1.100.202309141235/tools/bin/../lib/gcc/arm-none-eabi/11.3.1/../../../../arm-none-eabi/lib/thumb/v7e-m+fp/hard\libc_nano.a(libc_a-memchr.o)
 .ARM.attributes
                0x000000000000098a       0x34 D:/STM32CubeIDE_1.14.1/STM32CubeIDE/plugins/com.st.stm32cube.ide.mcu.externaltools.gnu-tools-for-stm32.11.3.rel1.win32_1.1.100.202309141235/tools/bin/../lib/gcc/arm-none-eabi/11.3.1/../../../../arm-none-eabi/lib/thumb/v7e-m+fp/hard\libc_nano.a(libc_a-memcpy-stub.o)
 .ARM.attributes
                0x00000000000009be       0x34 D:/STM32CubeIDE_1.14.1/STM32CubeIDE/plugins/com.st.stm32cube.ide.mcu.externaltools.gnu-tools-for-stm32.11.3.rel1.win32_1.1.100.202309141235/tools/bin/../lib/gcc/arm-none-eabi/11.3.1/../../../../arm-none-eabi/lib/thumb/v7e-m+fp/hard\libc_nano.a(libc_a-reallocr.o)
 .ARM.attributes
                0x00000000000009f2       0x34 D:/STM32CubeIDE_1.14.1/STM32CubeIDE/plugins/com.st.stm32cube.ide.mcu.externaltools.gnu-tools-for-stm32.11.3.rel1.win32_1.1.100.202309141235/tools/bin/../lib/gcc/arm-none-eabi/11.3.1/../../../../arm-none-eabi/lib/thumb/v7e-m+fp/hard\libc_nano.a(libc_a-msizer.o)
 .ARM.attributes
                0x0000000000000a26       0x1e D:/STM32CubeIDE_1.14.1/STM32CubeIDE/plugins/com.st.stm32cube.ide.mcu.externaltools.gnu-tools-for-stm32.11.3.rel1.win32_1.1.100.202309141235/tools/bin/../lib/gcc/arm-none-eabi/11.3.1/thumb/v7e-m+fp/hard/crtn.o
OUTPUT(KTGK_ttcs_nhom2_.elf elf32-littlearm)
LOAD linker stubs
LOAD D:/STM32CubeIDE_1.14.1/STM32CubeIDE/plugins/com.st.stm32cube.ide.mcu.externaltools.gnu-tools-for-stm32.11.3.rel1.win32_1.1.100.202309141235/tools/bin/../lib/gcc/arm-none-eabi/11.3.1/../../../../arm-none-eabi/lib/thumb/v7e-m+fp/hard\libc.a
LOAD D:/STM32CubeIDE_1.14.1/STM32CubeIDE/plugins/com.st.stm32cube.ide.mcu.externaltools.gnu-tools-for-stm32.11.3.rel1.win32_1.1.100.202309141235/tools/bin/../lib/gcc/arm-none-eabi/11.3.1/../../../../arm-none-eabi/lib/thumb/v7e-m+fp/hard\libm.a
LOAD D:/STM32CubeIDE_1.14.1/STM32CubeIDE/plugins/com.st.stm32cube.ide.mcu.externaltools.gnu-tools-for-stm32.11.3.rel1.win32_1.1.100.202309141235/tools/bin/../lib/gcc/arm-none-eabi/11.3.1/thumb/v7e-m+fp/hard\libgcc.a

.comment        0x0000000000000000       0xbe
 .comment       0x0000000000000000       0x43 D:/STM32CubeIDE_1.14.1/STM32CubeIDE/plugins/com.st.stm32cube.ide.mcu.externaltools.gnu-tools-for-stm32.11.3.rel1.win32_1.1.100.202309141235/tools/bin/../lib/gcc/arm-none-eabi/11.3.1/thumb/v7e-m+fp/hard/crtbegin.o
                                         0x44 (size before relaxing)
 .comment       0x0000000000000043       0x44 ./SDK_1.0.3_NUCLEO-F401RE/shared/Utilities/buff.o
 .comment       0x0000000000000043       0x44 ./SDK_1.0.3_NUCLEO-F401RE/shared/Utilities/utilities.o
 .comment       0x0000000000000043       0x44 ./Src/main.o
 .comment       0x0000000000000043       0x44 ./Src/sysmem.o
 .comment       0x0000000000000043       0x7b D:\SDK_1.0.3_NUCLEO-F401RE\lib_stm\libLibraries.a(system_stm32f4xx.o)
                                         0x7c (size before relaxing)
 .comment       0x00000000000000be       0x7c D:\SDK_1.0.3_NUCLEO-F401RE\lib_stm\libLibraries.a(stm32f401re_gpio.o)
 .comment       0x00000000000000be       0x7c D:\SDK_1.0.3_NUCLEO-F401RE\lib_stm\libLibraries.a(stm32f401re_i2c.o)
 .comment       0x00000000000000be       0x7c D:\SDK_1.0.3_NUCLEO-F401RE\lib_stm\libLibraries.a(stm32f401re_rcc.o)
 .comment       0x00000000000000be       0x7c D:\SDK_1.0.3_NUCLEO-F401RE\lib_stm\libLibraries.a(timer.o)
 .comment       0x00000000000000be       0x7c D:\SDK_1.0.3_NUCLEO-F401RE\lib_stm\libLibraries.a(temhumsensor.o)
 .comment       0x00000000000000be       0x7c D:\SDK_1.0.3_NUCLEO-F401RE\lib_stm\libLibraries.a(serial.o)
 .comment       0x00000000000000be       0x7c D:\SDK_1.0.3_NUCLEO-F401RE\lib_stm\libLibraries.a(Ucglib.o)
 .comment       0x00000000000000be       0x7c D:\SDK_1.0.3_NUCLEO-F401RE\lib_stm\libLibraries.a(ucg_box.o)
 .comment       0x00000000000000be       0x7c D:\SDK_1.0.3_NUCLEO-F401RE\lib_stm\libLibraries.a(ucg_ccs.o)
 .comment       0x00000000000000be       0x7c D:\SDK_1.0.3_NUCLEO-F401RE\lib_stm\libLibraries.a(ucg_dev_default_cb.o)
 .comment       0x00000000000000be       0x7c D:\SDK_1.0.3_NUCLEO-F401RE\lib_stm\libLibraries.a(ucg_dev_ic_st7735.o)
 .comment       0x00000000000000be       0x7c D:\SDK_1.0.3_NUCLEO-F401RE\lib_stm\libLibraries.a(ucg_dev_msg_api.o)
 .comment       0x00000000000000be       0x7c D:\SDK_1.0.3_NUCLEO-F401RE\lib_stm\libLibraries.a(ucg_dev_tft_128x128_st7735.o)
 .comment       0x00000000000000be       0x7c D:\SDK_1.0.3_NUCLEO-F401RE\lib_stm\libLibraries.a(ucg_font.o)
 .comment       0x00000000000000be       0x7c D:\SDK_1.0.3_NUCLEO-F401RE\lib_stm\libLibraries.a(ucg_init.o)
 .comment       0x00000000000000be       0x7c D:\SDK_1.0.3_NUCLEO-F401RE\lib_stm\libLibraries.a(ucg_line.o)
 .comment       0x00000000000000be       0x7c D:\SDK_1.0.3_NUCLEO-F401RE\lib_stm\libLibraries.a(ucg_pixel.o)
 .comment       0x00000000000000be       0x7c D:\SDK_1.0.3_NUCLEO-F401RE\lib_stm\libLibraries.a(ucg_pixel_font_data.o)
 .comment       0x00000000000000be       0x7c D:\SDK_1.0.3_NUCLEO-F401RE\lib_stm\libLibraries.a(ucg_rotate.o)
 .comment       0x00000000000000be       0x7c D:\SDK_1.0.3_NUCLEO-F401RE\lib_stm\libLibraries.a(stm32f401re_usart.o)
 .comment       0x00000000000000be       0x7c D:\SDK_1.0.3_NUCLEO-F401RE\lib_stm\libLibraries.a(ucg_clip.o)
 .comment       0x00000000000000be       0x7c D:\SDK_1.0.3_NUCLEO-F401RE\lib_stm\libLibraries.a(ucg_com_msg_api.o)

.debug_info     0x0000000000000000    0x37d3e
 .debug_info    0x0000000000000000      0x305 ./SDK_1.0.3_NUCLEO-F401RE/shared/Utilities/buff.o
 .debug_info    0x0000000000000305      0x2b8 ./SDK_1.0.3_NUCLEO-F401RE/shared/Utilities/utilities.o
 .debug_info    0x00000000000005bd     0x164c ./Src/main.o
 .debug_info    0x0000000000001c09      0x168 ./Src/sysmem.o
 .debug_info    0x0000000000001d71       0x23 ./Startup/startup_stm32f401retx.o
 .debug_info    0x0000000000001d94      0x5bb D:\SDK_1.0.3_NUCLEO-F401RE\lib_stm\libLibraries.a(system_stm32f4xx.o)
 .debug_info    0x000000000000234f      0x62b D:\SDK_1.0.3_NUCLEO-F401RE\lib_stm\libLibraries.a(stm32f401re_gpio.o)
 .debug_info    0x000000000000297a      0xb9e D:\SDK_1.0.3_NUCLEO-F401RE\lib_stm\libLibraries.a(stm32f401re_i2c.o)
 .debug_info    0x0000000000003518      0xd5e D:\SDK_1.0.3_NUCLEO-F401RE\lib_stm\libLibraries.a(stm32f401re_rcc.o)
 .debug_info    0x0000000000004276      0x922 D:\SDK_1.0.3_NUCLEO-F401RE\lib_stm\libLibraries.a(timer.o)
 .debug_info    0x0000000000004b98      0xafd D:\SDK_1.0.3_NUCLEO-F401RE\lib_stm\libLibraries.a(temhumsensor.o)
 .debug_info    0x0000000000005695      0xb11 D:\SDK_1.0.3_NUCLEO-F401RE\lib_stm\libLibraries.a(serial.o)
 .debug_info    0x00000000000061a6     0x333f D:\SDK_1.0.3_NUCLEO-F401RE\lib_stm\libLibraries.a(Ucglib.o)
 .debug_info    0x00000000000094e5     0x329d D:\SDK_1.0.3_NUCLEO-F401RE\lib_stm\libLibraries.a(ucg_box.o)
 .debug_info    0x000000000000c782     0x2b08 D:\SDK_1.0.3_NUCLEO-F401RE\lib_stm\libLibraries.a(ucg_ccs.o)
 .debug_info    0x000000000000f28a     0x324b D:\SDK_1.0.3_NUCLEO-F401RE\lib_stm\libLibraries.a(ucg_dev_default_cb.o)
 .debug_info    0x00000000000124d5     0x3272 D:\SDK_1.0.3_NUCLEO-F401RE\lib_stm\libLibraries.a(ucg_dev_ic_st7735.o)
 .debug_info    0x0000000000015747     0x3178 D:\SDK_1.0.3_NUCLEO-F401RE\lib_stm\libLibraries.a(ucg_dev_msg_api.o)
 .debug_info    0x00000000000188bf     0x303e D:\SDK_1.0.3_NUCLEO-F401RE\lib_stm\libLibraries.a(ucg_dev_tft_128x128_st7735.o)
 .debug_info    0x000000000001b8fd     0x43ab D:\SDK_1.0.3_NUCLEO-F401RE\lib_stm\libLibraries.a(ucg_font.o)
 .debug_info    0x000000000001fca8     0x3856 D:\SDK_1.0.3_NUCLEO-F401RE\lib_stm\libLibraries.a(ucg_init.o)
 .debug_info    0x00000000000234fe     0x3222 D:\SDK_1.0.3_NUCLEO-F401RE\lib_stm\libLibraries.a(ucg_line.o)
 .debug_info    0x0000000000026720     0x3056 D:\SDK_1.0.3_NUCLEO-F401RE\lib_stm\libLibraries.a(ucg_pixel.o)
 .debug_info    0x0000000000029776     0x43df D:\SDK_1.0.3_NUCLEO-F401RE\lib_stm\libLibraries.a(ucg_pixel_font_data.o)
 .debug_info    0x000000000002db55     0x3231 D:\SDK_1.0.3_NUCLEO-F401RE\lib_stm\libLibraries.a(ucg_rotate.o)
 .debug_info    0x0000000000030d86      0x9d4 D:\SDK_1.0.3_NUCLEO-F401RE\lib_stm\libLibraries.a(stm32f401re_usart.o)
 .debug_info    0x000000000003175a     0x315a D:\SDK_1.0.3_NUCLEO-F401RE\lib_stm\libLibraries.a(ucg_clip.o)
 .debug_info    0x00000000000348b4     0x348a D:\SDK_1.0.3_NUCLEO-F401RE\lib_stm\libLibraries.a(ucg_com_msg_api.o)

.debug_abbrev   0x0000000000000000     0x2e3f
 .debug_abbrev  0x0000000000000000      0x13c ./SDK_1.0.3_NUCLEO-F401RE/shared/Utilities/buff.o
 .debug_abbrev  0x000000000000013c       0xe3 ./SDK_1.0.3_NUCLEO-F401RE/shared/Utilities/utilities.o
 .debug_abbrev  0x000000000000021f      0x3e7 ./Src/main.o
 .debug_abbrev  0x0000000000000606       0xbc ./Src/sysmem.o
 .debug_abbrev  0x00000000000006c2       0x12 ./Startup/startup_stm32f401retx.o
 .debug_abbrev  0x00000000000006d4      0x138 D:\SDK_1.0.3_NUCLEO-F401RE\lib_stm\libLibraries.a(system_stm32f4xx.o)
 .debug_abbrev  0x000000000000080c      0x1bf D:\SDK_1.0.3_NUCLEO-F401RE\lib_stm\libLibraries.a(stm32f401re_gpio.o)
 .debug_abbrev  0x00000000000009cb      0x196 D:\SDK_1.0.3_NUCLEO-F401RE\lib_stm\libLibraries.a(stm32f401re_i2c.o)
 .debug_abbrev  0x0000000000000b61      0x1d4 D:\SDK_1.0.3_NUCLEO-F401RE\lib_stm\libLibraries.a(stm32f401re_rcc.o)
 .debug_abbrev  0x0000000000000d35      0x29a D:\SDK_1.0.3_NUCLEO-F401RE\lib_stm\libLibraries.a(timer.o)
 .debug_abbrev  0x0000000000000fcf      0x24a D:\SDK_1.0.3_NUCLEO-F401RE\lib_stm\libLibraries.a(temhumsensor.o)
 .debug_abbrev  0x0000000000001219      0x2ba D:\SDK_1.0.3_NUCLEO-F401RE\lib_stm\libLibraries.a(serial.o)
 .debug_abbrev  0x00000000000014d3      0x202 D:\SDK_1.0.3_NUCLEO-F401RE\lib_stm\libLibraries.a(Ucglib.o)
 .debug_abbrev  0x00000000000016d5      0x18b D:\SDK_1.0.3_NUCLEO-F401RE\lib_stm\libLibraries.a(ucg_box.o)
 .debug_abbrev  0x0000000000001860       0xf5 D:\SDK_1.0.3_NUCLEO-F401RE\lib_stm\libLibraries.a(ucg_ccs.o)
 .debug_abbrev  0x0000000000001955      0x19e D:\SDK_1.0.3_NUCLEO-F401RE\lib_stm\libLibraries.a(ucg_dev_default_cb.o)
 .debug_abbrev  0x0000000000001af3      0x1dc D:\SDK_1.0.3_NUCLEO-F401RE\lib_stm\libLibraries.a(ucg_dev_ic_st7735.o)
 .debug_abbrev  0x0000000000001ccf      0x191 D:\SDK_1.0.3_NUCLEO-F401RE\lib_stm\libLibraries.a(ucg_dev_msg_api.o)
 .debug_abbrev  0x0000000000001e60      0x14e D:\SDK_1.0.3_NUCLEO-F401RE\lib_stm\libLibraries.a(ucg_dev_tft_128x128_st7735.o)
 .debug_abbrev  0x0000000000001fae      0x2fc D:\SDK_1.0.3_NUCLEO-F401RE\lib_stm\libLibraries.a(ucg_font.o)
 .debug_abbrev  0x00000000000022aa      0x1c6 D:\SDK_1.0.3_NUCLEO-F401RE\lib_stm\libLibraries.a(ucg_init.o)
 .debug_abbrev  0x0000000000002470      0x175 D:\SDK_1.0.3_NUCLEO-F401RE\lib_stm\libLibraries.a(ucg_line.o)
 .debug_abbrev  0x00000000000025e5      0x148 D:\SDK_1.0.3_NUCLEO-F401RE\lib_stm\libLibraries.a(ucg_pixel.o)
 .debug_abbrev  0x000000000000272d       0x83 D:\SDK_1.0.3_NUCLEO-F401RE\lib_stm\libLibraries.a(ucg_pixel_font_data.o)
 .debug_abbrev  0x00000000000027b0      0x1a3 D:\SDK_1.0.3_NUCLEO-F401RE\lib_stm\libLibraries.a(ucg_rotate.o)
 .debug_abbrev  0x0000000000002953      0x187 D:\SDK_1.0.3_NUCLEO-F401RE\lib_stm\libLibraries.a(stm32f401re_usart.o)
 .debug_abbrev  0x0000000000002ada      0x173 D:\SDK_1.0.3_NUCLEO-F401RE\lib_stm\libLibraries.a(ucg_clip.o)
 .debug_abbrev  0x0000000000002c4d      0x1f2 D:\SDK_1.0.3_NUCLEO-F401RE\lib_stm\libLibraries.a(ucg_com_msg_api.o)

.debug_aranges  0x0000000000000000      0xdb0
 .debug_aranges
                0x0000000000000000       0x50 ./SDK_1.0.3_NUCLEO-F401RE/shared/Utilities/buff.o
 .debug_aranges
                0x0000000000000050       0x48 ./SDK_1.0.3_NUCLEO-F401RE/shared/Utilities/utilities.o
 .debug_aranges
                0x0000000000000098      0x140 ./Src/main.o
 .debug_aranges
                0x00000000000001d8       0x20 ./Src/sysmem.o
 .debug_aranges
                0x00000000000001f8       0x28 ./Startup/startup_stm32f401retx.o
 .debug_aranges
                0x0000000000000220       0x30 D:\SDK_1.0.3_NUCLEO-F401RE\lib_stm\libLibraries.a(system_stm32f4xx.o)
 .debug_aranges
                0x0000000000000250       0x88 D:\SDK_1.0.3_NUCLEO-F401RE\lib_stm\libLibraries.a(stm32f401re_gpio.o)
 .debug_aranges
                0x00000000000002d8      0x130 D:\SDK_1.0.3_NUCLEO-F401RE\lib_stm\libLibraries.a(stm32f401re_i2c.o)
 .debug_aranges
                0x0000000000000408      0x198 D:\SDK_1.0.3_NUCLEO-F401RE\lib_stm\libLibraries.a(stm32f401re_rcc.o)
 .debug_aranges
                0x00000000000005a0       0x70 D:\SDK_1.0.3_NUCLEO-F401RE\lib_stm\libLibraries.a(timer.o)
 .debug_aranges
                0x0000000000000610       0xe8 D:\SDK_1.0.3_NUCLEO-F401RE\lib_stm\libLibraries.a(temhumsensor.o)
 .debug_aranges
                0x00000000000006f8       0x80 D:\SDK_1.0.3_NUCLEO-F401RE\lib_stm\libLibraries.a(serial.o)
 .debug_aranges
                0x0000000000000778       0x48 D:\SDK_1.0.3_NUCLEO-F401RE\lib_stm\libLibraries.a(Ucglib.o)
 .debug_aranges
                0x00000000000007c0       0x48 D:\SDK_1.0.3_NUCLEO-F401RE\lib_stm\libLibraries.a(ucg_box.o)
 .debug_aranges
                0x0000000000000808       0x30 D:\SDK_1.0.3_NUCLEO-F401RE\lib_stm\libLibraries.a(ucg_ccs.o)
 .debug_aranges
                0x0000000000000838       0x48 D:\SDK_1.0.3_NUCLEO-F401RE\lib_stm\libLibraries.a(ucg_dev_default_cb.o)
 .debug_aranges
                0x0000000000000880       0x40 D:\SDK_1.0.3_NUCLEO-F401RE\lib_stm\libLibraries.a(ucg_dev_ic_st7735.o)
 .debug_aranges
                0x00000000000008c0       0x60 D:\SDK_1.0.3_NUCLEO-F401RE\lib_stm\libLibraries.a(ucg_dev_msg_api.o)
 .debug_aranges
                0x0000000000000920       0x20 D:\SDK_1.0.3_NUCLEO-F401RE\lib_stm\libLibraries.a(ucg_dev_tft_128x128_st7735.o)
 .debug_aranges
                0x0000000000000940      0x168 D:\SDK_1.0.3_NUCLEO-F401RE\lib_stm\libLibraries.a(ucg_font.o)
 .debug_aranges
                0x0000000000000aa8       0x28 D:\SDK_1.0.3_NUCLEO-F401RE\lib_stm\libLibraries.a(ucg_init.o)
 .debug_aranges
                0x0000000000000ad0       0x48 D:\SDK_1.0.3_NUCLEO-F401RE\lib_stm\libLibraries.a(ucg_line.o)
 .debug_aranges
                0x0000000000000b18       0x28 D:\SDK_1.0.3_NUCLEO-F401RE\lib_stm\libLibraries.a(ucg_pixel.o)
 .debug_aranges
                0x0000000000000b40       0x18 D:\SDK_1.0.3_NUCLEO-F401RE\lib_stm\libLibraries.a(ucg_pixel_font_data.o)
 .debug_aranges
                0x0000000000000b58       0x68 D:\SDK_1.0.3_NUCLEO-F401RE\lib_stm\libLibraries.a(ucg_rotate.o)
 .debug_aranges
                0x0000000000000bc0      0x100 D:\SDK_1.0.3_NUCLEO-F401RE\lib_stm\libLibraries.a(stm32f401re_usart.o)
 .debug_aranges
                0x0000000000000cc0       0x50 D:\SDK_1.0.3_NUCLEO-F401RE\lib_stm\libLibraries.a(ucg_clip.o)
 .debug_aranges
                0x0000000000000d10       0xa0 D:\SDK_1.0.3_NUCLEO-F401RE\lib_stm\libLibraries.a(ucg_com_msg_api.o)

.debug_rnglists
                0x0000000000000000      0x188
 .debug_rnglists
                0x0000000000000000       0x39 ./SDK_1.0.3_NUCLEO-F401RE/shared/Utilities/buff.o
 .debug_rnglists
                0x0000000000000039       0x33 ./SDK_1.0.3_NUCLEO-F401RE/shared/Utilities/utilities.o
 .debug_rnglists
                0x000000000000006c       0xf0 ./Src/main.o
 .debug_rnglists
                0x000000000000015c       0x13 ./Src/sysmem.o
 .debug_rnglists
                0x000000000000016f       0x19 ./Startup/startup_stm32f401retx.o

.debug_macro    0x0000000000000000     0xfe8a
 .debug_macro   0x0000000000000000       0xc2 ./SDK_1.0.3_NUCLEO-F401RE/shared/Utilities/buff.o
 .debug_macro   0x00000000000000c2      0xaae ./SDK_1.0.3_NUCLEO-F401RE/shared/Utilities/buff.o
 .debug_macro   0x0000000000000b70       0x22 ./SDK_1.0.3_NUCLEO-F401RE/shared/Utilities/buff.o
 .debug_macro   0x0000000000000b92       0x8e ./SDK_1.0.3_NUCLEO-F401RE/shared/Utilities/buff.o
 .debug_macro   0x0000000000000c20       0x51 ./SDK_1.0.3_NUCLEO-F401RE/shared/Utilities/buff.o
 .debug_macro   0x0000000000000c71      0x103 ./SDK_1.0.3_NUCLEO-F401RE/shared/Utilities/buff.o
 .debug_macro   0x0000000000000d74       0x6a ./SDK_1.0.3_NUCLEO-F401RE/shared/Utilities/buff.o
 .debug_macro   0x0000000000000dde      0x1df ./SDK_1.0.3_NUCLEO-F401RE/shared/Utilities/buff.o
 .debug_macro   0x0000000000000fbd       0x16 ./SDK_1.0.3_NUCLEO-F401RE/shared/Utilities/buff.o
 .debug_macro   0x0000000000000fd3       0x16 ./SDK_1.0.3_NUCLEO-F401RE/shared/Utilities/buff.o
 .debug_macro   0x0000000000000fe9       0x6b ./SDK_1.0.3_NUCLEO-F401RE/shared/Utilities/buff.o
 .debug_macro   0x0000000000001054       0x3b ./SDK_1.0.3_NUCLEO-F401RE/shared/Utilities/buff.o
 .debug_macro   0x000000000000108f       0x34 ./SDK_1.0.3_NUCLEO-F401RE/shared/Utilities/buff.o
 .debug_macro   0x00000000000010c3       0x26 ./SDK_1.0.3_NUCLEO-F401RE/shared/Utilities/buff.o
 .debug_macro   0x00000000000010e9      0xe43 ./SDK_1.0.3_NUCLEO-F401RE/shared/Utilities/buff.o
 .debug_macro   0x0000000000001f2c     0x8018 ./SDK_1.0.3_NUCLEO-F401RE/shared/Utilities/buff.o
 .debug_macro   0x0000000000009f44       0x72 ./SDK_1.0.3_NUCLEO-F401RE/shared/Utilities/utilities.o
 .debug_macro   0x0000000000009fb6       0x10 ./SDK_1.0.3_NUCLEO-F401RE/shared/Utilities/utilities.o
 .debug_macro   0x0000000000009fc6      0x35d ./Src/main.o
 .debug_macro   0x000000000000a323       0x7c ./Src/main.o
 .debug_macro   0x000000000000a39f      0x174 ./Src/main.o
 .debug_macro   0x000000000000a513       0x22 ./Src/main.o
 .debug_macro   0x000000000000a535      0x301 ./Src/main.o
 .debug_macro   0x000000000000a836      0x2b4 ./Src/main.o
 .debug_macro   0x000000000000aaea      0x36c ./Src/main.o
 .debug_macro   0x000000000000ae56       0x61 ./Src/main.o
 .debug_macro   0x000000000000aeb7       0x2a ./Src/main.o
 .debug_macro   0x000000000000aee1       0x43 ./Src/main.o
 .debug_macro   0x000000000000af24       0x34 ./Src/main.o
 .debug_macro   0x000000000000af58       0x16 ./Src/main.o
 .debug_macro   0x000000000000af6e       0x43 ./Src/main.o
 .debug_macro   0x000000000000afb1       0x34 ./Src/main.o
 .debug_macro   0x000000000000afe5       0x10 ./Src/main.o
 .debug_macro   0x000000000000aff5       0x58 ./Src/main.o
 .debug_macro   0x000000000000b04d       0x8e ./Src/main.o
 .debug_macro   0x000000000000b0db       0x1c ./Src/main.o
 .debug_macro   0x000000000000b0f7      0x177 ./Src/main.o
 .debug_macro   0x000000000000b26e      0x369 ./Src/main.o
 .debug_macro   0x000000000000b5d7       0x10 ./Src/main.o
 .debug_macro   0x000000000000b5e7       0x35 ./Src/main.o
 .debug_macro   0x000000000000b61c       0x20 ./Src/main.o
 .debug_macro   0x000000000000b63c      0x2f4 ./Src/main.o
 .debug_macro   0x000000000000b930      0x64a ./Src/main.o
 .debug_macro   0x000000000000bf7a       0x1c ./Src/main.o
 .debug_macro   0x000000000000bf96       0x10 ./Src/main.o
 .debug_macro   0x000000000000bfa6       0x1c ./Src/main.o
 .debug_macro   0x000000000000bfc2       0x16 ./Src/main.o
 .debug_macro   0x000000000000bfd8      0x147 ./Src/main.o
 .debug_macro   0x000000000000c11f       0x26 ./Src/main.o
 .debug_macro   0x000000000000c145       0xff ./Src/sysmem.o
 .debug_macro   0x000000000000c244      0x23c ./Src/sysmem.o
 .debug_macro   0x000000000000c480       0xce D:\SDK_1.0.3_NUCLEO-F401RE\lib_stm\libLibraries.a(system_stm32f4xx.o)
 .debug_macro   0x000000000000c54e      0xa66 D:\SDK_1.0.3_NUCLEO-F401RE\lib_stm\libLibraries.a(system_stm32f4xx.o)
 .debug_macro   0x000000000000cfb4       0x22 D:\SDK_1.0.3_NUCLEO-F401RE\lib_stm\libLibraries.a(system_stm32f4xx.o)
 .debug_macro   0x000000000000cfd6       0x8e D:\SDK_1.0.3_NUCLEO-F401RE\lib_stm\libLibraries.a(system_stm32f4xx.o)
 .debug_macro   0x000000000000d064       0xef D:\SDK_1.0.3_NUCLEO-F401RE\lib_stm\libLibraries.a(system_stm32f4xx.o)
 .debug_macro   0x000000000000d153       0xc3 D:\SDK_1.0.3_NUCLEO-F401RE\lib_stm\libLibraries.a(stm32f401re_gpio.o)
 .debug_macro   0x000000000000d216      0x2ee D:\SDK_1.0.3_NUCLEO-F401RE\lib_stm\libLibraries.a(stm32f401re_gpio.o)
 .debug_macro   0x000000000000d504       0xd5 D:\SDK_1.0.3_NUCLEO-F401RE\lib_stm\libLibraries.a(stm32f401re_i2c.o)
 .debug_macro   0x000000000000d5d9      0x18d D:\SDK_1.0.3_NUCLEO-F401RE\lib_stm\libLibraries.a(stm32f401re_rcc.o)
 .debug_macro   0x000000000000d766      0x644 D:\SDK_1.0.3_NUCLEO-F401RE\lib_stm\libLibraries.a(stm32f401re_rcc.o)
 .debug_macro   0x000000000000ddaa       0xe3 D:\SDK_1.0.3_NUCLEO-F401RE\lib_stm\libLibraries.a(timer.o)
 .debug_macro   0x000000000000de8d       0x1c D:\SDK_1.0.3_NUCLEO-F401RE\lib_stm\libLibraries.a(timer.o)
 .debug_macro   0x000000000000dea9       0xe3 D:\SDK_1.0.3_NUCLEO-F401RE\lib_stm\libLibraries.a(temhumsensor.o)
 .debug_macro   0x000000000000df8c       0x76 D:\SDK_1.0.3_NUCLEO-F401RE\lib_stm\libLibraries.a(temhumsensor.o)
 .debug_macro   0x000000000000e002      0x170 D:\SDK_1.0.3_NUCLEO-F401RE\lib_stm\libLibraries.a(temhumsensor.o)
 .debug_macro   0x000000000000e172      0x2ba D:\SDK_1.0.3_NUCLEO-F401RE\lib_stm\libLibraries.a(temhumsensor.o)
 .debug_macro   0x000000000000e42c      0x10a D:\SDK_1.0.3_NUCLEO-F401RE\lib_stm\libLibraries.a(serial.o)
 .debug_macro   0x000000000000e536      0x16a D:\SDK_1.0.3_NUCLEO-F401RE\lib_stm\libLibraries.a(serial.o)
 .debug_macro   0x000000000000e6a0       0x1c D:\SDK_1.0.3_NUCLEO-F401RE\lib_stm\libLibraries.a(serial.o)
 .debug_macro   0x000000000000e6bc       0x7c D:\SDK_1.0.3_NUCLEO-F401RE\lib_stm\libLibraries.a(serial.o)
 .debug_macro   0x000000000000e738      0x223 D:\SDK_1.0.3_NUCLEO-F401RE\lib_stm\libLibraries.a(serial.o)
 .debug_macro   0x000000000000e95b      0x141 D:\SDK_1.0.3_NUCLEO-F401RE\lib_stm\libLibraries.a(Ucglib.o)
 .debug_macro   0x000000000000ea9c      0x174 D:\SDK_1.0.3_NUCLEO-F401RE\lib_stm\libLibraries.a(Ucglib.o)
 .debug_macro   0x000000000000ec10       0x84 D:\SDK_1.0.3_NUCLEO-F401RE\lib_stm\libLibraries.a(ucg_box.o)
 .debug_macro   0x000000000000ec94       0x84 D:\SDK_1.0.3_NUCLEO-F401RE\lib_stm\libLibraries.a(ucg_ccs.o)
 .debug_macro   0x000000000000ed18       0x84 D:\SDK_1.0.3_NUCLEO-F401RE\lib_stm\libLibraries.a(ucg_dev_default_cb.o)
 .debug_macro   0x000000000000ed9c       0x84 D:\SDK_1.0.3_NUCLEO-F401RE\lib_stm\libLibraries.a(ucg_dev_ic_st7735.o)
 .debug_macro   0x000000000000ee20       0x88 D:\SDK_1.0.3_NUCLEO-F401RE\lib_stm\libLibraries.a(ucg_dev_msg_api.o)
 .debug_macro   0x000000000000eea8       0x84 D:\SDK_1.0.3_NUCLEO-F401RE\lib_stm\libLibraries.a(ucg_dev_tft_128x128_st7735.o)
 .debug_macro   0x000000000000ef2c      0x15a D:\SDK_1.0.3_NUCLEO-F401RE\lib_stm\libLibraries.a(ucg_font.o)
 .debug_macro   0x000000000000f086       0x46 D:\SDK_1.0.3_NUCLEO-F401RE\lib_stm\libLibraries.a(ucg_font.o)
 .debug_macro   0x000000000000f0cc       0x18 D:\SDK_1.0.3_NUCLEO-F401RE\lib_stm\libLibraries.a(ucg_font.o)
 .debug_macro   0x000000000000f0e4       0x3c D:\SDK_1.0.3_NUCLEO-F401RE\lib_stm\libLibraries.a(ucg_font.o)
 .debug_macro   0x000000000000f120       0x52 D:\SDK_1.0.3_NUCLEO-F401RE\lib_stm\libLibraries.a(ucg_font.o)
 .debug_macro   0x000000000000f172       0x1f D:\SDK_1.0.3_NUCLEO-F401RE\lib_stm\libLibraries.a(ucg_font.o)
 .debug_macro   0x000000000000f191       0x43 D:\SDK_1.0.3_NUCLEO-F401RE\lib_stm\libLibraries.a(ucg_font.o)
 .debug_macro   0x000000000000f1d4       0x20 D:\SDK_1.0.3_NUCLEO-F401RE\lib_stm\libLibraries.a(ucg_font.o)
 .debug_macro   0x000000000000f1f4      0x1a3 D:\SDK_1.0.3_NUCLEO-F401RE\lib_stm\libLibraries.a(ucg_font.o)
 .debug_macro   0x000000000000f397      0x330 D:\SDK_1.0.3_NUCLEO-F401RE\lib_stm\libLibraries.a(ucg_font.o)
 .debug_macro   0x000000000000f6c7       0x35 D:\SDK_1.0.3_NUCLEO-F401RE\lib_stm\libLibraries.a(ucg_font.o)
 .debug_macro   0x000000000000f6fc      0x145 D:\SDK_1.0.3_NUCLEO-F401RE\lib_stm\libLibraries.a(ucg_init.o)
 .debug_macro   0x000000000000f841       0x84 D:\SDK_1.0.3_NUCLEO-F401RE\lib_stm\libLibraries.a(ucg_line.o)
 .debug_macro   0x000000000000f8c5       0x84 D:\SDK_1.0.3_NUCLEO-F401RE\lib_stm\libLibraries.a(ucg_pixel.o)
 .debug_macro   0x000000000000f949       0x84 D:\SDK_1.0.3_NUCLEO-F401RE\lib_stm\libLibraries.a(ucg_pixel_font_data.o)
 .debug_macro   0x000000000000f9cd       0xbd D:\SDK_1.0.3_NUCLEO-F401RE\lib_stm\libLibraries.a(ucg_rotate.o)
 .debug_macro   0x000000000000fa8a       0xdb D:\SDK_1.0.3_NUCLEO-F401RE\lib_stm\libLibraries.a(stm32f401re_usart.o)
 .debug_macro   0x000000000000fb65      0x21d D:\SDK_1.0.3_NUCLEO-F401RE\lib_stm\libLibraries.a(stm32f401re_usart.o)
 .debug_macro   0x000000000000fd82       0x84 D:\SDK_1.0.3_NUCLEO-F401RE\lib_stm\libLibraries.a(ucg_clip.o)
 .debug_macro   0x000000000000fe06       0x84 D:\SDK_1.0.3_NUCLEO-F401RE\lib_stm\libLibraries.a(ucg_com_msg_api.o)

.debug_line     0x0000000000000000     0xa788
 .debug_line    0x0000000000000000      0x6f8 ./SDK_1.0.3_NUCLEO-F401RE/shared/Utilities/buff.o
 .debug_line    0x00000000000006f8      0x5b3 ./SDK_1.0.3_NUCLEO-F401RE/shared/Utilities/utilities.o
 .debug_line    0x0000000000000cab      0xec9 ./Src/main.o
 .debug_line    0x0000000000001b74      0x56f ./Src/sysmem.o
 .debug_line    0x00000000000020e3       0x7b ./Startup/startup_stm32f401retx.o
 .debug_line    0x000000000000215e      0x4a0 D:\SDK_1.0.3_NUCLEO-F401RE\lib_stm\libLibraries.a(system_stm32f4xx.o)