Archive member included to satisfy reference by file (symbol)

D:\Thuc_hanh_co_so\DETAIGIUAKY\driver\libstm\libLibraries.a(system_stm32f4xx.o)
                              ./Src/main.o (SystemCoreClockUpdate)
D:\Thuc_hanh_co_so\DETAIGIUAKY\driver\libstm\libLibraries.a(stm32f401re_adc.o)
                              ./Src/main.o (ADC_DeInit)
D:\Thuc_hanh_co_so\DETAIGIUAKY\driver\libstm\libLibraries.a(stm32f401re_i2c.o)
                              ./Src/main.o (I2C_Init)
D:\Thuc_hanh_co_so\DETAIGIUAKY\driver\libstm\libLibraries.a(timer.o)
                              ./Src/main.o (TimerInit)
D:\Thuc_hanh_co_so\DETAIGIUAKY\driver\libstm\libLibraries.a(temhumsensor.o)
                              ./Src/main.o (TemHumSensor_Init)
D:\Thuc_hanh_co_so\DETAIGIUAKY\driver\libstm\libLibraries.a(serial.o)
                              D:\Thuc_hanh_co_so\DETAIGIUAKY\driver\libstm\libLibraries.a(temhumsensor.o) (Serial_SendPacket)
D:\Thuc_hanh_co_so\DETAIGIUAKY\driver\libstm\libLibraries.a(Ucglib.o)
                              ./Src/main.o (Ucglib4WireSWSPI_begin)
D:\Thuc_hanh_co_so\DETAIGIUAKY\driver\libstm\libLibraries.a(ucg_box.o)
                              ./Src/main.o (ucg_ClearScreen)
D:\Thuc_hanh_co_so\DETAIGIUAKY\driver\libstm\libLibraries.a(ucg_ccs.o)
                              D:\Thuc_hanh_co_so\DETAIGIUAKY\driver\libstm\libLibraries.a(ucg_box.o) (ucg_ccs_init)
D:\Thuc_hanh_co_so\DETAIGIUAKY\driver\libstm\libLibraries.a(ucg_circle.o)
                              D:\Thuc_hanh_co_so\DETAIGIUAKY\driver\libstm\libLibraries.a(ucg_box.o) (ucg_DrawCircle)
D:\Thuc_hanh_co_so\DETAIGIUAKY\driver\libstm\libLibraries.a(ucg_dev_default_cb.o)
                              D:\Thuc_hanh_co_so\DETAIGIUAKY\driver\libstm\libLibraries.a(Ucglib.o) (ucg_dev_default_cb)
D:\Thuc_hanh_co_so\DETAIGIUAKY\driver\libstm\libLibraries.a(ucg_dev_ic_st7735.o)
                              D:\Thuc_hanh_co_so\DETAIGIUAKY\driver\libstm\libLibraries.a(Ucglib.o) (ucg_ext_st7735_18)
D:\Thuc_hanh_co_so\DETAIGIUAKY\driver\libstm\libLibraries.a(ucg_dev_msg_api.o)
                              D:\Thuc_hanh_co_so\DETAIGIUAKY\driver\libstm\libLibraries.a(ucg_box.o) (ucg_SetMaxClipRange)
D:\Thuc_hanh_co_so\DETAIGIUAKY\driver\libstm\libLibraries.a(ucg_dev_tft_128x128_st7735.o)
                              D:\Thuc_hanh_co_so\DETAIGIUAKY\driver\libstm\libLibraries.a(Ucglib.o) (ucg_dev_st7735_18x128x128)
D:\Thuc_hanh_co_so\DETAIGIUAKY\driver\libstm\libLibraries.a(ucg_font.o)
                              D:\Thuc_hanh_co_so\DETAIGIUAKY\driver\libstm\libLibraries.a(Ucglib.o) (ucg_SetFontMode)
D:\Thuc_hanh_co_so\DETAIGIUAKY\driver\libstm\libLibraries.a(ucg_init.o)
                              D:\Thuc_hanh_co_so\DETAIGIUAKY\driver\libstm\libLibraries.a(Ucglib.o) (ucg_Init)
D:\Thuc_hanh_co_so\DETAIGIUAKY\driver\libstm\libLibraries.a(ucg_line.o)
                              D:\Thuc_hanh_co_so\DETAIGIUAKY\driver\libstm\libLibraries.a(ucg_font.o) (ucg_Draw90Line)
D:\Thuc_hanh_co_so\DETAIGIUAKY\driver\libstm\libLibraries.a(ucg_pixel.o)
                              ./Src/main.o (ucg_SetColor)
D:\Thuc_hanh_co_so\DETAIGIUAKY\driver\libstm\libLibraries.a(ucg_pixel_font_data.o)
                              ./Src/main.o (ucg_font_ncenR10_hf)
D:\Thuc_hanh_co_so\DETAIGIUAKY\driver\libstm\libLibraries.a(ucg_rotate.o)
                              ./Src/main.o (ucg_SetRotate180)
D:\Thuc_hanh_co_so\DETAIGIUAKY\driver\libstm\libLibraries.a(buff.o)
                              D:\Thuc_hanh_co_so\DETAIGIUAKY\driver\libstm\libLibraries.a(serial.o) (bufInit)
D:\Thuc_hanh_co_so\DETAIGIUAKY\driver\libstm\libLibraries.a(utilities.o)
                              D:\Thuc_hanh_co_so\DETAIGIUAKY\driver\libstm\libLibraries.a(timer.o) (memsetl)
D:\Thuc_hanh_co_so\DETAIGIUAKY\driver\libstm\libLibraries.a(misc.o)
                              D:\Thuc_hanh_co_so\DETAIGIUAKY\driver\libstm\libLibraries.a(serial.o) (NVIC_PriorityGroupConfig)
D:\Thuc_hanh_co_so\DETAIGIUAKY\driver\libstm\libLibraries.a(stm32f401re_usart.o)
                              D:\Thuc_hanh_co_so\DETAIGIUAKY\driver\libstm\libLibraries.a(serial.o) (USART_Init)
D:\Thuc_hanh_co_so\DETAIGIUAKY\driver\libstm\libLibraries.a(ucg_clip.o)
                              D:\Thuc_hanh_co_so\DETAIGIUAKY\driver\libstm\libLibraries.a(ucg_dev_ic_st7735.o) (ucg_clip_is_pixel_visible)
D:\Thuc_hanh_co_so\DETAIGIUAKY\driver\libstm\libLibraries.a(ucg_com_msg_api.o)
                              D:\Thuc_hanh_co_so\DETAIGIUAKY\driver\libstm\libLibraries.a(ucg_dev_ic_st7735.o) (ucg_com_PowerUp)
D:/STM32/STM32CubeIDE_1.14.1/STM32CubeIDE/plugins/com.st.stm32cube.ide.mcu.externaltools.gnu-tools-for-stm32.11.3.rel1.win32_1.1.100.202309141235/tools/bin/../lib/gcc/arm-none-eabi/11.3.1/../../../../arm-none-eabi/lib/thumb/v7e-m+fp/hard\libc_nano.a(libc_a-exit.o)
[...]
Memory Configuration

Name             Origin             Length             Attributes
RAM              0x0000000020000000 0x0000000000018000 xrw
FLASH            0x0000000008000000 0x0000000000080000 xr
*default*        0x0000000000000000 0xffffffffffffffff

Linker script and memory map

LOAD D:/STM32/STM32CubeIDE_1.14.1/STM32CubeIDE/plugins/com.st.stm32cube.ide.mcu.externaltools.gnu-tools-for-stm32.11.3.rel1.win32_1.1.100.202309141235/tools/bin/../lib/gcc/arm-none-eabi/11.3.1/thumb/v7e-m+fp/hard/crti.o
LOAD D:/STM32/STM32CubeIDE_1.14.1/STM32CubeIDE/plugins/com.st.stm32cube.ide.mcu.externaltools.gnu-tools-for-stm32.11.3.rel1.win32_1.1.100.202309141235/tools/bin/../lib/gcc/arm-none-eabi/11.3.1/thumb/v7e-m+fp/hard/crtbegin.o
LOAD D:/STM32/STM32CubeIDE_1.14.1/STM32CubeIDE/plugins/com.st.stm32cube.ide.mcu.externaltools.gnu-tools-for-stm32.11.3.rel1.win32_1.1.100.202309141235/tools/bin/../lib/gcc/arm-none-eabi/11.3.1/../../../../arm-none-eabi/lib/thumb/v7e-m+fp/hard/crt0.o
LOAD ./Src/main.o
LOAD ./Src/syscalls.o
LOAD ./Src/sysmem.o
LOAD ./Startup/startup_stm32f401retx.o
LOAD ./driver/share/Inc/driver/Kalman_filter/kalman_filter.o
LOAD ./driver/share/Src/Ucglib.o
LOAD ./driver/share/Src/stm32f401re_gpio.o
LOAD ./driver/share/Src/stm32f401re_rcc.o
LOAD D:\Thuc_hanh_co_so\DETAIGIUAKY\driver\libstm\libLibraries.a
START GROUP
LOAD D:/STM32/STM32CubeIDE_1.14.1/STM32CubeIDE/plugins/com.st.stm32cube.ide.mcu.externaltools.gnu-tools-for-stm32.11.3.rel1.win32_1.1.100.202309141235/tools/bin/../lib/gcc/arm-none-eabi/11.3.1/../../../../arm-none-eabi/lib/thumb/v7e-m+fp/hard\libc_nano.a
LOAD D:/STM32/STM32CubeIDE_1.14.1/STM32CubeIDE/plugins/com.st.stm32cube.ide.mcu.externaltools.gnu-tools-for-stm32.11.3.rel1.win32_1.1.100.202309141235/tools/bin/../lib/gcc/arm-none-eabi/11.3.1/../../../../arm-none-eabi/lib/thumb/v7e-m+fp/hard\libm.a
END GROUP
START GROUP
LOAD D:/STM32/STM32CubeIDE_1.14.1/STM32CubeIDE/plugins/com.st.stm32cube.ide.mcu.externaltools.gnu-tools-for-stm32.11.3.rel1.win32_1.1.100.202309141235/tools/bin/../lib/gcc/arm-none-eabi/11.3.1/thumb/v7e-m+fp/hard\libgcc.a
LOAD D:/STM32/STM32CubeIDE_1.14.1/STM32CubeIDE/plugins/com.st.stm32cube.ide.mcu.externaltools.gnu-tools-for-stm32.11.3.rel1.win32_1.1.100.202309141235/tools/bin/../lib/gcc/arm-none-eabi/11.3.1/../../../../arm-none-eabi/lib/thumb/v7e-m+fp/hard\libc_nano.a
END GROUP
START GROUP
LOAD D:/STM32/STM32CubeIDE_1.14.1/STM32CubeIDE/plugins/com.st.stm32cube.ide.mcu.externaltools.gnu-tools-for-stm32.11.3.rel1.win32_1.1.100.202309141235/tools/bin/../lib/gcc/arm-none-eabi/11.3.1/thumb/v7e-m+fp/hard\libgcc.a
LOAD D:/STM32/STM32CubeIDE_1.14.1/STM32CubeIDE/plugins/com.st.stm32cube.ide.mcu.externaltools.gnu-tools-for-stm32.11.3.rel1.win32_1.1.100.202309141235/tools/bin/../lib/gcc/arm-none-eabi/11.3.1/../../../../arm-none-eabi/lib/thumb/v7e-m+fp/hard\libc_nano.a
LOAD D:/STM32/STM32CubeIDE_1.14.1/STM32CubeIDE/plugins/com.st.stm32cube.ide.mcu.externaltools.gnu-tools-for-stm32.11.3.rel1.win32_1.1.100.202309141235/tools/bin/../lib/gcc/arm-none-eabi/11.3.1/../../../../arm-none-eabi/lib/thumb/v7e-m+fp/hard\libnosys.a
END GROUP
START GROUP
LOAD D:/STM32/STM32CubeIDE_1.14.1/STM32CubeIDE/plugins/com.st.stm32cube.ide.mcu.externaltools.gnu-tools-for-stm32.11.3.rel1.win32_1.1.100.202309141235/tools/bin/../lib/gcc/arm-none-eabi/11.3.1/thumb/v7e-m+fp/hard\libgcc.a
LOAD D:/STM32/STM32CubeIDE_1.14.1/STM32CubeIDE/plugins/com.st.stm32cube.ide.mcu.externaltools.gnu-tools-for-stm32.11.3.rel1.win32_1.1.100.202309141235/tools/bin/../lib/gcc/arm-none-eabi/11.3.1/../../../../arm-none-eabi/lib/thumb/v7e-m+fp/hard\libc_nano.a
LOAD D:/STM32/STM32CubeIDE_1.14.1/STM32CubeIDE/plugins/com.st.stm32cube.ide.mcu.externaltools.gnu-tools-for-stm32.11.3.rel1.win32_1.1.100.202309141235/tools/bin/../lib/gcc/arm-none-eabi/11.3.1/../../../../arm-none-eabi/lib/thumb/v7e-m+fp/hard\libnosys.a
END GROUP
LOAD D:/STM32/STM32CubeIDE_1.14.1/STM32CubeIDE/plugins/com.st.stm32cube.ide.mcu.externaltools.gnu-tools-for-stm32.11.3.rel1.win32_1.1.100.202309141235/tools/bin/../lib/gcc/arm-none-eabi/11.3.1/thumb/v7e-m+fp/hard/crtend.o
LOAD D:/STM32/STM32CubeIDE_1.14.1/STM32CubeIDE/plugins/com.st.stm32cube.ide.mcu.externaltools.gnu-tools-for-stm32.11.3.rel1.win32_1.1.100.202309141235/tools/bin/../lib/gcc/arm-none-eabi/11.3.1/thumb/v7e-m+fp/hard/crtn.o
                0x0000000020018000                _estack = (ORIGIN (RAM) + LENGTH (RAM))
                0x0000000000000200                _Min_Heap_Size = 0x200
                0x0000000000000400                _Min_Stack_Size = 0x400

.isr_vector     0x0000000008000000      0x194
                0x0000000008000000                . = ALIGN (0x4)
 *(.isr_vector)
 .isr_vector    0x0000000008000000      0x194 ./Startup/startup_stm32f401retx.o
                0x0000000008000000                g_pfnVectors
                0x0000000008000194                . = ALIGN (0x4)

.text           0x00000000080001a0     0x566c
                0x00000000080001a0                . = ALIGN (0x4)
 *(.text)
 .text          0x00000000080001a0       0x40 D:/STM32/STM32CubeIDE_1.14.1/STM32CubeIDE/plugins/com.st.stm32cube.ide.mcu.externaltools.gnu-tools-for-stm32.11.3.rel1.win32_1.1.100.202309141235/tools/bin/../lib/gcc/arm-none-eabi/11.3.1/thumb/v7e-m+fp/hard/crtbegin.o
 .text          0x00000000080001e0       0xa0 D:/STM32/STM32CubeIDE_1.14.1/STM32CubeIDE/plugins/com.st.stm32cube.ide.mcu.externaltools.gnu-tools-for-stm32.11.3.rel1.win32_1.1.100.202309141235/tools/bin/../lib/gcc/arm-none-eabi/11.3.1/../../../../arm-none-eabi/lib/thumb/v7e-m+fp/hard\libc_nano.a(libc_a-memchr.o)
                0x00000000080001e0                memchr
 .text          0x0000000008000280      0x254 D:/STM32/STM32CubeIDE_1.14.1/STM32CubeIDE/plugins/com.st.stm32cube.ide.mcu.externaltools.gnu-tools-for-stm32.11.3.rel1.win32_1.1.100.202309141235/tools/bin/../lib/gcc/arm-none-eabi/11.3.1/thumb/v7e-m+fp/hard\libgcc.a(_arm_muldf3.o)
                0x0000000008000280                __muldf3
                0x0000000008000280                __aeabi_dmul
 .text          0x00000000080004d4      0x378 D:/STM32/STM32CubeIDE_1.14.1/STM32CubeIDE/plugins/com.st.stm32cube.ide.mcu.externaltools.gnu-tools-for-stm32.11.3.rel1.win32_1.1.100.202309141235/tools/bin/../lib/gcc/arm-none-eabi/11.3.1/thumb/v7e-m+fp/hard\libgcc.a(_arm_addsubdf3.o)
                0x00000000080004d4                __aeabi_drsub
                0x00000000080004dc                __aeabi_dsub
                0x00000000080004dc                __subdf3
                0x00000000080004e0                __aeabi_dadd
                0x00000000080004e0                __adddf3
                0x0000000008000758                __floatunsidf
                0x0000000008000758                __aeabi_ui2d
                0x0000000008000778                __floatsidf
                0x0000000008000778                __aeabi_i2d
                0x000000000800079c                __aeabi_f2d
                0x000000000800079c                __extendsfdf2
                0x00000000080007e0                __floatundidf
                0x00000000080007e0                __aeabi_ul2d
                0x00000000080007f0                __floatdidf
                0x00000000080007f0                __aeabi_l2d
 .text          0x000000000800084c       0xa0 D:/STM32/STM32CubeIDE_1.14.1/STM32CubeIDE/plugins/com.st.stm32cube.ide.mcu.externaltools.gnu-tools-for-stm32.11.3.rel1.win32_1.1.100.202309141235/tools/bin/../lib/gcc/arm-none-eabi/11.3.1/thumb/v7e-m+fp/hard\libgcc.a(_arm_truncdfsf2.o)
                0x000000000800084c                __truncdfsf2
                0x000000000800084c                __aeabi_d2f
 *(.text*)
 .text.main     0x00000000080008ec       0x1a ./Src/main.o
                0x00000000080008ec                main
 .text.delay_ms
                0x0000000008000906       0x30 ./Src/main.o
                0x0000000008000906                delay_ms
 .text.CalculatorTime
                0x0000000008000936       0x34 ./Src/main.o
                0x0000000008000936                CalculatorTime
 *fill*         0x000000000800096a        0x2 
 .text.AppCommon
                0x000000000800096c       0x74 ./Src/main.o
 .text.SPI1_Init
                0x00000000080009e0       0x60 ./Src/main.o
 .text.I2C_Init_temphumi
                0x0000000008000a40       0x94 ./Src/main.o
 .text.I2C_start
                0x0000000008000ad4       0x3c ./Src/main.o
                0x0000000008000ad4                I2C_start
 .text.I2C_address_direction
                0x0000000008000b10       0x60 ./Src/main.o
                0x0000000008000b10                I2C_address_direction
 .text.I2C_transmit
                0x0000000008000b70       0x38 ./Src/main.o
                0x0000000008000b70                I2C_transmit
 .text.I2C_stop
                0x0000000008000ba8       0x14 ./Src/main.o
                0x0000000008000ba8                I2C_stop
 .text.I2C_receive_nack
                0x0000000008000bbc       0x30 ./Src/main.o
                0x0000000008000bbc                I2C_receive_nack
 .text.I2C_receive_ack
                0x0000000008000bec       0x30 ./Src/main.o
                0x0000000008000bec                I2C_receive_ack
 .text.TemHumSensor_readRegister
                0x0000000008000c1c       0xba ./Src/main.o
 *fill*         0x0000000008000cd6        0x2 
 .text.GetTemp_Sensor
                0x0000000008000cd8       0x64 ./Src/main.o
                0x0000000008000cd8                GetTemp_Sensor
 .text.GetHumi_Sensor
                0x0000000008000d3c       0x64 ./Src/main.o
                0x0000000008000d3c                GetHumi_Sensor
 .text.processGetValueSensor
                0x0000000008000da0      0x1a4 ./Src/main.o
                0x0000000008000da0                processGetValueSensor
 .text.Scan_SensorLCD
                0x0000000008000f44       0x8c ./Src/main.o
                0x0000000008000f44                Scan_SensorLCD
 .text.Scan_TimeSensor
                0x0000000008000fd0       0x48 ./Src/main.o
                0x0000000008000fd0                Scan_TimeSensor
 .text.LightSensor_AdcInit
                0x0000000008001018       0xb8 ./Src/main.o
 .text.LightSensor_AdcPollingRead
                0x00000000080010d0       0x38 ./Src/main.o
                0x00000000080010d0                LightSensor_AdcPollingRead
 .text.AppInitCommon
                0x0000000008001108       0x70 ./Src/main.o
 .text.Kanman_Light
                0x0000000008001178       0x40 ./Src/main.o
                0x0000000008001178                Kanman_Light
 .text.ABL_Process
                0x00000000080011b8       0xbc ./Src/main.o
 .text._sbrk    0x0000000008001274       0x6c ./Src/sysmem.o
                0x0000000008001274                _sbrk
 .text.Reset_Handler
                0x00000000080012e0       0x50 ./Startup/startup_stm32f401retx.o
                0x00000000080012e0                Reset_Handler
 .text.Default_Handler
                0x0000000008001330        0x2 ./Startup/startup_stm32f401retx.o
                0x0000000008001330                EXTI2_IRQHandler
                0x0000000008001330                DebugMon_Handler
                0x0000000008001330                SPI4_IRQHandler
                0x0000000008001330                TIM1_CC_IRQHandler
                0x0000000008001330                DMA2_Stream5_IRQHandler
                0x0000000008001330                HardFault_Handler
                0x0000000008001330                DMA1_Stream5_IRQHandler
                0x0000000008001330                SDIO_IRQHandler
                0x0000000008001330                TAMP_STAMP_IRQHandler
                0x0000000008001330                PendSV_Handler
                0x0000000008001330                NMI_Handler
                0x0000000008001330                EXTI3_IRQHandler
                0x0000000008001330                TIM1_UP_TIM10_IRQHandler
                0x0000000008001330                I2C3_ER_IRQHandler
                0x0000000008001330                EXTI18_OTG_FS_WKUP_IRQHandler
                0x0000000008001330                EXTI0_IRQHandler
                0x0000000008001330                I2C2_EV_IRQHandler
                0x0000000008001330                DMA1_Stream2_IRQHandler
                0x0000000008001330                UsageFault_Handler
                0x0000000008001330                DMA2_Stream2_IRQHandler
                0x0000000008001330                SPI1_IRQHandler
                0x0000000008001330                TIM1_BRK_TIM9_IRQHandler
                0x0000000008001330                DMA2_Stream3_IRQHandler
                0x0000000008001330                USART6_IRQHandler
                0x0000000008001330                DMA2_Stream0_IRQHandler
                0x0000000008001330                TIM4_IRQHandler
                0x0000000008001330                I2C1_EV_IRQHandler
                0x0000000008001330                DMA1_Stream6_IRQHandler
                0x0000000008001330                DMA1_Stream1_IRQHandler
                0x0000000008001330                TIM3_IRQHandler
                0x0000000008001330                RCC_IRQHandler
                0x0000000008001330                Default_Handler
                0x0000000008001330                EXTI15_10_IRQHandler
                0x0000000008001330                ADC_IRQHandler
                0x0000000008001330                DMA1_Stream7_IRQHandler
                0x0000000008001330                TIM5_IRQHandler
                0x0000000008001330                DMA2_Stream7_IRQHandler
                0x0000000008001330                I2C3_EV_IRQHandler
                0x0000000008001330                EXTI9_5_IRQHandler
                0x0000000008001330                SPI2_IRQHandler
                0x0000000008001330                MemManage_Handler
                0x0000000008001330                DMA1_Stream0_IRQHandler
                0x0000000008001330                SVC_Handler
                0x0000000008001330                EXTI4_IRQHandler
                0x0000000008001330                EXTI22_RTC_WKUP_IRQHandler
                0x0000000008001330                TIM2_IRQHandler
                0x0000000008001330                EXTI16_PVD_IRQHandler
                0x0000000008001330                TIM1_TRG_COM_TIM11_IRQHandler
                0x0000000008001330                EXTI1_IRQHandler
                0x0000000008001330                EXTI17_RTC_Alarm_IRQHandler
                0x0000000008001330                I2C2_ER_IRQHandler
                0x0000000008001330                DMA2_Stream1_IRQHandler
                0x0000000008001330                FLASH_IRQHandler
                0x0000000008001330                DMA2_Stream4_IRQHandler
                0x0000000008001330                BusFault_Handler
                0x0000000008001330                USART1_IRQHandler
                0x0000000008001330                OTG_FS_IRQHandler
                0x0000000008001330                SPI3_IRQHandler
                0x0000000008001330                DMA1_Stream4_IRQHandler
                0x0000000008001330                I2C1_ER_IRQHandler
                0x0000000008001330                DMA2_Stream6_IRQHandler
                0x0000000008001330                DMA1_Stream3_IRQHandler
 *fill*         0x0000000008001332        0x2 
 .text.KalmanFilterInit
                0x0000000008001334       0x3c ./driver/share/Inc/driver/Kalman_filter/kalman_filter.o
                0x0000000008001334                KalmanFilterInit
 .text.KalmanFilter_updateEstimate
                0x0000000008001370      0x120 ./driver/share/Inc/driver/Kalman_filter/kalman_filter.o
                0x0000000008001370                KalmanFilter_updateEstimate
 .text.GPIO_Init
                0x0000000008001490      0x11e ./driver/share/Src/stm32f401re_gpio.o
                0x0000000008001490                GPIO_Init
 .text.GPIO_WriteBit
                0x00000000080015ae       0x30 ./driver/share/Src/stm32f401re_gpio.o
                0x00000000080015ae                GPIO_WriteBit
 .text.GPIO_PinAFConfig
                0x00000000080015de       0x92 ./driver/share/Src/stm32f401re_gpio.o
                0x00000000080015de                GPIO_PinAFConfig
 .text.RCC_GetClocksFreq
                0x0000000008001670      0x15c ./driver/share/Src/stm32f401re_rcc.o
                0x0000000008001670                RCC_GetClocksFreq
 .text.RCC_AHB1PeriphClockCmd
                0x00000000080017cc       0x40 ./driver/share/Src/stm32f401re_rcc.o
                0x00000000080017cc                RCC_AHB1PeriphClockCmd
 .text.RCC_APB1PeriphClockCmd
                0x000000000800180c       0x40 ./driver/share/Src/stm32f401re_rcc.o
                0x000000000800180c                RCC_APB1PeriphClockCmd
 .text.RCC_APB2PeriphClockCmd
                0x000000000800184c       0x40 ./driver/share/Src/stm32f401re_rcc.o
                0x000000000800184c                RCC_APB2PeriphClockCmd
 .text.RCC_APB2PeriphResetCmd
                0x000000000800188c       0x40 ./driver/share/Src/stm32f401re_rcc.o
                0x000000000800188c                RCC_APB2PeriphResetCmd
 .text.SystemInit
                0x00000000080018cc       0x6c D:\Thuc_hanh_co_so\DETAIGIUAKY\driver\libstm\libLibraries.a(system_stm32f4xx.o)
                0x00000000080018cc                SystemInit
 .text.SystemCoreClockUpdate
                0x0000000008001938       0xf8 D:\Thuc_hanh_co_so\DETAIGIUAKY\driver\libstm\libLibraries.a(system_stm32f4xx.o)
                0x0000000008001938                SystemCoreClockUpdate
 .text.SetSysClock
                0x0000000008001a30       0xa0 D:\Thuc_hanh_co_so\DETAIGIUAKY\driver\libstm\libLibraries.a(system_stm32f4xx.o)
 .text.ADC_DeInit
                0x0000000008001ad0       0x1c D:\Thuc_hanh_co_so\DETAIGIUAKY\driver\libstm\libLibraries.a(stm32f401re_adc.o)
                0x0000000008001ad0                ADC_DeInit
 .text.ADC_Init
                0x0000000008001aec       0xac D:\Thuc_hanh_co_so\DETAIGIUAKY\driver\libstm\libLibraries.a(stm32f401re_adc.o)
                0x0000000008001aec                ADC_Init
 .text.ADC_CommonInit
                0x0000000008001b98       0x50 D:\Thuc_hanh_co_so\DETAIGIUAKY\driver\libstm\libLibraries.a(stm32f401re_adc.o)
                0x0000000008001b98                ADC_CommonInit
 .text.ADC_Cmd  0x0000000008001be8       0x38 D:\Thuc_hanh_co_so\DETAIGIUAKY\driver\libstm\libLibraries.a(stm32f401re_adc.o)
                0x0000000008001be8                ADC_Cmd
 .text.ADC_RegularChannelConfig
                0x0000000008001c20      0x194 D:\Thuc_hanh_co_so\DETAIGIUAKY\driver\libstm\libLibraries.a(stm32f401re_adc.o)
                0x0000000008001c20                ADC_RegularChannelConfig
 .text.ADC_SoftwareStartConv
                0x0000000008001db4       0x20 D:\Thuc_hanh_co_so\DETAIGIUAKY\driver\libstm\libLibraries.a(stm32f401re_adc.o)
                0x0000000008001db4                ADC_SoftwareStartConv
 .text.ADC_EOCOnEachRegularChannelCmd
                0x0000000008001dd4       0x38 D:\Thuc_hanh_co_so\DETAIGIUAKY\driver\libstm\libLibraries.a(stm32f401re_adc.o)
                0x0000000008001dd4                ADC_EOCOnEachRegularChannelCmd
 .text.ADC_ContinuousModeCmd
                0x0000000008001e0c       0x38 D:\Thuc_hanh_co_so\DETAIGIUAKY\driver\libstm\libLibraries.a(stm32f401re_adc.o)
                0x0000000008001e0c                ADC_ContinuousModeCmd
 .text.ADC_DiscModeChannelCountConfig
                0x0000000008001e44       0x44 D:\Thuc_hanh_co_so\DETAIGIUAKY\driver\libstm\libLibraries.a(stm32f401re_adc.o)
                0x0000000008001e44                ADC_DiscModeChannelCountConfig
 .text.ADC_DiscModeCmd
                0x0000000008001e88       0x38 D:\Thuc_hanh_co_so\DETAIGIUAKY\driver\libstm\libLibraries.a(stm32f401re_adc.o)
                0x0000000008001e88                ADC_DiscModeCmd
 .text.ADC_GetConversionValue
                0x0000000008001ec0       0x1a D:\Thuc_hanh_co_so\DETAIGIUAKY\driver\libstm\libLibraries.a(stm32f401re_adc.o)
                0x0000000008001ec0                ADC_GetConversionValue
 .text.ADC_GetFlagStatus
                0x0000000008001eda       0x34 D:\Thuc_hanh_co_so\DETAIGIUAKY\driver\libstm\libLibraries.a(stm32f401re_adc.o)
                0x0000000008001eda                ADC_GetFlagStatus
 *fill*         0x0000000008001f0e        0x2 
 .text.I2C_Init
                0x0000000008001f10      0x184 D:\Thuc_hanh_co_so\DETAIGIUAKY\driver\libstm\libLibraries.a(stm32f401re_i2c.o)
                0x0000000008001f10                I2C_Init
 .text.I2C_Cmd  0x0000000008002094       0x40 D:\Thuc_hanh_co_so\DETAIGIUAKY\driver\libstm\libLibraries.a(stm32f401re_i2c.o)
                0x0000000008002094                I2C_Cmd
 .text.I2C_GenerateSTART
                0x00000000080020d4       0x40 D:\Thuc_hanh_co_so\DETAIGIUAKY\driver\libstm\libLibraries.a(stm32f401re_i2c.o)
                0x00000000080020d4                I2C_GenerateSTART
 .text.I2C_GenerateSTOP
                0x0000000008002114       0x40 D:\Thuc_hanh_co_so\DETAIGIUAKY\driver\libstm\libLibraries.a(stm32f401re_i2c.o)
                0x0000000008002114                I2C_GenerateSTOP
 .text.I2C_Send7bitAddress
                0x0000000008002154       0x3c D:\Thuc_hanh_co_so\DETAIGIUAKY\driver\libstm\libLibraries.a(stm32f401re_i2c.o)
                0x0000000008002154                I2C_Send7bitAddress
 .text.I2C_AcknowledgeConfig
                0x0000000008002190       0x40 D:\Thuc_hanh_co_so\DETAIGIUAKY\driver\libstm\libLibraries.a(stm32f401re_i2c.o)
                0x0000000008002190                I2C_AcknowledgeConfig
 .text.I2C_SendData
                0x00000000080021d0       0x20 D:\Thuc_hanh_co_so\DETAIGIUAKY\driver\libstm\libLibraries.a(stm32f401re_i2c.o)
                0x00000000080021d0                I2C_SendData
 .text.I2C_ReceiveData
                0x00000000080021f0       0x1c D:\Thuc_hanh_co_so\DETAIGIUAKY\driver\libstm\libLibraries.a(stm32f401re_i2c.o)
                0x00000000080021f0                I2C_ReceiveData
 .text.I2C_CheckEvent
                0x000000000800220c       0x60 D:\Thuc_hanh_co_so\DETAIGIUAKY\driver\libstm\libLibraries.a(stm32f401re_i2c.o)
                0x000000000800220c                I2C_CheckEvent
 .text.I2C_GetFlagStatus
                0x000000000800226c       0x66 D:\Thuc_hanh_co_so\DETAIGIUAKY\driver\libstm\libLibraries.a(stm32f401re_i2c.o)
                0x000000000800226c                I2C_GetFlagStatus
 *fill*         0x00000000080022d2        0x2 
 .text.NVIC_SetPriority
                0x00000000080022d4       0x54 D:\Thuc_hanh_co_so\DETAIGIUAKY\driver\libstm\libLibraries.a(timer.o)
 .text.SysTick_Config
                0x0000000008002328       0x44 D:\Thuc_hanh_co_so\DETAIGIUAKY\driver\libstm\libLibraries.a(timer.o)
 .text.TimerInit
                0x000000000800236c       0x44 D:\Thuc_hanh_co_so\DETAIGIUAKY\driver\libstm\libLibraries.a(timer.o)
                0x000000000800236c                TimerInit
 .text.TimerStart
                0x00000000080023b0       0xc4 D:\Thuc_hanh_co_so\DETAIGIUAKY\driver\libstm\libLibraries.a(timer.o)
                0x00000000080023b0                TimerStart
 .text.TimerStop
                0x0000000008002474       0xa0 D:\Thuc_hanh_co_so\DETAIGIUAKY\driver\libstm\libLibraries.a(timer.o)
                0x0000000008002474                TimerStop
 .text.GetMilSecTick
                0x0000000008002514       0x18 D:\Thuc_hanh_co_so\DETAIGIUAKY\driver\libstm\libLibraries.a(timer.o)
                0x0000000008002514                GetMilSecTick
 .text.processTimerScheduler
                0x000000000800252c       0xf0 D:\Thuc_hanh_co_so\DETAIGIUAKY\driver\libstm\libLibraries.a(timer.o)
                0x000000000800252c                processTimerScheduler
 .text.TimeExpired
                0x000000000800261c       0xcc D:\Thuc_hanh_co_so\DETAIGIUAKY\driver\libstm\libLibraries.a(timer.o)
 .text.SysTick_Handler
                0x00000000080026e8       0x1c D:\Thuc_hanh_co_so\DETAIGIUAKY\driver\libstm\libLibraries.a(timer.o)
                0x00000000080026e8                SysTick_Handler
 .text.TemHumSensor_Init
                0x0000000008002704        0xc D:\Thuc_hanh_co_so\DETAIGIUAKY\driver\libstm\libLibraries.a(temhumsensor.o)
                0x0000000008002704                TemHumSensor_Init
 .text.i2c_config
                0x0000000008002710       0x94 D:\Thuc_hanh_co_so\DETAIGIUAKY\driver\libstm\libLibraries.a(temhumsensor.o)
                0x0000000008002710                i2c_config
 .text.USART2_IRQHandler
                0x00000000080027a4       0x50 D:\Thuc_hanh_co_so\DETAIGIUAKY\driver\libstm\libLibraries.a(serial.o)
                0x00000000080027a4                USART2_IRQHandler
 .text.delayMicroseconds
                0x00000000080027f4       0x14 D:\Thuc_hanh_co_so\DETAIGIUAKY\driver\libstm\libLibraries.a(Ucglib.o)
 .text.ucg_gpio_init
                0x0000000008002808       0x60 D:\Thuc_hanh_co_so\DETAIGIUAKY\driver\libstm\libLibraries.a(Ucglib.o)
 .text.ucg_com_arduino_send_generic_SW_SPI
                0x0000000008002868       0x74 D:\Thuc_hanh_co_so\DETAIGIUAKY\driver\libstm\libLibraries.a(Ucglib.o)
 .text.ucg_com_arduino_generic_SW_SPI
                0x00000000080028dc      0x1ec D:\Thuc_hanh_co_so\DETAIGIUAKY\driver\libstm\libLibraries.a(Ucglib.o)
 .text.Ucglib4WireSWSPI_begin
                0x0000000008002ac8       0x38 D:\Thuc_hanh_co_so\DETAIGIUAKY\driver\libstm\libLibraries.a(Ucglib.o)
                0x0000000008002ac8                Ucglib4WireSWSPI_begin
 .text.ucg_DrawBox
                0x0000000008002b00       0x56 D:\Thuc_hanh_co_so\DETAIGIUAKY\driver\libstm\libLibraries.a(ucg_box.o)
                0x0000000008002b00                ucg_DrawBox
 .text.ucg_ClearScreen
                0x0000000008002b56       0x50 D:\Thuc_hanh_co_so\DETAIGIUAKY\driver\libstm\libLibraries.a(ucg_box.o)
                0x0000000008002b56                ucg_ClearScreen
 .text.ucg_ccs_init
                0x0000000008002ba6       0xc0 D:\Thuc_hanh_co_so\DETAIGIUAKY\driver\libstm\libLibraries.a(ucg_ccs.o)
                0x0000000008002ba6                ucg_ccs_init
 .text.ucg_ccs_step
                0x0000000008002c66       0x80 D:\Thuc_hanh_co_so\DETAIGIUAKY\driver\libstm\libLibraries.a(ucg_ccs.o)
                0x0000000008002c66                ucg_ccs_step
 .text.ucg_ccs_seek
                0x0000000008002ce6       0xca D:\Thuc_hanh_co_so\DETAIGIUAKY\driver\libstm\libLibraries.a(ucg_ccs.o)
                0x0000000008002ce6                ucg_ccs_seek
 .text.ucg_dev_default_cb
                0x0000000008002db0       0x44 D:\Thuc_hanh_co_so\DETAIGIUAKY\driver\libstm\libLibraries.a(ucg_dev_default_cb.o)
                0x0000000008002db0                ucg_dev_default_cb
 .text.ucg_ext_none
                0x0000000008002df4       0x1c D:\Thuc_hanh_co_so\DETAIGIUAKY\driver\libstm\libLibraries.a(ucg_dev_default_cb.o)
                0x0000000008002df4                ucg_ext_none
 .text.ucg_handle_st7735_l90fx
                0x0000000008002e10       0xd8 D:\Thuc_hanh_co_so\DETAIGIUAKY\driver\libstm\libLibraries.a(ucg_dev_ic_st7735.o)
                0x0000000008002e10                ucg_handle_st7735_l90fx
 .text.ucg_handle_st7735_l90se
                0x0000000008002ee8      0x154 D:\Thuc_hanh_co_so\DETAIGIUAKY\driver\libstm\libLibraries.a(ucg_dev_ic_st7735.o)
                0x0000000008002ee8                ucg_handle_st7735_l90se
 .text.ucg_dev_ic_st7735_18
                0x000000000800303c       0xf8 D:\Thuc_hanh_co_so\DETAIGIUAKY\driver\libstm\libLibraries.a(ucg_dev_ic_st7735.o)
                0x000000000800303c                ucg_dev_ic_st7735_18
 .text.ucg_ext_st7735_18
                0x0000000008003134       0x28 D:\Thuc_hanh_co_so\DETAIGIUAKY\driver\libstm\libLibraries.a(ucg_dev_ic_st7735.o)
                0x0000000008003134                ucg_ext_st7735_18
 .text.ucg_PowerDown
                0x000000000800315c       0x34 D:\Thuc_hanh_co_so\DETAIGIUAKY\driver\libstm\libLibraries.a(ucg_dev_msg_api.o)
                0x000000000800315c                ucg_PowerDown
 .text.ucg_PowerUp
                0x0000000008003190       0x3c D:\Thuc_hanh_co_so\DETAIGIUAKY\driver\libstm\libLibraries.a(ucg_dev_msg_api.o)
                0x0000000008003190                ucg_PowerUp
 .text.ucg_SetClipBox
                0x00000000080031cc       0x1e D:\Thuc_hanh_co_so\DETAIGIUAKY\driver\libstm\libLibraries.a(ucg_dev_msg_api.o)
                0x00000000080031cc                ucg_SetClipBox
 .text.ucg_SetMaxClipRange
                0x00000000080031ea       0x30 D:\Thuc_hanh_co_so\DETAIGIUAKY\driver\libstm\libLibraries.a(ucg_dev_msg_api.o)
                0x00000000080031ea                ucg_SetMaxClipRange
 .text.ucg_GetDimension
                0x000000000800321a       0x24 D:\Thuc_hanh_co_so\DETAIGIUAKY\driver\libstm\libLibraries.a(ucg_dev_msg_api.o)
                0x000000000800321a                ucg_GetDimension
 .text.ucg_DrawL90FXWithArg
                0x000000000800323e       0x1e D:\Thuc_hanh_co_so\DETAIGIUAKY\driver\libstm\libLibraries.a(ucg_dev_msg_api.o)
                0x000000000800323e                ucg_DrawL90FXWithArg
 .text.ucg_dev_st7735_18x128x128
                0x000000000800325c       0x80 D:\Thuc_hanh_co_so\DETAIGIUAKY\driver\libstm\libLibraries.a(ucg_dev_tft_128x128_st7735.o)
                0x000000000800325c                ucg_dev_st7735_18x128x128
 .text.ucg_font_get_byte
                0x00000000080032dc       0x24 D:\Thuc_hanh_co_so\DETAIGIUAKY\driver\libstm\libLibraries.a(ucg_font.o)
 .text.ucg_font_get_word
                0x0000000008003300       0x40 D:\Thuc_hanh_co_so\DETAIGIUAKY\driver\libstm\libLibraries.a(ucg_font.o)
 .text.ucg_read_font_info
                0x0000000008003340      0x142 D:\Thuc_hanh_co_so\DETAIGIUAKY\driver\libstm\libLibraries.a(ucg_font.o)
                0x0000000008003340                ucg_read_font_info
 .text.ucg_font_decode_get_unsigned_bits
                0x0000000008003482       0x96 D:\Thuc_hanh_co_so\DETAIGIUAKY\driver\libstm\libLibraries.a(ucg_font.o)
                0x0000000008003482                ucg_font_decode_get_unsigned_bits
 .text.ucg_font_decode_get_signed_bits
                0x0000000008003518       0x46 D:\Thuc_hanh_co_so\DETAIGIUAKY\driver\libstm\libLibraries.a(ucg_font.o)
                0x0000000008003518                ucg_font_decode_get_signed_bits
 .text.ucg_add_vector_y
                0x000000000800355e       0x7a D:\Thuc_hanh_co_so\DETAIGIUAKY\driver\libstm\libLibraries.a(ucg_font.o)
 .text.ucg_add_vector_x
                0x00000000080035d8       0x7a D:\Thuc_hanh_co_so\DETAIGIUAKY\driver\libstm\libLibraries.a(ucg_font.o)
 .text.ucg_font_decode_len
                0x0000000008003652      0x118 D:\Thuc_hanh_co_so\DETAIGIUAKY\driver\libstm\libLibraries.a(ucg_font.o)
                0x0000000008003652                ucg_font_decode_len
 .text.ucg_font_setup_decode
                0x000000000800376a       0x64 D:\Thuc_hanh_co_so\DETAIGIUAKY\driver\libstm\libLibraries.a(ucg_font.o)
 .text.ucg_font_decode_glyph
                0x00000000080037ce      0x14c D:\Thuc_hanh_co_so\DETAIGIUAKY\driver\libstm\libLibraries.a(ucg_font.o)
                0x00000000080037ce                ucg_font_decode_glyph
 .text.ucg_font_get_glyph_data
                0x000000000800391a       0x7a D:\Thuc_hanh_co_so\DETAIGIUAKY\driver\libstm\libLibraries.a(ucg_font.o)
                0x000000000800391a                ucg_font_get_glyph_data
 .text.ucg_font_draw_glyph
                0x0000000008003994       0x62 D:\Thuc_hanh_co_so\DETAIGIUAKY\driver\libstm\libLibraries.a(ucg_font.o)
                0x0000000008003994                ucg_font_draw_glyph
 .text.ucg_SetFontMode
                0x00000000080039f6       0x20 D:\Thuc_hanh_co_so\DETAIGIUAKY\driver\libstm\libLibraries.a(ucg_font.o)
                0x00000000080039f6                ucg_SetFontMode
 *fill*         0x0000000008003a16        0x2 
 .text.ucg_DrawGlyph
                0x0000000008003a18       0xb0 D:\Thuc_hanh_co_so\DETAIGIUAKY\driver\libstm\libLibraries.a(ucg_font.o)
                0x0000000008003a18                ucg_DrawGlyph
 .text.task_drawString
                0x0000000008003ac8      0x138 D:\Thuc_hanh_co_so\DETAIGIUAKY\driver\libstm\libLibraries.a(ucg_font.o)
                0x0000000008003ac8                task_drawString
 .text.ucg_DrawString
                0x0000000008003c00       0x78 D:\Thuc_hanh_co_so\DETAIGIUAKY\driver\libstm\libLibraries.a(ucg_font.o)
                0x0000000008003c00                ucg_DrawString
 .text.ucg_UpdateRefHeight
                0x0000000008003c78       0xd8 D:\Thuc_hanh_co_so\DETAIGIUAKY\driver\libstm\libLibraries.a(ucg_font.o)
                0x0000000008003c78                ucg_UpdateRefHeight
 .text.ucg_font_calc_vref_font
                0x0000000008003d50       0x16 D:\Thuc_hanh_co_so\DETAIGIUAKY\driver\libstm\libLibraries.a(ucg_font.o)
                0x0000000008003d50                ucg_font_calc_vref_font
 *fill*         0x0000000008003d66        0x2 
 .text.ucg_SetFontPosBaseline
                0x0000000008003d68       0x20 D:\Thuc_hanh_co_so\DETAIGIUAKY\driver\libstm\libLibraries.a(ucg_font.o)
                0x0000000008003d68                ucg_SetFontPosBaseline
 .text.ucg_SetFont
                0x0000000008003d88       0x4c D:\Thuc_hanh_co_so\DETAIGIUAKY\driver\libstm\libLibraries.a(ucg_font.o)
                0x0000000008003d88                ucg_SetFont
 .text.ucg_init_struct
                0x0000000008003dd4       0x50 D:\Thuc_hanh_co_so\DETAIGIUAKY\driver\libstm\libLibraries.a(ucg_init.o)
                0x0000000008003dd4                ucg_init_struct
 .text.ucg_Init
                0x0000000008003e24       0x5c D:\Thuc_hanh_co_so\DETAIGIUAKY\driver\libstm\libLibraries.a(ucg_init.o)
                0x0000000008003e24                ucg_Init
 .text.ucg_Draw90Line
                0x0000000008003e80       0x88 D:\Thuc_hanh_co_so\DETAIGIUAKY\driver\libstm\libLibraries.a(ucg_line.o)
                0x0000000008003e80                ucg_Draw90Line
 .text.ucg_DrawHLine
                0x0000000008003f08       0x3e D:\Thuc_hanh_co_so\DETAIGIUAKY\driver\libstm\libLibraries.a(ucg_line.o)
                0x0000000008003f08                ucg_DrawHLine
 .text.ucg_SetColor
                0x0000000008003f46       0x5c D:\Thuc_hanh_co_so\DETAIGIUAKY\driver\libstm\libLibraries.a(ucg_pixel.o)
                0x0000000008003f46                ucg_SetColor
 .text.ucg_UndoRotate
                0x0000000008003fa2       0x32 D:\Thuc_hanh_co_so\DETAIGIUAKY\driver\libstm\libLibraries.a(ucg_rotate.o)
                0x0000000008003fa2                ucg_UndoRotate
 .text.ucg_rotate_180_xy
                0x0000000008003fd4       0x66 D:\Thuc_hanh_co_so\DETAIGIUAKY\driver\libstm\libLibraries.a(ucg_rotate.o)
 *fill*         0x000000000800403a        0x2 
 .text.ucg_dev_rotate180
                0x000000000800403c      0x100 D:\Thuc_hanh_co_so\DETAIGIUAKY\driver\libstm\libLibraries.a(ucg_rotate.o)
                0x000000000800403c                ucg_dev_rotate180
 .text.ucg_SetRotate180
                0x000000000800413c       0x34 D:\Thuc_hanh_co_so\DETAIGIUAKY\driver\libstm\libLibraries.a(ucg_rotate.o)
                0x000000000800413c                ucg_SetRotate180
 .text.bufInit  0x0000000008004170       0x36 D:\Thuc_hanh_co_so\DETAIGIUAKY\driver\libstm\libLibraries.a(buff.o)
                0x0000000008004170                bufInit
 .text.bufNumItems
                0x00000000080041a6       0x18 D:\Thuc_hanh_co_so\DETAIGIUAKY\driver\libstm\libLibraries.a(buff.o)
                0x00000000080041a6                bufNumItems
 .text.bufIsFull
                0x00000000080041be       0x26 D:\Thuc_hanh_co_so\DETAIGIUAKY\driver\libstm\libLibraries.a(buff.o)
                0x00000000080041be                bufIsFull
 .text.bufIsEmpty
                0x00000000080041e4       0x26 D:\Thuc_hanh_co_so\DETAIGIUAKY\driver\libstm\libLibraries.a(buff.o)
                0x00000000080041e4                bufIsEmpty
 .text.bufFlush
                0x000000000800420a       0x32 D:\Thuc_hanh_co_so\DETAIGIUAKY\driver\libstm\libLibraries.a(buff.o)
                0x000000000800420a                bufFlush
 .text.bufEnDat
                0x000000000800423c       0x9c D:\Thuc_hanh_co_so\DETAIGIUAKY\driver\libstm\libLibraries.a(buff.o)
                0x000000000800423c                bufEnDat
 .text.bufDeDat
                0x00000000080042d8       0x84 D:\Thuc_hanh_co_so\DETAIGIUAKY\driver\libstm\libLibraries.a(buff.o)
                0x00000000080042d8                bufDeDat
 .text.memsetl  0x000000000800435c       0x32 D:\Thuc_hanh_co_so\DETAIGIUAKY\driver\libstm\libLibraries.a(utilities.o)
                0x000000000800435c                memsetl
 .text.USART_ReceiveData
                0x000000000800438e       0x20 D:\Thuc_hanh_co_so\DETAIGIUAKY\driver\libstm\libLibraries.a(stm32f401re_usart.o)
                0x000000000800438e                USART_ReceiveData
 .text.USART_GetITStatus
                0x00000000080043ae       0xb6 D:\Thuc_hanh_co_so\DETAIGIUAKY\driver\libstm\libLibraries.a(stm32f401re_usart.o)
                0x00000000080043ae                USART_GetITStatus
 .text.USART_ClearITPendingBit
                0x0000000008004464       0x3a D:\Thuc_hanh_co_so\DETAIGIUAKY\driver\libstm\libLibraries.a(stm32f401re_usart.o)
                0x0000000008004464                USART_ClearITPendingBit
 .text.ucg_clip_is_x_visible
                0x000000000800449e       0x4a D:\Thuc_hanh_co_so\DETAIGIUAKY\driver\libstm\libLibraries.a(ucg_clip.o)
 .text.ucg_clip_is_y_visible
                0x00000000080044e8       0x4a D:\Thuc_hanh_co_so\DETAIGIUAKY\driver\libstm\libLibraries.a(ucg_clip.o)
 .text.ucg_clip_intersection
                0x0000000008004532       0x74 D:\Thuc_hanh_co_so\DETAIGIUAKY\driver\libstm\libLibraries.a(ucg_clip.o)
 .text.ucg_clip_is_pixel_visible
                0x00000000080045a6       0x32 D:\Thuc_hanh_co_so\DETAIGIUAKY\driver\libstm\libLibraries.a(ucg_clip.o)
                0x00000000080045a6                ucg_clip_is_pixel_visible
 .text.ucg_clip_l90fx
                0x00000000080045d8      0x300 D:\Thuc_hanh_co_so\DETAIGIUAKY\driver\libstm\libLibraries.a(ucg_clip.o)
                0x00000000080045d8                ucg_clip_l90fx
 .text.ucg_clip_l90se
                0x00000000080048d8       0x54 D:\Thuc_hanh_co_so\DETAIGIUAKY\driver\libstm\libLibraries.a(ucg_clip.o)
                0x00000000080048d8                ucg_clip_l90se
 .text.ucg_com_PowerDown
                0x000000000800492c       0x3e D:\Thuc_hanh_co_so\DETAIGIUAKY\driver\libstm\libLibraries.a(ucg_com_msg_api.o)
                0x000000000800492c                ucg_com_PowerDown
 .text.ucg_com_PowerUp
                0x000000000800496a       0x60 D:\Thuc_hanh_co_so\DETAIGIUAKY\driver\libstm\libLibraries.a(ucg_com_msg_api.o)
                0x000000000800496a                ucg_com_PowerUp
 .text.ucg_com_SetLineStatus
                0x00000000080049ca       0xe2 D:\Thuc_hanh_co_so\DETAIGIUAKY\driver\libstm\libLibraries.a(ucg_com_msg_api.o)
                0x00000000080049ca                ucg_com_SetLineStatus
 .text.ucg_com_SetResetLineStatus
                0x0000000008004aac       0x20 D:\Thuc_hanh_co_so\DETAIGIUAKY\driver\libstm\libLibraries.a(ucg_com_msg_api.o)
                0x0000000008004aac                ucg_com_SetResetLineStatus
 .text.ucg_com_SetCSLineStatus
                0x0000000008004acc       0x20 D:\Thuc_hanh_co_so\DETAIGIUAKY\driver\libstm\libLibraries.a(ucg_com_msg_api.o)
                0x0000000008004acc                ucg_com_SetCSLineStatus
 .text.ucg_com_SetCDLineStatus
                0x0000000008004aec       0x20 D:\Thuc_hanh_co_so\DETAIGIUAKY\driver\libstm\libLibraries.a(ucg_com_msg_api.o)
                0x0000000008004aec                ucg_com_SetCDLineStatus
 .text.ucg_com_DelayMicroseconds
                0x0000000008004b0c       0x22 D:\Thuc_hanh_co_so\DETAIGIUAKY\driver\libstm\libLibraries.a(ucg_com_msg_api.o)
                0x0000000008004b0c                ucg_com_DelayMicroseconds
 .text.ucg_com_DelayMilliseconds
                0x0000000008004b2e       0x2c D:\Thuc_hanh_co_so\DETAIGIUAKY\driver\libstm\libLibraries.a(ucg_com_msg_api.o)
                0x0000000008004b2e                ucg_com_DelayMilliseconds
 .text.ucg_com_SendByte
                0x0000000008004b5a       0x24 D:\Thuc_hanh_co_so\DETAIGIUAKY\driver\libstm\libLibraries.a(ucg_com_msg_api.o)
                0x0000000008004b5a                ucg_com_SendByte
 .text.ucg_com_SendStringP
                0x0000000008004b7e       0x40 D:\Thuc_hanh_co_so\DETAIGIUAKY\driver\libstm\libLibraries.a(ucg_com_msg_api.o)
                0x0000000008004b7e                ucg_com_SendStringP
 .text.ucg_com_SendCmdArg
                0x0000000008004bbe       0x74 D:\Thuc_hanh_co_so\DETAIGIUAKY\driver\libstm\libLibraries.a(ucg_com_msg_api.o)
 *fill*         0x0000000008004c32        0x2 
 .text.ucg_com_SendCmdSeq
                0x0000000008004c34      0x278 D:\Thuc_hanh_co_so\DETAIGIUAKY\driver\libstm\libLibraries.a(ucg_com_msg_api.o)
                0x0000000008004c34                ucg_com_SendCmdSeq
 .text.sprintf  0x0000000008004eac       0x40 D:/STM32/STM32CubeIDE_1.14.1/STM32CubeIDE/plugins/com.st.stm32cube.ide.mcu.externaltools.gnu-tools-for-stm32.11.3.rel1.win32_1.1.100.202309141235/tools/bin/../lib/gcc/arm-none-eabi/11.3.1/../../../../arm-none-eabi/lib/thumb/v7e-m+fp/hard\libc_nano.a(libc_a-sprintf.o)
                0x0000000008004eac                siprintf
                0x0000000008004eac                sprintf
 .text.memset   0x0000000008004eec       0x10 D:/STM32/STM32CubeIDE_1.14.1/STM32CubeIDE/plugins/com.st.stm32cube.ide.mcu.externaltools.gnu-tools-for-stm32.11.3.rel1.win32_1.1.100.202309141235/tools/bin/../lib/gcc/arm-none-eabi/11.3.1/../../../../arm-none-eabi/lib/thumb/v7e-m+fp/hard\libc_nano.a(libc_a-memset.o)
                0x0000000008004eec                memset
 .text.__errno  0x0000000008004efc        0xc D:/STM32/STM32CubeIDE_1.14.1/STM32CubeIDE/plugins/com.st.stm32cube.ide.mcu.externaltools.gnu-tools-for-stm32.11.3.rel1.win32_1.1.100.202309141235/tools/bin/../lib/gcc/arm-none-eabi/11.3.1/../../../../arm-none-eabi/lib/thumb/v7e-m+fp/hard\libc_nano.a(libc_a-errno.o)
                0x0000000008004efc                __errno
 .text.__libc_init_array
                0x0000000008004f08       0x48 D:/STM32/STM32CubeIDE_1.14.1/STM32CubeIDE/plugins/com.st.stm32cube.ide.mcu.externaltools.gnu-tools-for-stm32.11.3.rel1.win32_1.1.100.202309141235/tools/bin/../lib/gcc/arm-none-eabi/11.3.1/../../../../arm-none-eabi/lib/thumb/v7e-m+fp/hard\libc_nano.a(libc_a-init.o)
                0x0000000008004f08                __libc_init_array
 .text.__retarget_lock_acquire_recursive
                0x0000000008004f50        0x2 D:/STM32/STM32CubeIDE_1.14.1/STM32CubeIDE/plugins/com.st.stm32cube.ide.mcu.externaltools.gnu-tools-for-stm32.11.3.rel1.win32_1.1.100.202309141235/tools/bin/../lib/gcc/arm-none-eabi/11.3.1/../../../../arm-none-eabi/lib/thumb/v7e-m+fp/hard\libc_nano.a(libc_a-lock.o)
                0x0000000008004f50                __retarget_lock_acquire_recursive
 .text.__retarget_lock_release_recursive
                0x0000000008004f52        0x2 D:/STM32/STM32CubeIDE_1.14.1/STM32CubeIDE/plugins/com.st.stm32cube.ide.mcu.externaltools.gnu-tools-for-stm32.11.3.rel1.win32_1.1.100.202309141235/tools/bin/../lib/gcc/arm-none-eabi/11.3.1/../../../../arm-none-eabi/lib/thumb/v7e-m+fp/hard\libc_nano.a(libc_a-lock.o)
                0x0000000008004f52                __retarget_lock_release_recursive
 .text._free_r  0x0000000008004f54       0x98 D:/STM32/STM32CubeIDE_1.14.1/STM32CubeIDE/plugins/com.st.stm32cube.ide.mcu.externaltools.gnu-tools-for-stm32.11.3.rel1.win32_1.1.100.202309141235/tools/bin/../lib/gcc/arm-none-eabi/11.3.1/../../../../arm-none-eabi/lib/thumb/v7e-m+fp/hard\libc_nano.a(libc_a-freer.o)
                0x0000000008004f54                _free_r
 .text.sbrk_aligned
                0x0000000008004fec       0x40 D:/STM32/STM32CubeIDE_1.14.1/STM32CubeIDE/plugins/com.st.stm32cube.ide.mcu.externaltools.gnu-tools-for-stm32.11.3.rel1.win32_1.1.100.202309141235/tools/bin/../lib/gcc/arm-none-eabi/11.3.1/../../../../arm-none-eabi/lib/thumb/v7e-m+fp/hard\libc_nano.a(libc_a-mallocr.o)
 .text._malloc_r
                0x000000000800502c      0x100 D:/STM32/STM32CubeIDE_1.14.1/STM32CubeIDE/plugins/com.st.stm32cube.ide.mcu.externaltools.gnu-tools-for-stm32.11.3.rel1.win32_1.1.100.202309141235/tools/bin/../lib/gcc/arm-none-eabi/11.3.1/../../../../arm-none-eabi/lib/thumb/v7e-m+fp/hard\libc_nano.a(libc_a-mallocr.o)
                0x000000000800502c                _malloc_r
 .text.__malloc_lock
                0x000000000800512c        0xc D:/STM32/STM32CubeIDE_1.14.1/STM32CubeIDE/plugins/com.st.stm32cube.ide.mcu.externaltools.gnu-tools-for-stm32.11.3.rel1.win32_1.1.100.202309141235/tools/bin/../lib/gcc/arm-none-eabi/11.3.1/../../../../arm-none-eabi/lib/thumb/v7e-m+fp/hard\libc_nano.a(libc_a-mlock.o)
                0x000000000800512c                __malloc_lock
 .text.__malloc_unlock
                0x0000000008005138        0xc D:/STM32/STM32CubeIDE_1.14.1/STM32CubeIDE/plugins/com.st.stm32cube.ide.mcu.externaltools.gnu-tools-for-stm32.11.3.rel1.win32_1.1.100.202309141235/tools/bin/../lib/gcc/arm-none-eabi/11.3.1/../../../../arm-none-eabi/lib/thumb/v7e-m+fp/hard\libc_nano.a(libc_a-mlock.o)
                0x0000000008005138                __malloc_unlock
 .text.__ssputs_r
                0x0000000008005144       0xb4 D:/STM32/STM32CubeIDE_1.14.1/STM32CubeIDE/plugins/com.st.stm32cube.ide.mcu.externaltools.gnu-tools-for-stm32.11.3.rel1.win32_1.1.100.202309141235/tools/bin/../lib/gcc/arm-none-eabi/11.3.1/../../../../arm-none-eabi/lib/thumb/v7e-m+fp/hard\libc_nano.a(libc_a-nano-svfprintf.o)
                0x0000000008005144                __ssputs_r
 .text._svfprintf_r
                0x00000000080051f8      0x1fc D:/STM32/STM32CubeIDE_1.14.1/STM32CubeIDE/plugins/com.st.stm32cube.ide.mcu.externaltools.gnu-tools-for-stm32.11.3.rel1.win32_1.1.100.202309141235/tools/bin/../lib/gcc/arm-none-eabi/11.3.1/../../../../arm-none-eabi/lib/thumb/v7e-m+fp/hard\libc_nano.a(libc_a-nano-svfprintf.o)
                0x00000000080051f8                _svfiprintf_r
                0x00000000080051f8                _svfprintf_r
 .text._printf_common
                0x00000000080053f4       0xda D:/STM32/STM32CubeIDE_1.14.1/STM32CubeIDE/plugins/com.st.stm32cube.ide.mcu.externaltools.gnu-tools-for-stm32.11.3.rel1.win32_1.1.100.202309141235/tools/bin/../lib/gcc/arm-none-eabi/11.3.1/../../../../arm-none-eabi/lib/thumb/v7e-m+fp/hard\libc_nano.a(libc_a-nano-vfprintf_i.o)
                0x00000000080053f4                _printf_common
 *fill*         0x00000000080054ce        0x2 
 .text._printf_i
                0x00000000080054d0      0x244 D:/STM32/STM32CubeIDE_1.14.1/STM32CubeIDE/plugins/com.st.stm32cube.ide.mcu.externaltools.gnu-tools-for-stm32.11.3.rel1.win32_1.1.100.202309141235/tools/bin/../lib/gcc/arm-none-eabi/11.3.1/../../../../arm-none-eabi/lib/thumb/v7e-m+fp/hard\libc_nano.a(libc_a-nano-vfprintf_i.o)
                0x00000000080054d0                _printf_i
 .text.memmove  0x0000000008005714       0x34 D:/STM32/STM32CubeIDE_1.14.1/STM32CubeIDE/plugins/com.st.stm32cube.ide.mcu.externaltools.gnu-tools-for-stm32.11.3.rel1.win32_1.1.100.202309141235/tools/bin/../lib/gcc/arm-none-eabi/11.3.1/../../../../arm-none-eabi/lib/thumb/v7e-m+fp/hard\libc_nano.a(libc_a-memmove.o)
                0x0000000008005714                memmove
 .text._sbrk_r  0x0000000008005748       0x20 D:/STM32/STM32CubeIDE_1.14.1/STM32CubeIDE/plugins/com.st.stm32cube.ide.mcu.externaltools.gnu-tools-for-stm32.11.3.rel1.win32_1.1.100.202309141235/tools/bin/../lib/gcc/arm-none-eabi/11.3.1/../../../../arm-none-eabi/lib/thumb/v7e-m+fp/hard\libc_nano.a(libc_a-sbrkr.o)
                0x0000000008005748                _sbrk_r
 .text.memcpy   0x0000000008005768       0x1c D:/STM32/STM32CubeIDE_1.14.1/STM32CubeIDE/plugins/com.st.stm32cube.ide.mcu.externaltools.gnu-tools-for-stm32.11.3.rel1.win32_1.1.100.202309141235/tools/bin/../lib/gcc/arm-none-eabi/11.3.1/../../../../arm-none-eabi/lib/thumb/v7e-m+fp/hard\libc_nano.a(libc_a-memcpy-stub.o)
                0x0000000008005768                memcpy
 .text._realloc_r
                0x0000000008005784       0x5e D:/STM32/STM32CubeIDE_1.14.1/STM32CubeIDE/plugins/com.st.stm32cube.ide.mcu.externaltools.gnu-tools-for-stm32.11.3.rel1.win32_1.1.100.202309141235/tools/bin/../lib/gcc/arm-none-eabi/11.3.1/../../../../arm-none-eabi/lib/thumb/v7e-m+fp/hard\libc_nano.a(libc_a-reallocr.o)
                0x0000000008005784                _realloc_r
 .text._malloc_usable_size_r
                0x00000000080057e2       0x10 D:/STM32/STM32CubeIDE_1.14.1/STM32CubeIDE/plugins/com.st.stm32cube.ide.mcu.externaltools.gnu-tools-for-stm32.11.3.rel1.win32_1.1.100.202309141235/tools/bin/../lib/gcc/arm-none-eabi/11.3.1/../../../../arm-none-eabi/lib/thumb/v7e-m+fp/hard\libc_nano.a(libc_a-msizer.o)
                0x00000000080057e2                _malloc_usable_size_r
 *(.glue_7)
 .glue_7        0x00000000080057f2        0x0 linker stubs
 *(.glue_7t)
 .glue_7t       0x00000000080057f2        0x0 linker stubs
 *(.eh_frame)
 *fill*         0x00000000080057f2        0x2 
 .eh_frame      0x00000000080057f4        0x0 D:/STM32/STM32CubeIDE_1.14.1/STM32CubeIDE/plugins/com.st.stm32cube.ide.mcu.externaltools.gnu-tools-for-stm32.11.3.rel1.win32_1.1.100.202309141235/tools/bin/../lib/gcc/arm-none-eabi/11.3.1/thumb/v7e-m+fp/hard/crtbegin.o
 *(.init)
 .init          0x00000000080057f4        0x4 D:/STM32/STM32CubeIDE_1.14.1/STM32CubeIDE/plugins/com.st.stm32cube.ide.mcu.externaltools.gnu-tools-for-stm32.11.3.rel1.win32_1.1.100.202309141235/tools/bin/../lib/gcc/arm-none-eabi/11.3.1/thumb/v7e-m+fp/hard/crti.o
                0x00000000080057f4                _init
 .init          0x00000000080057f8        0x8 D:/STM32/STM32CubeIDE_1.14.1/STM32CubeIDE/plugins/com.st.stm32cube.ide.mcu.externaltools.gnu-tools-for-stm32.11.3.rel1.win32_1.1.100.202309141235/tools/bin/../lib/gcc/arm-none-eabi/11.3.1/thumb/v7e-m+fp/hard/crtn.o
 *(.fini)
 .fini          0x0000000008005800        0x4 D:/STM32/STM32CubeIDE_1.14.1/STM32CubeIDE/plugins/com.st.stm32cube.ide.mcu.externaltools.gnu-tools-for-stm32.11.3.rel1.win32_1.1.100.202309141235/tools/bin/../lib/gcc/arm-none-eabi/11.3.1/thumb/v7e-m+fp/hard/crti.o
                0x0000000008005800                _fini
 .fini          0x0000000008005804        0x8 D:/STM32/STM32CubeIDE_1.14.1/STM32CubeIDE/plugins/com.st.stm32cube.ide.mcu.externaltools.gnu-tools-for-stm32.11.3.rel1.win32_1.1.100.202309141235/tools/bin/../lib/gcc/arm-none-eabi/11.3.1/thumb/v7e-m+fp/hard/crtn.o
                0x000000000800580c                . = ALIGN (0x4)
                0x000000000800580c                _etext = .

.vfp11_veneer   0x000000000800580c        0x0
 .vfp11_veneer  0x000000000800580c        0x0 linker stubs

.v4_bx          0x000000000800580c        0x0
 .v4_bx         0x000000000800580c        0x0 linker stubs

.iplt           0x000000000800580c        0x0
 .iplt          0x000000000800580c        0x0 D:/STM32/STM32CubeIDE_1.14.1/STM32CubeIDE/plugins/com.st.stm32cube.ide.mcu.externaltools.gnu-tools-for-stm32.11.3.rel1.win32_1.1.100.202309141235/tools/bin/../lib/gcc/arm-none-eabi/11.3.1/thumb/v7e-m+fp/hard/crtbegin.o

.rodata         0x000000000800580c     0x1894
                0x000000000800580c                . = ALIGN (0x4)
 *(.rodata)
 .rodata        0x000000000800580c       0x4e ./Src/main.o
 *fill*         0x000000000800585a        0x2 
 .rodata        0x000000000800585c        0xf D:\Thuc_hanh_co_so\DETAIGIUAKY\driver\libstm\libLibraries.a(ucg_font.o)
 *(.rodata*)
 *fill*         0x000000000800586b        0x1 
 .rodata.ucg_st7735_set_pos_seq
                0x000000000800586c       0x1e D:\Thuc_hanh_co_so\DETAIGIUAKY\driver\libstm\libLibraries.a(ucg_dev_ic_st7735.o)
                0x000000000800586c                ucg_st7735_set_pos_seq
 *fill*         0x000000000800588a        0x2 
 .rodata.ucg_st7735_set_pos_dir0_seq
                0x000000000800588c       0x1e D:\Thuc_hanh_co_so\DETAIGIUAKY\driver\libstm\libLibraries.a(ucg_dev_ic_st7735.o)
                0x000000000800588c                ucg_st7735_set_pos_dir0_seq
 *fill*         0x00000000080058aa        0x2 
 .rodata.ucg_st7735_set_pos_dir1_seq
                0x00000000080058ac       0x21 D:\Thuc_hanh_co_so\DETAIGIUAKY\driver\libstm\libLibraries.a(ucg_dev_ic_st7735.o)
                0x00000000080058ac                ucg_st7735_set_pos_dir1_seq
 *fill*         0x00000000080058cd        0x3 
 .rodata.ucg_st7735_set_pos_dir2_seq
                0x00000000080058d0       0x21 D:\Thuc_hanh_co_so\DETAIGIUAKY\driver\libstm\libLibraries.a(ucg_dev_ic_st7735.o)
                0x00000000080058d0                ucg_st7735_set_pos_dir2_seq
 *fill*         0x00000000080058f1        0x3 
 .rodata.ucg_st7735_set_pos_dir3_seq
                0x00000000080058f4       0x24 D:\Thuc_hanh_co_so\DETAIGIUAKY\driver\libstm\libLibraries.a(ucg_dev_ic_st7735.o)
                0x00000000080058f4                ucg_st7735_set_pos_dir3_seq
 .rodata.ucg_st7735_power_down_seq
                0x0000000008005918        0x7 D:\Thuc_hanh_co_so\DETAIGIUAKY\driver\libstm\libLibraries.a(ucg_dev_ic_st7735.o)
 *fill*         0x000000000800591f        0x1 
 .rodata.ucg_tft_128x160_st7735_init_seq
                0x0000000008005920       0x2c D:\Thuc_hanh_co_so\DETAIGIUAKY\driver\libstm\libLibraries.a(ucg_dev_tft_128x128_st7735.o)
 .rodata.ucg_font_ncenR10_hf
                0x000000000800594c      0xf75 D:\Thuc_hanh_co_so\DETAIGIUAKY\driver\libstm\libLibraries.a(ucg_pixel_font_data.o)
                0x000000000800594c                ucg_font_ncenR10_hf
 *fill*         0x00000000080068c1        0x3 
 .rodata.ucg_font_ncenR12_hr
                0x00000000080068c4      0x7a8 D:\Thuc_hanh_co_so\DETAIGIUAKY\driver\libstm\libLibraries.a(ucg_pixel_font_data.o)
                0x00000000080068c4                ucg_font_ncenR12_hr
 .rodata._svfprintf_r.str1.1
                0x000000000800706c       0x11 D:/STM32/STM32CubeIDE_1.14.1/STM32CubeIDE/plugins/com.st.stm32cube.ide.mcu.externaltools.gnu-tools-for-stm32.11.3.rel1.win32_1.1.100.202309141235/tools/bin/../lib/gcc/arm-none-eabi/11.3.1/../../../../arm-none-eabi/lib/thumb/v7e-m+fp/hard\libc_nano.a(libc_a-nano-svfprintf.o)
 .rodata._printf_i.str1.1
                0x000000000800707d       0x22 D:/STM32/STM32CubeIDE_1.14.1/STM32CubeIDE/plugins/com.st.stm32cube.ide.mcu.externaltools.gnu-tools-for-stm32.11.3.rel1.win32_1.1.100.202309141235/tools/bin/../lib/gcc/arm-none-eabi/11.3.1/../../../../arm-none-eabi/lib/thumb/v7e-m+fp/hard\libc_nano.a(libc_a-nano-vfprintf_i.o)
                0x00000000080070a0                . = ALIGN (0x4)
 *fill*         0x000000000800709f        0x1 

.rel.dyn        0x00000000080070a0        0x0
 .rel.iplt      0x00000000080070a0        0x0 D:/STM32/STM32CubeIDE_1.14.1/STM32CubeIDE/plugins/com.st.stm32cube.ide.mcu.externaltools.gnu-tools-for-stm32.11.3.rel1.win32_1.1.100.202309141235/tools/bin/../lib/gcc/arm-none-eabi/11.3.1/thumb/v7e-m+fp/hard/crtbegin.o

.ARM.extab      0x00000000080070a0        0x0
                0x00000000080070a0                . = ALIGN (0x4)
 *(.ARM.extab* .gnu.linkonce.armextab.*)
                0x00000000080070a0                . = ALIGN (0x4)

.ARM            0x00000000080070a0        0x0
                0x00000000080070a0                . = ALIGN (0x4)
                0x00000000080070a0                __exidx_start = .
 *(.ARM.exidx*)
                0x00000000080070a0                __exidx_end = .
                0x00000000080070a0                . = ALIGN (0x4)

.preinit_array  0x00000000080070a0        0x0
                0x00000000080070a0                . = ALIGN (0x4)
                0x00000000080070a0                PROVIDE (__preinit_array_start = .)
 *(.preinit_array*)
                0x00000000080070a0                PROVIDE (__preinit_array_end = .)
                0x00000000080070a0                . = ALIGN (0x4)

.init_array     0x00000000080070a0        0x4
                0x00000000080070a0                . = ALIGN (0x4)
                0x00000000080070a0                PROVIDE (__init_array_start = .)
 *(SORT_BY_NAME(.init_array.*))
 *(.init_array*)
 .init_array    0x00000000080070a0        0x4 D:/STM32/STM32CubeIDE_1.14.1/STM32CubeIDE/plugins/com.st.stm32cube.ide.mcu.externaltools.gnu-tools-for-stm32.11.3.rel1.win32_1.1.100.202309141235/tools/bin/../lib/gcc/arm-none-eabi/11.3.1/thumb/v7e-m+fp/hard/crtbegin.o
                0x00000000080070a4                PROVIDE (__init_array_end = .)
                0x00000000080070a4                . = ALIGN (0x4)

.fini_array     0x00000000080070a4        0x4
                0x00000000080070a4                . = ALIGN (0x4)
                [!provide]                        PROVIDE (__fini_array_start = .)
 *(SORT_BY_NAME(.fini_array.*))
 *(.fini_array*)
 .fini_array    0x00000000080070a4        0x4 D:/STM32/STM32CubeIDE_1.14.1/STM32CubeIDE/plugins/com.st.stm32cube.ide.mcu.externaltools.gnu-tools-for-stm32.11.3.rel1.win32_1.1.100.202309141235/tools/bin/../lib/gcc/arm-none-eabi/11.3.1/thumb/v7e-m+fp/hard/crtbegin.o
                [!provide]                        PROVIDE (__fini_array_end = .)
                0x00000000080070a8                . = ALIGN (0x4)
                0x00000000080070a8                _sidata = LOADADDR (.data)

.data           0x0000000020000000       0x78 load address 0x00000000080070a8
                0x0000000020000000                . = ALIGN (0x4)
                0x0000000020000000                _sdata = .
 *(.data)
 *(.data*)
 .data.APBAHBPrescTable
                0x0000000020000000       0x10 ./driver/share/Src/stm32f401re_rcc.o
 .data.SystemCoreClock
                0x0000000020000010        0x4 D:\Thuc_hanh_co_so\DETAIGIUAKY\driver\libstm\libLibraries.a(system_stm32f4xx.o)
                0x0000000020000010                SystemCoreClock
 .data.AHBPrescTable
                0x0000000020000014       0x10 D:\Thuc_hanh_co_so\DETAIGIUAKY\driver\libstm\libLibraries.a(system_stm32f4xx.o)
                0x0000000020000014                AHBPrescTable
 .data.idTaskScanDecodeLen
                0x0000000020000024        0x1 D:\Thuc_hanh_co_so\DETAIGIUAKY\driver\libstm\libLibraries.a(ucg_font.o)
 *fill*         0x0000000020000025        0x3 
 .data._impure_data
                0x0000000020000028       0x4c D:/STM32/STM32CubeIDE_1.14.1/STM32CubeIDE/plugins/com.st.stm32cube.ide.mcu.externaltools.gnu-tools-for-stm32.11.3.rel1.win32_1.1.100.202309141235/tools/bin/../lib/gcc/arm-none-eabi/11.3.1/../../../../arm-none-eabi/lib/thumb/v7e-m+fp/hard\libc_nano.a(libc_a-impure.o)
                0x0000000020000028                _impure_data
 .data._impure_ptr
                0x0000000020000074        0x4 D:/STM32/STM32CubeIDE_1.14.1/STM32CubeIDE/plugins/com.st.stm32cube.ide.mcu.externaltools.gnu-tools-for-stm32.11.3.rel1.win32_1.1.100.202309141235/tools/bin/../lib/gcc/arm-none-eabi/11.3.1/../../../../arm-none-eabi/lib/thumb/v7e-m+fp/hard\libc_nano.a(libc_a-impure.o)
                0x0000000020000074                _impure_ptr
 *(.RamFunc)
 *(.RamFunc*)
                0x0000000020000078                . = ALIGN (0x4)
                0x0000000020000078                _edata = .

.igot.plt       0x0000000020000078        0x0 load address 0x0000000008007120
 .igot.plt      0x0000000020000078        0x0 D:/STM32/STM32CubeIDE_1.14.1/STM32CubeIDE/plugins/com.st.stm32cube.ide.mcu.externaltools.gnu-tools-for-stm32.11.3.rel1.win32_1.1.100.202309141235/tools/bin/../lib/gcc/arm-none-eabi/11.3.1/thumb/v7e-m+fp/hard/crtbegin.o
                0x0000000020000078                . = ALIGN (0x4)

.bss            0x0000000020000078     0x1468 load address 0x0000000008007120
                0x0000000020000078                _sbss = .
                0x0000000020000078                __bss_start__ = _sbss
 *(.bss)
 .bss           0x0000000020000078       0x1c D:/STM32/STM32CubeIDE_1.14.1/STM32CubeIDE/plugins/com.st.stm32cube.ide.mcu.externaltools.gnu-tools-for-stm32.11.3.rel1.win32_1.1.100.202309141235/tools/bin/../lib/gcc/arm-none-eabi/11.3.1/thumb/v7e-m+fp/hard/crtbegin.o
 *(.bss*)
 .bss.AdcValue  0x0000000020000094        0x2 ./Src/main.o
                0x0000000020000094                AdcValue
 .bss.lightLevelAfterFilter
                0x0000000020000096        0x2 ./Src/main.o
 .bss.Kanman_light
                0x0000000020000098        0x2 ./Src/main.o
 *fill*         0x000000002000009a        0x2 
 .bss.src5      0x000000002000009c       0x14 ./Src/main.o
 .bss.ucg       0x00000000200000b0       0xb4 ./Src/main.o
 .bss.time_initial
                0x0000000020000164        0x4 ./Src/main.o
                0x0000000020000164                time_initial
 .bss.time_current
                0x0000000020000168        0x4 ./Src/main.o
                0x0000000020000168                time_current
 .bss.idTimer   0x000000002000016c        0x4 ./Src/main.o
                0x000000002000016c                idTimer
 .bss.src1      0x0000000020000170       0x14 ./Src/main.o
 .bss.src2      0x0000000020000184       0x14 ./Src/main.o
 .bss.src3      0x0000000020000198       0x14 ./Src/main.o
 .bss.src4      0x00000000200001ac       0x14 ./Src/main.o
 .bss.time_total
                0x00000000200001c0        0x4 ./Src/main.o
 .bss.temperature
                0x00000000200001c4        0x1 ./Src/main.o
 .bss.humidity  0x00000000200001c5        0x1 ./Src/main.o
 .bss.temperature1
                0x00000000200001c6        0x1 ./Src/main.o
 .bss.humidity1
                0x00000000200001c7        0x1 ./Src/main.o
 .bss.dwTimeInit.1
                0x00000000200001c8        0x4 ./Src/main.o
 .bss.dwTimeTotal.0
                0x00000000200001cc        0x4 ./Src/main.o
 .bss.__sbrk_heap_end
                0x00000000200001d0        0x4 ./Src/sysmem.o
 .bss._err_measure
                0x00000000200001d4        0x4 ./driver/share/Inc/driver/Kalman_filter/kalman_filter.o
 .bss._err_estimate
                0x00000000200001d8        0x4 ./driver/share/Inc/driver/Kalman_filter/kalman_filter.o
 .bss._q        0x00000000200001dc        0x4 ./driver/share/Inc/driver/Kalman_filter/kalman_filter.o
 .bss._current_estimate
                0x00000000200001e0        0x4 ./driver/share/Inc/driver/Kalman_filter/kalman_filter.o
 .bss._last_estimate
                0x00000000200001e4        0x4 ./driver/share/Inc/driver/Kalman_filter/kalman_filter.o
 .bss._kalman_gain
                0x00000000200001e8        0x4 ./driver/share/Inc/driver/Kalman_filter/kalman_filter.o
 .bss.g_pTimerHandle
                0x00000000200001ec      0x180 D:\Thuc_hanh_co_so\DETAIGIUAKY\driver\libstm\libLibraries.a(timer.o)
 .bss.g_wMilSecTickTimer
                0x000000002000036c        0x4 D:\Thuc_hanh_co_so\DETAIGIUAKY\driver\libstm\libLibraries.a(timer.o)
 .bss.g_pUartQueueRx
                0x0000000020000370        0x8 D:\Thuc_hanh_co_so\DETAIGIUAKY\driver\libstm\libLibraries.a(serial.o)
 .bss.fontQueue
                0x0000000020000378       0x10 D:\Thuc_hanh_co_so\DETAIGIUAKY\driver\libstm\libLibraries.a(ucg_font.o)
 .bss.pQueueFont
                0x0000000020000388     0x1000 D:\Thuc_hanh_co_so\DETAIGIUAKY\driver\libstm\libLibraries.a(ucg_font.o)
 .bss.next.7562
                0x0000000020001388        0x1 D:\Thuc_hanh_co_so\DETAIGIUAKY\driver\libstm\libLibraries.a(ucg_font.o)
 *fill*         0x0000000020001389        0x3 
 .bss.__sf      0x000000002000138c      0x138 D:/STM32/STM32CubeIDE_1.14.1/STM32CubeIDE/plugins/com.st.stm32cube.ide.mcu.externaltools.gnu-tools-for-stm32.11.3.rel1.win32_1.1.100.202309141235/tools/bin/../lib/gcc/arm-none-eabi/11.3.1/../../../../arm-none-eabi/lib/thumb/v7e-m+fp/hard\libc_nano.a(libc_a-findfp.o)
                0x000000002000138c                __sf
 .bss.errno     0x00000000200014c4        0x4 D:/STM32/STM32CubeIDE_1.14.1/STM32CubeIDE/plugins/com.st.stm32cube.ide.mcu.externaltools.gnu-tools-for-stm32.11.3.rel1.win32_1.1.100.202309141235/tools/bin/../lib/gcc/arm-none-eabi/11.3.1/../../../../arm-none-eabi/lib/thumb/v7e-m+fp/hard\libc_nano.a(libc_a-reent.o)
                0x00000000200014c4                errno
 .bss.__lock___malloc_recursive_mutex
                0x00000000200014c8        0x1 D:/STM32/STM32CubeIDE_1.14.1/STM32CubeIDE/plugins/com.st.stm32cube.ide.mcu.externaltools.gnu-tools-for-stm32.11.3.rel1.win32_1.1.100.202309141235/tools/bin/../lib/gcc/arm-none-eabi/11.3.1/../../../../arm-none-eabi/lib/thumb/v7e-m+fp/hard\libc_nano.a(libc_a-lock.o)
                0x00000000200014c8                __lock___malloc_recursive_mutex
 *fill*         0x00000000200014c9        0x3 
 .bss.__malloc_free_list
                0x00000000200014cc        0x4 D:/STM32/STM32CubeIDE_1.14.1/STM32CubeIDE/plugins/com.st.stm32cube.ide.mcu.externaltools.gnu-tools-for-stm32.11.3.rel1.win32_1.1.100.202309141235/tools/bin/../lib/gcc/arm-none-eabi/11.3.1/../../../../arm-none-eabi/lib/thumb/v7e-m+fp/hard\libc_nano.a(libc_a-mallocr.o)
                0x00000000200014cc                __malloc_free_list
 .bss.__malloc_sbrk_start
                0x00000000200014d0        0x4 D:/STM32/STM32CubeIDE_1.14.1/STM32CubeIDE/plugins/com.st.stm32cube.ide.mcu.externaltools.gnu-tools-for-stm32.11.3.rel1.win32_1.1.100.202309141235/tools/bin/../lib/gcc/arm-none-eabi/11.3.1/../../../../arm-none-eabi/lib/thumb/v7e-m+fp/hard\libc_nano.a(libc_a-mallocr.o)
                0x00000000200014d0                __malloc_sbrk_start
 *(COMMON)
 COMMON         0x00000000200014d4        0xc D:\Thuc_hanh_co_so\DETAIGIUAKY\driver\libstm\libLibraries.a(ucg_font.o)
                0x00000000200014d4                ucg_draw_str
                0x00000000200014e0                . = ALIGN (0x4)
                0x00000000200014e0                _ebss = .
                0x00000000200014e0                __bss_end__ = _ebss

._user_heap_stack
                0x00000000200014e0      0x600 load address 0x0000000008007120
                0x00000000200014e0                . = ALIGN (0x8)
                [!provide]                        PROVIDE (end = .)
                0x00000000200014e0                PROVIDE (_end = .)
                0x00000000200016e0                . = (. + _Min_Heap_Size)
 *fill*         0x00000000200014e0      0x200 
                0x0000000020001ae0                . = (. + _Min_Stack_Size)
 *fill*         0x00000000200016e0      0x400 
                0x0000000020001ae0                . = ALIGN (0x8)

/DISCARD/
 libc.a(*)
 libm.a(*)
 libgcc.a(*)

.ARM.attributes
                0x0000000000000000       0x30
 *(.ARM.attributes)
 .ARM.attributes
                0x0000000000000000       0x1e D:/STM32/STM32CubeIDE_1.14.1/STM32CubeIDE/plugins/com.st.stm32cube.ide.mcu.externaltools.gnu-tools-for-stm32.11.3.rel1.win32_1.1.100.202309141235/tools/bin/../lib/gcc/arm-none-eabi/11.3.1/thumb/v7e-m+fp/hard/crti.o
 .ARM.attributes
                0x000000000000001e       0x34 D:/STM32/STM32CubeIDE_1.14.1/STM32CubeIDE/plugins/com.st.stm32cube.ide.mcu.externaltools.gnu-tools-for-stm32.11.3.rel1.win32_1.1.100.202309141235/tools/bin/../lib/gcc/arm-none-eabi/11.3.1/thumb/v7e-m+fp/hard/crtbegin.o
 .ARM.attributes
                0x0000000000000052       0x34 ./Src/main.o
 .ARM.attributes
                0x0000000000000086       0x34 ./Src/sysmem.o
 .ARM.attributes
                0x00000000000000ba       0x21 ./Startup/startup_stm32f401retx.o
 .ARM.attributes
                0x00000000000000db       0x34 ./driver/share/Inc/driver/Kalman_filter/kalman_filter.o
 .ARM.attributes
                0x000000000000010f       0x34 ./driver/share/Src/stm32f401re_gpio.o
 .ARM.attributes
                0x0000000000000143       0x34 ./driver/share/Src/stm32f401re_rcc.o
 .ARM.attributes
                0x0000000000000177       0x39 D:\Thuc_hanh_co_so\DETAIGIUAKY\driver\libstm\libLibraries.a(system_stm32f4xx.o)
 .ARM.attributes
                0x00000000000001b0       0x39 D:\Thuc_hanh_co_so\DETAIGIUAKY\driver\libstm\libLibraries.a(stm32f401re_adc.o)
 .ARM.attributes
                0x00000000000001e9       0x39 D:\Thuc_hanh_co_so\DETAIGIUAKY\driver\libstm\libLibraries.a(stm32f401re_i2c.o)
 .ARM.attributes
                0x0000000000000222       0x39 D:\Thuc_hanh_co_so\DETAIGIUAKY\driver\libstm\libLibraries.a(timer.o)
 .ARM.attributes
                0x000000000000025b       0x39 D:\Thuc_hanh_co_so\DETAIGIUAKY\driver\libstm\libLibraries.a(temhumsensor.o)
 .ARM.attributes
                0x0000000000000294       0x39 D:\Thuc_hanh_co_so\DETAIGIUAKY\driver\libstm\libLibraries.a(serial.o)
 .ARM.attributes
                0x00000000000002cd       0x39 D:\Thuc_hanh_co_so\DETAIGIUAKY\driver\libstm\libLibraries.a(Ucglib.o)
 .ARM.attributes
                0x0000000000000306       0x39 D:\Thuc_hanh_co_so\DETAIGIUAKY\driver\libstm\libLibraries.a(ucg_box.o)
 .ARM.attributes
                0x000000000000033f       0x39 D:\Thuc_hanh_co_so\DETAIGIUAKY\driver\libstm\libLibraries.a(ucg_ccs.o)
 .ARM.attributes
                0x0000000000000378       0x39 D:\Thuc_hanh_co_so\DETAIGIUAKY\driver\libstm\libLibraries.a(ucg_dev_default_cb.o)
 .ARM.attributes
                0x00000000000003b1       0x39 D:\Thuc_hanh_co_so\DETAIGIUAKY\driver\libstm\libLibraries.a(ucg_dev_ic_st7735.o)
 .ARM.attributes
                0x00000000000003ea       0x39 D:\Thuc_hanh_co_so\DETAIGIUAKY\driver\libstm\libLibraries.a(ucg_dev_msg_api.o)
 .ARM.attributes
                0x0000000000000423       0x39 D:\Thuc_hanh_co_so\DETAIGIUAKY\driver\libstm\libLibraries.a(ucg_dev_tft_128x128_st7735.o)
 .ARM.attributes
                0x000000000000045c       0x39 D:\Thuc_hanh_co_so\DETAIGIUAKY\driver\libstm\libLibraries.a(ucg_font.o)
 .ARM.attributes
                0x0000000000000495       0x39 D:\Thuc_hanh_co_so\DETAIGIUAKY\driver\libstm\libLibraries.a(ucg_init.o)
 .ARM.attributes
                0x00000000000004ce       0x39 D:\Thuc_hanh_co_so\DETAIGIUAKY\driver\libstm\libLibraries.a(ucg_line.o)
 .ARM.attributes
                0x0000000000000507       0x39 D:\Thuc_hanh_co_so\DETAIGIUAKY\driver\libstm\libLibraries.a(ucg_pixel.o)
 .ARM.attributes
                0x0000000000000540       0x39 D:\Thuc_hanh_co_so\DETAIGIUAKY\driver\libstm\libLibraries.a(ucg_pixel_font_data.o)
 .ARM.attributes
                0x0000000000000579       0x39 D:\Thuc_hanh_co_so\DETAIGIUAKY\driver\libstm\libLibraries.a(ucg_rotate.o)
 .ARM.attributes
                0x00000000000005b2       0x39 D:\Thuc_hanh_co_so\DETAIGIUAKY\driver\libstm\libLibraries.a(buff.o)
 .ARM.attributes
                0x00000000000005eb       0x39 D:\Thuc_hanh_co_so\DETAIGIUAKY\driver\libstm\libLibraries.a(utilities.o)
 .ARM.attributes
                0x0000000000000624       0x39 D:\Thuc_hanh_co_so\DETAIGIUAKY\driver\libstm\libLibraries.a(stm32f401re_usart.o)
 .ARM.attributes
                0x000000000000065d       0x39 D:\Thuc_hanh_co_so\DETAIGIUAKY\driver\libstm\libLibraries.a(ucg_clip.o)
 .ARM.attributes
                0x0000000000000696       0x39 D:\Thuc_hanh_co_so\DETAIGIUAKY\driver\libstm\libLibraries.a(ucg_com_msg_api.o)
 .ARM.attributes
                0x00000000000006cf       0x34 D:/STM32/STM32CubeIDE_1.14.1/STM32CubeIDE/plugins/com.st.stm32cube.ide.mcu.externaltools.gnu-tools-for-stm32.11.3.rel1.win32_1.1.100.202309141235/tools/bin/../lib/gcc/arm-none-eabi/11.3.1/../../../../arm-none-eabi/lib/thumb/v7e-m+fp/hard\libc_nano.a(libc_a-findfp.o)
 .ARM.attributes
                0x0000000000000703       0x34 D:/STM32/STM32CubeIDE_1.14.1/STM32CubeIDE/plugins/com.st.stm32cube.ide.mcu.externaltools.gnu-tools-for-stm32.11.3.rel1.win32_1.1.100.202309141235/tools/bin/../lib/gcc/arm-none-eabi/11.3.1/../../../../arm-none-eabi/lib/thumb/v7e-m+fp/hard\libc_nano.a(libc_a-sprintf.o)
 .ARM.attributes
                0x0000000000000737       0x34 D:/STM32/STM32CubeIDE_1.14.1/STM32CubeIDE/plugins/com.st.stm32cube.ide.mcu.externaltools.gnu-tools-for-stm32.11.3.rel1.win32_1.1.100.202309141235/tools/bin/../lib/gcc/arm-none-eabi/11.3.1/../../../../arm-none-eabi/lib/thumb/v7e-m+fp/hard\libc_nano.a(libc_a-memset.o)
 .ARM.attributes
                0x000000000000076b       0x34 D:/STM32/STM32CubeIDE_1.14.1/STM32CubeIDE/plugins/com.st.stm32cube.ide.mcu.externaltools.gnu-tools-for-stm32.11.3.rel1.win32_1.1.100.202309141235/tools/bin/../lib/gcc/arm-none-eabi/11.3.1/../../../../arm-none-eabi/lib/thumb/v7e-m+fp/hard\libc_nano.a(libc_a-reent.o)
 .ARM.attributes
                0x000000000000079f       0x34 D:/STM32/STM32CubeIDE_1.14.1/STM32CubeIDE/plugins/com.st.stm32cube.ide.mcu.externaltools.gnu-tools-for-stm32.11.3.rel1.win32_1.1.100.202309141235/tools/bin/../lib/gcc/arm-none-eabi/11.3.1/../../../../arm-none-eabi/lib/thumb/v7e-m+fp/hard\libc_nano.a(libc_a-impure.o)
 .ARM.attributes
                0x00000000000007d3       0x34 D:/STM32/STM32CubeIDE_1.14.1/STM32CubeIDE/plugins/com.st.stm32cube.ide.mcu.externaltools.gnu-tools-for-stm32.11.3.rel1.win32_1.1.100.202309141235/tools/bin/../lib/gcc/arm-none-eabi/11.3.1/../../../../arm-none-eabi/lib/thumb/v7e-m+fp/hard\libc_nano.a(libc_a-errno.o)
 .ARM.attributes
                0x0000000000000807       0x34 D:/STM32/STM32CubeIDE_1.14.1/STM32CubeIDE/plugins/com.st.stm32cube.ide.mcu.externaltools.gnu-tools-for-stm32.11.3.rel1.win32_1.1.100.202309141235/tools/bin/../lib/gcc/arm-none-eabi/11.3.1/../../../../arm-none-eabi/lib/thumb/v7e-m+fp/hard\libc_nano.a(libc_a-init.o)
 .ARM.attributes
                0x000000000000083b       0x34 D:/STM32/STM32CubeIDE_1.14.1/STM32CubeIDE/plugins/com.st.stm32cube.ide.mcu.externaltools.gnu-tools-for-stm32.11.3.rel1.win32_1.1.100.202309141235/tools/bin/../lib/gcc/arm-none-eabi/11.3.1/../../../../arm-none-eabi/lib/thumb/v7e-m+fp/hard\libc_nano.a(libc_a-lock.o)
 .ARM.attributes
                0x000000000000086f       0x34 D:/STM32/STM32CubeIDE_1.14.1/STM32CubeIDE/plugins/com.st.stm32cube.ide.mcu.externaltools.gnu-tools-for-stm32.11.3.rel1.win32_1.1.100.202309141235/tools/bin/../lib/gcc/arm-none-eabi/11.3.1/../../../../arm-none-eabi/lib/thumb/v7e-m+fp/hard\libc_nano.a(libc_a-freer.o)
 .ARM.attributes
                0x00000000000008a3       0x34 D:/STM32/STM32CubeIDE_1.14.1/STM32CubeIDE/plugins/com.st.stm32cube.ide.mcu.externaltools.gnu-tools-for-stm32.11.3.rel1.win32_1.1.100.202309141235/tools/bin/../lib/gcc/arm-none-eabi/11.3.1/../../../../arm-none-eabi/lib/thumb/v7e-m+fp/hard\libc_nano.a(libc_a-mallocr.o)
 .ARM.attributes
                0x00000000000008d7       0x34 D:/STM32/STM32CubeIDE_1.14.1/STM32CubeIDE/plugins/com.st.stm32cube.ide.mcu.externaltools.gnu-tools-for-stm32.11.3.rel1.win32_1.1.100.202309141235/tools/bin/../lib/gcc/arm-none-eabi/11.3.1/../../../../arm-none-eabi/lib/thumb/v7e-m+fp/hard\libc_nano.a(libc_a-mlock.o)
 .ARM.attributes
                0x000000000000090b       0x34 D:/STM32/STM32CubeIDE_1.14.1/STM32CubeIDE/plugins/com.st.stm32cube.ide.mcu.externaltools.gnu-tools-for-stm32.11.3.rel1.win32_1.1.100.202309141235/tools/bin/../lib/gcc/arm-none-eabi/11.3.1/../../../../arm-none-eabi/lib/thumb/v7e-m+fp/hard\libc_nano.a(libc_a-nano-svfprintf.o)
 .ARM.attributes
                0x000000000000093f       0x34 D:/STM32/STM32CubeIDE_1.14.1/STM32CubeIDE/plugins/com.st.stm32cube.ide.mcu.externaltools.gnu-tools-for-stm32.11.3.rel1.win32_1.1.100.202309141235/tools/bin/../lib/gcc/arm-none-eabi/11.3.1/../../../../arm-none-eabi/lib/thumb/v7e-m+fp/hard\libc_nano.a(libc_a-nano-vfprintf_i.o)
 .ARM.attributes
                0x0000000000000973       0x34 D:/STM32/STM32CubeIDE_1.14.1/STM32CubeIDE/plugins/com.st.stm32cube.ide.mcu.externaltools.gnu-tools-for-stm32.11.3.rel1.win32_1.1.100.202309141235/tools/bin/../lib/gcc/arm-none-eabi/11.3.1/../../../../arm-none-eabi/lib/thumb/v7e-m+fp/hard\libc_nano.a(libc_a-memmove.o)
 .ARM.attributes
                0x00000000000009a7       0x34 D:/STM32/STM32CubeIDE_1.14.1/STM32CubeIDE/plugins/com.st.stm32cube.ide.mcu.externaltools.gnu-tools-for-stm32.11.3.rel1.win32_1.1.100.202309141235/tools/bin/../lib/gcc/arm-none-eabi/11.3.1/../../../../arm-none-eabi/lib/thumb/v7e-m+fp/hard\libc_nano.a(libc_a-sbrkr.o)
 .ARM.attributes
                0x00000000000009db       0x1c D:/STM32/STM32CubeIDE_1.14.1/STM32CubeIDE/plugins/com.st.stm32cube.ide.mcu.externaltools.gnu-tools-for-stm32.11.3.rel1.win32_1.1.100.202309141235/tools/bin/../lib/gcc/arm-none-eabi/11.3.1/../../../../arm-none-eabi/lib/thumb/v7e-m+fp/hard\libc_nano.a(libc_a-memchr.o)
 .ARM.attributes
                0x00000000000009f7       0x34 D:/STM32/STM32CubeIDE_1.14.1/STM32CubeIDE/plugins/com.st.stm32cube.ide.mcu.externaltools.gnu-tools-for-stm32.11.3.rel1.win32_1.1.100.202309141235/tools/bin/../lib/gcc/arm-none-eabi/11.3.1/../../../../arm-none-eabi/lib/thumb/v7e-m+fp/hard\libc_nano.a(libc_a-memcpy-stub.o)
 .ARM.attributes
                0x0000000000000a2b       0x34 D:/STM32/STM32CubeIDE_1.14.1/STM32CubeIDE/plugins/com.st.stm32cube.ide.mcu.externaltools.gnu-tools-for-stm32.11.3.rel1.win32_1.1.100.202309141235/tools/bin/../lib/gcc/arm-none-eabi/11.3.1/../../../../arm-none-eabi/lib/thumb/v7e-m+fp/hard\libc_nano.a(libc_a-reallocr.o)
 .ARM.attributes
                0x0000000000000a5f       0x34 D:/STM32/STM32CubeIDE_1.14.1/STM32CubeIDE/plugins/com.st.stm32cube.ide.mcu.externaltools.gnu-tools-for-stm32.11.3.rel1.win32_1.1.100.202309141235/tools/bin/../lib/gcc/arm-none-eabi/11.3.1/../../../../arm-none-eabi/lib/thumb/v7e-m+fp/hard\libc_nano.a(libc_a-msizer.o)
 .ARM.attributes
                0x0000000000000a93       0x1e D:/STM32/STM32CubeIDE_1.14.1/STM32CubeIDE/plugins/com.st.stm32cube.ide.mcu.externaltools.gnu-tools-for-stm32.11.3.rel1.win32_1.1.100.202309141235/tools/bin/../lib/gcc/arm-none-eabi/11.3.1/thumb/v7e-m+fp/hard\libgcc.a(_arm_muldf3.o)
 .ARM.attributes
                0x0000000000000ab1       0x1e D:/STM32/STM32CubeIDE_1.14.1/STM32CubeIDE/plugins/com.st.stm32cube.ide.mcu.externaltools.gnu-tools-for-stm32.11.3.rel1.win32_1.1.100.202309141235/tools/bin/../lib/gcc/arm-none-eabi/11.3.1/thumb/v7e-m+fp/hard\libgcc.a(_arm_addsubdf3.o)
 .ARM.attributes
                0x0000000000000acf       0x1e D:/STM32/STM32CubeIDE_1.14.1/STM32CubeIDE/plugins/com.st.stm32cube.ide.mcu.externaltools.gnu-tools-for-stm32.11.3.rel1.win32_1.1.100.202309141235/tools/bin/../lib/gcc/arm-none-eabi/11.3.1/thumb/v7e-m+fp/hard\libgcc.a(_arm_truncdfsf2.o)
 .ARM.attributes
                0x0000000000000aed       0x1e D:/STM32/STM32CubeIDE_1.14.1/STM32CubeIDE/plugins/com.st.stm32cube.ide.mcu.externaltools.gnu-tools-for-stm32.11.3.rel1.win32_1.1.100.202309141235/tools/bin/../lib/gcc/arm-none-eabi/11.3.1/thumb/v7e-m+fp/hard/crtn.o
OUTPUT(DETAIGIUAKY.elf elf32-littlearm)
LOAD linker stubs
LOAD D:/STM32/STM32CubeIDE_1.14.1/STM32CubeIDE/plugins/com.st.stm32cube.ide.mcu.externaltools.gnu-tools-for-stm32.11.3.rel1.win32_1.1.100.202309141235/tools/bin/../lib/gcc/arm-none-eabi/11.3.1/../../../../arm-none-eabi/lib/thumb/v7e-m+fp/hard\libc.a
LOAD D:/STM32/STM32CubeIDE_1.14.1/STM32CubeIDE/plugins/com.st.stm32cube.ide.mcu.externaltools.gnu-tools-for-stm32.11.3.rel1.win32_1.1.100.202309141235/tools/bin/../lib/gcc/arm-none-eabi/11.3.1/../../../../arm-none-eabi/lib/thumb/v7e-m+fp/hard\libm.a
LOAD D:/STM32/STM32CubeIDE_1.14.1/STM32CubeIDE/plugins/com.st.stm32cube.ide.mcu.externaltools.gnu-tools-for-stm32.11.3.rel1.win32_1.1.100.202309141235/tools/bin/../lib/gcc/arm-none-eabi/11.3.1/thumb/v7e-m+fp/hard\libgcc.a

.comment        0x0000000000000000       0xbe
 .comment       0x0000000000000000       0x43 D:/STM32/STM32CubeIDE_1.14.1/STM32CubeIDE/plugins/com.st.stm32cube.ide.mcu.externaltools.gnu-tools-for-stm32.11.3.rel1.win32_1.1.100.202309141235/tools/bin/../lib/gcc/arm-none-eabi/11.3.1/thumb/v7e-m+fp/hard/crtbegin.o
                                         0x44 (size before relaxing)
 .comment       0x0000000000000043       0x44 ./Src/main.o
 .comment       0x0000000000000043       0x44 ./Src/sysmem.o
 .comment       0x0000000000000043       0x44 ./driver/share/Inc/driver/Kalman_filter/kalman_filter.o
 .comment       0x0000000000000043       0x44 ./driver/share/Src/stm32f401re_gpio.o
 .comment       0x0000000000000043       0x44 ./driver/share/Src/stm32f401re_rcc.o
 .comment       0x0000000000000043       0x7b D:\Thuc_hanh_co_so\DETAIGIUAKY\driver\libstm\libLibraries.a(system_stm32f4xx.o)
                                         0x7c (size before relaxing)
 .comment       0x00000000000000be       0x7c D:\Thuc_hanh_co_so\DETAIGIUAKY\driver\libstm\libLibraries.a(stm32f401re_adc.o)
 .comment       0x00000000000000be       0x7c D:\Thuc_hanh_co_so\DETAIGIUAKY\driver\libstm\libLibraries.a(stm32f401re_i2c.o)
 .comment       0x00000000000000be       0x7c D:\Thuc_hanh_co_so\DETAIGIUAKY\driver\libstm\libLibraries.a(timer.o)
 .comment       0x00000000000000be       0x7c D:\Thuc_hanh_co_so\DETAIGIUAKY\driver\libstm\libLibraries.a(temhumsensor.o)
 .comment       0x00000000000000be       0x7c D:\Thuc_hanh_co_so\DETAIGIUAKY\driver\libstm\libLibraries.a(serial.o)
 .comment       0x00000000000000be       0x7c D:\Thuc_hanh_co_so\DETAIGIUAKY\driver\libstm\libLibraries.a(Ucglib.o)
 .comment       0x00000000000000be       0x7c D:\Thuc_hanh_co_so\DETAIGIUAKY\driver\libstm\libLibraries.a(ucg_box.o)
 .comment       0x00000000000000be       0x7c D:\Thuc_hanh_co_so\DETAIGIUAKY\driver\libstm\libLibraries.a(ucg_ccs.o)
 .comment       0x00000000000000be       0x7c D:\Thuc_hanh_co_so\DETAIGIUAKY\driver\libstm\libLibraries.a(ucg_dev_default_cb.o)
 .comment       0x00000000000000be       0x7c D:\Thuc_hanh_co_so\DETAIGIUAKY\driver\libstm\libLibraries.a(ucg_dev_ic_st7735.o)
 .comment       0x00000000000000be       0x7c D:\Thuc_hanh_co_so\DETAIGIUAKY\driver\libstm\libLibraries.a(ucg_dev_msg_api.o)
 .comment       0x00000000000000be       0x7c D:\Thuc_hanh_co_so\DETAIGIUAKY\driver\libstm\libLibraries.a(ucg_dev_tft_128x128_st7735.o)
 .comment       0x00000000000000be       0x7c D:\Thuc_hanh_co_so\DETAIGIUAKY\driver\libstm\libLibraries.a(ucg_font.o)
 .comment       0x00000000000000be       0x7c D:\Thuc_hanh_co_so\DETAIGIUAKY\driver\libstm\libLibraries.a(ucg_init.o)
 .comment       0x00000000000000be       0x7c D:\Thuc_hanh_co_so\DETAIGIUAKY\driver\libstm\libLibraries.a(ucg_line.o)
 .comment       0x00000000000000be       0x7c D:\Thuc_hanh_co_so\DETAIGIUAKY\driver\libstm\libLibraries.a(ucg_pixel.o)
 .comment       0x00000000000000be       0x7c D:\Thuc_hanh_co_so\DETAIGIUAKY\driver\libstm\libLibraries.a(ucg_pixel_font_data.o)
 .comment       0x00000000000000be       0x7c D:\Thuc_hanh_co_so\DETAIGIUAKY\driver\libstm\libLibraries.a(ucg_rotate.o)
 .comment       0x00000000000000be       0x7c D:\Thuc_hanh_co_so\DETAIGIUAKY\driver\libstm\libLibraries.a(buff.o)
 .comment       0x00000000000000be       0x7c D:\Thuc_hanh_co_so\DETAIGIUAKY\driver\libstm\libLibraries.a(utilities.o)
 .comment       0x00000000000000be       0x7c D:\Thuc_hanh_co_so\DETAIGIUAKY\driver\libstm\libLibraries.a(stm32f401re_usart.o)
 .comment       0x00000000000000be       0x7c D:\Thuc_hanh_co_so\DETAIGIUAKY\driver\libstm\libLibraries.a(ucg_clip.o)
 .comment       0x00000000000000be       0x7c D:\Thuc_hanh_co_so\DETAIGIUAKY\driver\libstm\libLibraries.a(ucg_com_msg_api.o)

.debug_info     0x0000000000000000    0x38b5d
 .debug_info    0x0000000000000000     0x170d ./Src/main.o
 .debug_info    0x000000000000170d      0x168 ./Src/sysmem.o
 .debug_info    0x0000000000001875       0x23 ./Startup/startup_stm32f401retx.o
 .debug_info    0x0000000000001898      0x1e1 ./driver/share/Inc/driver/Kalman_filter/kalman_filter.o
 .debug_info    0x0000000000001a79      0x590 ./driver/share/Src/stm32f401re_gpio.o
 .debug_info    0x0000000000002009      0xce0 ./driver/share/Src/stm32f401re_rcc.o
 .debug_info    0x0000000000002ce9      0x5bb D:\Thuc_hanh_co_so\DETAIGIUAKY\driver\libstm\libLibraries.a(system_stm32f4xx.o)
 .debug_info    0x00000000000032a4      0xc5d D:\Thuc_hanh_co_so\DETAIGIUAKY\driver\libstm\libLibraries.a(stm32f401re_adc.o)
 .debug_info    0x0000000000003f01      0xb9e D:\Thuc_hanh_co_so\DETAIGIUAKY\driver\libstm\libLibraries.a(stm32f401re_i2c.o)
 .debug_info    0x0000000000004a9f      0x922 D:\Thuc_hanh_co_so\DETAIGIUAKY\driver\libstm\libLibraries.a(timer.o)
 .debug_info    0x00000000000053c1      0xafd D:\Thuc_hanh_co_so\DETAIGIUAKY\driver\libstm\libLibraries.a(temhumsensor.o)
 .debug_info    0x0000000000005ebe      0xb11 D:\Thuc_hanh_co_so\DETAIGIUAKY\driver\libstm\libLibraries.a(serial.o)
 .debug_info    0x00000000000069cf     0x333f D:\Thuc_hanh_co_so\DETAIGIUAKY\driver\libstm\libLibraries.a(Ucglib.o)
 .debug_info    0x0000000000009d0e     0x329d D:\Thuc_hanh_co_so\DETAIGIUAKY\driver\libstm\libLibraries.a(ucg_box.o)
 .debug_info    0x000000000000cfab     0x2b08 D:\Thuc_hanh_co_so\DETAIGIUAKY\driver\libstm\libLibraries.a(ucg_ccs.o)
 .debug_info    0x000000000000fab3     0x324b D:\Thuc_hanh_co_so\DETAIGIUAKY\driver\libstm\libLibraries.a(ucg_dev_default_cb.o)
 .debug_info    0x0000000000012cfe     0x3272 D:\Thuc_hanh_co_so\DETAIGIUAKY\driver\libstm\libLibraries.a(ucg_dev_ic_st7735.o)
 .debug_info    0x0000000000015f70     0x3178 D:\Thuc_hanh_co_so\DETAIGIUAKY\driver\libstm\libLibraries.a(ucg_dev_msg_api.o)
 .debug_info    0x00000000000190e8     0x303e D:\Thuc_hanh_co_so\DETAIGIUAKY\driver\libstm\libLibraries.a(ucg_dev_tft_128x128_st7735.o)
 .debug_info    0x000000000001c126     0x43ab D:\Thuc_hanh_co_so\DETAIGIUAKY\driver\libstm\libLibraries.a(ucg_font.o)
 .debug_info    0x00000000000204d1     0x3856 D:\Thuc_hanh_co_so\DETAIGIUAKY\driver\libstm\libLibraries.a(ucg_init.o)
 .debug_info    0x0000000000023d27     0x3222 D:\Thuc_hanh_co_so\DETAIGIUAKY\driver\libstm\libLibraries.a(ucg_line.o)
 .debug_info    0x0000000000026f49     0x3056 D:\Thuc_hanh_co_so\DETAIGIUAKY\driver\libstm\libLibraries.a(ucg_pixel.o)
 .debug_info    0x0000000000029f9f     0x43df D:\Thuc_hanh_co_so\DETAIGIUAKY\driver\libstm\libLibraries.a(ucg_pixel_font_data.o)
 .debug_info    0x000000000002e37e     0x3231 D:\Thuc_hanh_co_so\DETAIGIUAKY\driver\libstm\libLibraries.a(ucg_rotate.o)
 .debug_info    0x00000000000315af      0x339 D:\Thuc_hanh_co_so\DETAIGIUAKY\driver\libstm\libLibraries.a(buff.o)
 .debug_info    0x00000000000318e8      0x2bd D:\Thuc_hanh_co_so\DETAIGIUAKY\driver\libstm\libLibraries.a(utilities.o)
 .debug_info    0x0000000000031ba5      0x9d4 D:\Thuc_hanh_co_so\DETAIGIUAKY\driver\libstm\libLibraries.a(stm32f401re_usart.o)
 .debug_info    0x0000000000032579     0x315a D:\Thuc_hanh_co_so\DETAIGIUAKY\driver\libstm\libLibraries.a(ucg_clip.o)
 .debug_info    0x00000000000356d3     0x348a D:\Thuc_hanh_co_so\DETAIGIUAKY\driver\libstm\libLibraries.a(ucg_com_msg_api.o)

.debug_abbrev   0x0000000000000000     0x30c5
 .debug_abbrev  0x0000000000000000      0x3f3 ./Src/main.o
 .debug_abbrev  0x00000000000003f3       0xbc ./Src/sysmem.o
 .debug_abbrev  0x00000000000004af       0x12 ./Startup/startup_stm32f401retx.o
 .debug_abbrev  0x00000000000004c1       0xe4 ./driver/share/Inc/driver/Kalman_filter/kalman_filter.o
 .debug_abbrev  0x00000000000005a5      0x1af ./driver/share/Src/stm32f401re_gpio.o
 .debug_abbrev  0x0000000000000754      0x20d ./driver/share/Src/stm32f401re_rcc.o
 .debug_abbrev  0x0000000000000961      0x138 D:\Thuc_hanh_co_so\DETAIGIUAKY\driver\libstm\libLibraries.a(system_stm32f4xx.o)
 .debug_abbrev  0x0000000000000a99      0x194 D:\Thuc_hanh_co_so\DETAIGIUAKY\driver\libstm\libLibraries.a(stm32f401re_adc.o)
 .debug_abbrev  0x0000000000000c2d      0x196 D:\Thuc_hanh_co_so\DETAIGIUAKY\driver\libstm\libLibraries.a(stm32f401re_i2c.o)
 .debug_abbrev  0x0000000000000dc3      0x29a D:\Thuc_hanh_co_so\DETAIGIUAKY\driver\libstm\libLibraries.a(timer.o)
 .debug_abbrev  0x000000000000105d      0x24a D:\Thuc_hanh_co_so\DETAIGIUAKY\driver\libstm\libLibraries.a(temhumsensor.o)
 .debug_abbrev  0x00000000000012a7      0x2ba D:\Thuc_hanh_co_so\DETAIGIUAKY\driver\libstm\libLibraries.a(serial.o)
 .debug_abbrev  0x0000000000001561      0x202 D:\Thuc_hanh_co_so\DETAIGIUAKY\driver\libstm\libLibraries.a(Ucglib.o)
 .debug_abbrev  0x0000000000001763      0x18b D:\Thuc_hanh_co_so\DETAIGIUAKY\driver\libstm\libLibraries.a(ucg_box.o)
 .debug_abbrev  0x00000000000018ee       0xf5 D:\Thuc_hanh_co_so\DETAIGIUAKY\driver\libstm\libLibraries.a(ucg_ccs.o)
 .debug_abbrev  0x00000000000019e3      0x19e D:\Thuc_hanh_co_so\DETAIGIUAKY\driver\libstm\libLibraries.a(ucg_dev_default_cb.o)
 .debug_abbrev  0x0000000000001b81      0x1dc D:\Thuc_hanh_co_so\DETAIGIUAKY\driver\libstm\libLibraries.a(ucg_dev_ic_st7735.o)
 .debug_abbrev  0x0000000000001d5d      0x191 D:\Thuc_hanh_co_so\DETAIGIUAKY\driver\libstm\libLibraries.a(ucg_dev_msg_api.o)
 .debug_abbrev  0x0000000000001eee      0x14e D:\Thuc_hanh_co_so\DETAIGIUAKY\driver\libstm\libLibraries.a(ucg_dev_tft_128x128_st7735.o)
 .debug_abbrev  0x000000000000203c      0x2fc D:\Thuc_hanh_co_so\DETAIGIUAKY\driver\libstm\libLibraries.a(ucg_font.o)
 .debug_abbrev  0x0000000000002338      0x1c6 D:\Thuc_hanh_co_so\DETAIGIUAKY\driver\libstm\libLibraries.a(ucg_init.o)
 .debug_abbrev  0x00000000000024fe      0x175 D:\Thuc_hanh_co_so\DETAIGIUAKY\driver\libstm\libLibraries.a(ucg_line.o)
 .debug_abbrev  0x0000000000002673      0x148 D:\Thuc_hanh_co_so\DETAIGIUAKY\driver\libstm\libLibraries.a(ucg_pixel.o)
 .debug_abbrev  0x00000000000027bb       0x83 D:\Thuc_hanh_co_so\DETAIGIUAKY\driver\libstm\libLibraries.a(ucg_pixel_font_data.o)
 .debug_abbrev  0x000000000000283e      0x1a3 D:\Thuc_hanh_co_so\DETAIGIUAKY\driver\libstm\libLibraries.a(ucg_rotate.o)
 .debug_abbrev  0x00000000000029e1      0x12a D:\Thuc_hanh_co_so\DETAIGIUAKY\driver\libstm\libLibraries.a(buff.o)
 .debug_abbrev  0x0000000000002b0b       0xce D:\Thuc_hanh_co_so\DETAIGIUAKY\driver\libstm\libLibraries.a(utilities.o)
 .debug_abbrev  0x0000000000002bd9      0x187 D:\Thuc_hanh_co_so\DETAIGIUAKY\driver\libstm\libLibraries.a(stm32f401re_usart.o)
 .debug_abbrev  0x0000000000002d60      0x173 D:\Thuc_hanh_co_so\DETAIGIUAKY\driver\libstm\libLibraries.a(ucg_clip.o)
 .debug_abbrev  0x0000000000002ed3      0x1f2 D:\Thuc_hanh_co_so\DETAIGIUAKY\driver\libstm\libLibraries.a(ucg_com_msg_api.o)

.debug_aranges  0x0000000000000000      0xed0
 .debug_aranges
                0x0000000000000000       0xd0 ./Src/main.o
 .debug_aranges
                0x00000000000000d0       0x20 ./Src/sysmem.o
 .debug_aranges
                0x00000000000000f0       0x28 ./Startup/startup_stm32f401retx.o
 .debug_aranges
                0x0000000000000118       0x50 ./driver/share/Inc/driver/Kalman_filter/kalman_filter.o
 .debug_aranges
                0x0000000000000168       0x80 ./driver/share/Src/stm32f401re_gpio.o
 .debug_aranges
                0x00000000000001e8      0x198 ./driver/share/Src/stm32f401re_rcc.o
 .debug_aranges
                0x0000000000000380       0x30 D:\Thuc_hanh_co_so\DETAIGIUAKY\driver\libstm\libLibraries.a(system_stm32f4xx.o)
 .debug_aranges
                0x00000000000003b0      0x148 D:\Thuc_hanh_co_so\DETAIGIUAKY\driver\libstm\libLibraries.a(stm32f401re_adc.o)
 .debug_aranges
                0x00000000000004f8      0x130 D:\Thuc_hanh_co_so\DETAIGIUAKY\driver\libstm\libLibraries.a(stm32f401re_i2c.o)
 .debug_aranges
                0x0000000000000628       0x70 D:\Thuc_hanh_co_so\DETAIGIUAKY\driver\libstm\libLibraries.a(timer.o)
 .debug_aranges
                0x0000000000000698       0xe8 D:\Thuc_hanh_co_so\DETAIGIUAKY\driver\libstm\libLibraries.a(temhumsensor.o)
 .debug_aranges
                0x0000000000000780       0x80 D:\Thuc_hanh_co_so\DETAIGIUAKY\driver\libstm\libLibraries.a(serial.o)
 .debug_aranges
                0x0000000000000800       0x48 D:\Thuc_hanh_co_so\DETAIGIUAKY\driver\libstm\libLibraries.a(Ucglib.o)
 .debug_aranges
                0x0000000000000848       0x48 D:\Thuc_hanh_co_so\DETAIGIUAKY\driver\libstm\libLibraries.a(ucg_box.o)
 .debug_aranges
                0x0000000000000890       0x30 D:\Thuc_hanh_co_so\DETAIGIUAKY\driver\libstm\libLibraries.a(ucg_ccs.o)
 .debug_aranges
                0x00000000000008c0       0x48 D:\Thuc_hanh_co_so\DETAIGIUAKY\driver\libstm\libLibraries.a(ucg_dev_default_cb.o)
 .debug_aranges
                0x0000000000000908       0x40 D:\Thuc_hanh_co_so\DETAIGIUAKY\driver\libstm\libLibraries.a(ucg_dev_ic_st7735.o)
 .debug_aranges
                0x0000000000000948       0x60 D:\Thuc_hanh_co_so\DETAIGIUAKY\driver\libstm\libLibraries.a(ucg_dev_msg_api.o)
 .debug_aranges
                0x00000000000009a8       0x20 D:\Thuc_hanh_co_so\DETAIGIUAKY\driver\libstm\libLibraries.a(ucg_dev_tft_128x128_st7735.o)
 .debug_aranges
                0x00000000000009c8      0x168 D:\Thuc_hanh_co_so\DETAIGIUAKY\driver\libstm\libLibraries.a(ucg_font.o)
 .debug_aranges
                0x0000000000000b30       0x28 D:\Thuc_hanh_co_so\DETAIGIUAKY\driver\libstm\libLibraries.a(ucg_init.o)
 .debug_aranges
                0x0000000000000b58       0x48 D:\Thuc_hanh_co_so\DETAIGIUAKY\driver\libstm\libLibraries.a(ucg_line.o)
 .debug_aranges
                0x0000000000000ba0       0x28 D:\Thuc_hanh_co_so\DETAIGIUAKY\driver\libstm\libLibraries.a(ucg_pixel.o)
 .debug_aranges
                0x0000000000000bc8       0x18 D:\Thuc_hanh_co_so\DETAIGIUAKY\driver\libstm\libLibraries.a(ucg_pixel_font_data.o)
 .debug_aranges
                0x0000000000000be0       0x68 D:\Thuc_hanh_co_so\DETAIGIUAKY\driver\libstm\libLibraries.a(ucg_rotate.o)
 .debug_aranges
                0x0000000000000c48       0x50 D:\Thuc_hanh_co_so\DETAIGIUAKY\driver\libstm\libLibraries.a(buff.o)
 .debug_aranges