../Src/main.c:164:5:main	8	static
../Src/main.c:182:6:delay_ms	24	static
../Src/main.c:198:10:CalculatorTime	24	static
../Src/main.c:215:13:AppCommon	16	static
../Src/main.c:247:13:SPI1_Init	16	static
../Src/main.c:275:13:I2C_Init_temphumi	32	static
../Src/main.c:314:6:I2C_start	8	static
../Src/main.c:334:6:I2C_address_direction	16	static
../Src/main.c:357:6:I2C_transmit	16	static
../Src/main.c:373:6:I2C_stop	8	static
../Src/main.c:385:9:I2C_receive_nack	8	static
../Src/main.c:404:9:I2C_receive_ack	8	static
../Src/main.c:422:13:TemHumSensor_readRegister	40	static
../Src/main.c:469:10:GetTemp_Sensor	32	static
../Src/main.c:491:10:GetHumi_Sensor	32	static
../Src/main.c:515:6:processGetValueSensor	16	static
../Src/main.c:570:6:Scan_SensorLCD	16	static
../Src/main.c:587:6:Scan_TimeSensor	24	static
../Src/main.c:595:13:LightSensor_AdcInit	56	static
../Src/main.c:644:10:LightSensor_AdcPollingRead	16	static
../Src/main.c:660:13:AppInitCommon	16	static
../Src/main.c:674:10:Kanman_Light	16	static
../Src/main.c:680:13:ABL_Process	24	static
